Component: ARM Compiler 5.05 update 1 (build 106) Tool: armlink [4d0efa]

==============================================================================

Section Cross References

    command.o(i.Get_Command) refers to _printf_percent.o(.ARM.Collect$$_printf_percent$$00000000) for _printf_percent
    command.o(i.Get_Command) refers to _printf_d.o(.ARM.Collect$$_printf_percent$$00000009) for _printf_d
    command.o(i.Get_Command) refers to _printf_f.o(.ARM.Collect$$_printf_percent$$00000003) for _printf_f
    command.o(i.Get_Command) refers to _printf_dec.o(.text) for _printf_int_dec
    command.o(i.Get_Command) refers to printf1.o(x$fpl$printf1) for _printf_fp_dec
    command.o(i.Get_Command) refers to f2d.o(x$fpl$f2d) for __aeabi_f2d
    command.o(i.Get_Command) refers to __2printf.o(.text) for __2printf
    command.o(i.Get_Command) refers to dflt_clz.o(x$fpl$dfltu) for __aeabi_ui2d
    command.o(i.Get_Command) refers to dmul.o(x$fpl$dmul) for __aeabi_dmul
    command.o(i.Get_Command) refers to ddiv.o(x$fpl$ddiv) for __aeabi_ddiv
    command.o(i.Get_Command) refers to daddsub_clz.o(x$fpl$dsub) for __aeabi_dsub
    command.o(i.Get_Command) refers to drleqf.o(x$fpl$drleqf) for __aeabi_cdrcmple
    command.o(i.Get_Command) refers to rt_memclr_w.o(.text) for __aeabi_memclr4
    command.o(i.Get_Command) refers to atof.o(i.__hardfp_atof) for __hardfp_atof
    command.o(i.Get_Command) refers to d2f.o(x$fpl$d2f) for __aeabi_d2f
    command.o(i.Get_Command) refers to atoi.o(.text) for atoi
    command.o(i.Get_Command) refers to encoder.o(.data) for motor_circle_A
    command.o(i.Get_Command) refers to urf02.o(.data) for URF_DIST
    command.o(i.Get_Command) refers to main.o(.data) for yaw
    command.o(i.Get_Command) refers to adc.o(.data) for bat_vol
    command.o(i.Get_Command) refers to timer.o(.data) for VelocityA_tar
    command.o(i.Get_Command) refers to hs485hb.o(i.Set_HS485HB_Rotation) for Set_HS485HB_Rotation
    command.o(i.Get_Command) refers to delay.o(i.delay_ms) for delay_ms
    command.o(i.Get_Command) refers to inv_mpu.o(i.mpu_dmp_init) for mpu_dmp_init
    command.o(i.Get_Command) refers to rtc.o(i.RTC_Set_Date) for RTC_Set_Date
    command.o(i.Get_Command) refers to rtc.o(i.RTC_Set_Time) for RTC_Set_Time
    main.o(i.BOOT_UI) refers to oled.o(i.OLED_Clear) for OLED_Clear
    main.o(i.BOOT_UI) refers to beep.o(i.Beep_On) for Beep_On
    main.o(i.BOOT_UI) refers to oled.o(i.OLED_ShowPicture) for OLED_ShowPicture
    main.o(i.BOOT_UI) refers to delay.o(i.delay_ms) for delay_ms
    main.o(i.BOOT_UI) refers to beep.o(i.Beep_Off) for Beep_Off
    main.o(i.BOOT_UI) refers to oled.o(i.OLED_ShowChinese) for OLED_ShowChinese
    main.o(i.BOOT_UI) refers to oled.o(i.OLED_Refresh) for OLED_Refresh
    main.o(i.BOOT_UI) refers to main.o(.data) for BMP2
    main.o(i.main) refers to misc.o(i.NVIC_PriorityGroupConfig) for NVIC_PriorityGroupConfig
    main.o(i.main) refers to misc.o(i.SysTick_CLKSourceConfig) for SysTick_CLKSourceConfig
    main.o(i.main) refers to usart.o(i.uart_init) for uart_init
    main.o(i.main) refers to delay.o(i.delay_ms) for delay_ms
    main.o(i.main) refers to pwm.o(i.PWM_Init) for PWM_Init
    main.o(i.main) refers to urf02.o(i.URF_Init) for URF_Init
    main.o(i.main) refers to encoder.o(i.TIM4_Init) for TIM4_Init
    main.o(i.main) refers to encoder.o(i.TIM2_Init) for TIM2_Init
    main.o(i.main) refers to encoder.o(i.TIM8_Init) for TIM8_Init
    main.o(i.main) refers to control.o(i.Motor_Direction_Init) for Motor_Direction_Init
    main.o(i.main) refers to timer.o(i.TIM1_Init) for TIM1_Init
    main.o(i.main) refers to timer.o(i.TIM1_IRQ_Config) for TIM1_IRQ_Config
    main.o(i.main) refers to timer.o(i.TIM1_NVIC_Config) for TIM1_NVIC_Config
    main.o(i.main) refers to stop.o(i.ScramButton_init) for ScramButton_init
    main.o(i.main) refers to beep.o(i.Beep_Init) for Beep_Init
    main.o(i.main) refers to iwdg.o(i.IWDG_Init) for IWDG_Init
    main.o(i.main) refers to hs485hb.o(i.TIM9_PWM_Init) for TIM9_PWM_Init
    main.o(i.main) refers to oled.o(i.OLED_Init) for OLED_Init
    main.o(i.main) refers to adc.o(i.BAT_DMA_Init) for BAT_DMA_Init
    main.o(i.main) refers to tim_6_7.o(i.TIM_6_7_INIT) for TIM_6_7_INIT
    main.o(i.main) refers to rtc.o(i.My_RTC_Init) for My_RTC_Init
    main.o(i.main) refers to mpu9250.o(i.MPU_Init) for MPU_Init
    main.o(i.main) refers to inv_mpu.o(i.mpu_dmp_init) for mpu_dmp_init
    main.o(i.main) refers to __2printf.o(.text) for __2printf
    main.o(i.main) refers to main.o(i.BOOT_UI) for BOOT_UI
    main.o(i.main) refers to main.o(i.oled_ui) for oled_ui
    main.o(i.main) refers to command.o(i.Get_Command) for Get_Command
    main.o(i.main) refers to inv_mpu.o(i.mpu_mpl_get_data) for mpu_mpl_get_data
    main.o(i.main) refers to urf02.o(i.Read_URF) for Read_URF
    main.o(i.main) refers to adc.o(i.Get_DMA_distance) for Get_DMA_distance
    main.o(i.main) refers to usart.o(.data) for g_usart1_event
[...]
    VelocityA_Kd                             0x20002768   Data           4  timer.o(.data)
    pre_encoderA                             0x2000276c   Data           4  timer.o(.data)
    encoderA                                 0x20002770   Data           4  timer.o(.data)
    VelocityA                                0x20002774   Data           4  timer.o(.data)
    VelocityA_Er_pre                         0x20002778   Data           4  timer.o(.data)
    VelocityA_Er                             0x2000277c   Data           4  timer.o(.data)
    VelocityA_tar                            0x20002780   Data           4  timer.o(.data)
    VelocityA_cur                            0x20002784   Data           4  timer.o(.data)
    VelocityA_Int                            0x20002788   Data           4  timer.o(.data)
    Turn_DurationA                           0x2000278c   Data           4  timer.o(.data)
    VelocityB_Kp                             0x20002790   Data           4  timer.o(.data)
    VelocityB_Ki                             0x20002794   Data           4  timer.o(.data)
    VelocityB_Kd                             0x20002798   Data           4  timer.o(.data)
    pre_encoderB                             0x2000279c   Data           4  timer.o(.data)
    encoderB                                 0x200027a0   Data           4  timer.o(.data)
    VelocityB                                0x200027a4   Data           4  timer.o(.data)
    VelocityB_Er_pre                         0x200027a8   Data           4  timer.o(.data)
    VelocityB_Er                             0x200027ac   Data           4  timer.o(.data)
    VelocityB_tar                            0x200027b0   Data           4  timer.o(.data)
    VelocityB_cur                            0x200027b4   Data           4  timer.o(.data)
    VelocityB_Int                            0x200027b8   Data           4  timer.o(.data)
    Turn_DurationB                           0x200027bc   Data           4  timer.o(.data)
    VelocityC_Kp                             0x200027c0   Data           4  timer.o(.data)
    VelocityC_Ki                             0x200027c4   Data           4  timer.o(.data)
    VelocityC_Kd                             0x200027c8   Data           4  timer.o(.data)
    pre_encoderC                             0x200027cc   Data           4  timer.o(.data)
    encoderC                                 0x200027d0   Data           4  timer.o(.data)
    VelocityC                                0x200027d4   Data           4  timer.o(.data)
    VelocityC_Er_pre                         0x200027d8   Data           4  timer.o(.data)
    VelocityC_Er                             0x200027dc   Data           4  timer.o(.data)
    VelocityC_tar                            0x200027e0   Data           4  timer.o(.data)
    VelocityC_cur                            0x200027e4   Data           4  timer.o(.data)
    VelocityC_Int                            0x200027e8   Data           4  timer.o(.data)
    Turn_DurationC                           0x200027ec   Data           4  timer.o(.data)
    VelocityD_Kp                             0x200027f0   Data           4  timer.o(.data)
    VelocityD_Ki                             0x200027f4   Data           4  timer.o(.data)
    VelocityD_Kd                             0x200027f8   Data           4  timer.o(.data)
    pre_encoderD                             0x200027fc   Data           4  timer.o(.data)
    encoderD                                 0x20002800   Data           4  timer.o(.data)
    VelocityD                                0x20002804   Data           4  timer.o(.data)
    VelocityD_Er_pre                         0x20002808   Data           4  timer.o(.data)
    VelocityD_Er                             0x2000280c   Data           4  timer.o(.data)
    VelocityD_tar                            0x20002810   Data           4  timer.o(.data)
    VelocityD_cur                            0x20002814   Data           4  timer.o(.data)
    VelocityD_Int                            0x20002818   Data           4  timer.o(.data)
    Turn_DurationD                           0x2000281c   Data           4  timer.o(.data)
    counting                                 0x20002820   Data           2  urf02.o(.data)
    over_time                                0x20002822   Data           2  urf02.o(.data)
    URF_DIST                                 0x20002824   Data           8  urf02.o(.data)
    mpl_key                                  0x2000282c   Data           4  inv_mpu.o(.data)
    __stdout                                 0x20002890   Data           4  usart.o(.data)
    USART_RX_STA                             0x20002894   Data           2  usart.o(.data)
    g_usart1_event                           0x20002896   Data           1  usart.o(.data)
    tbuf                                     0x200028a8   Data          50  main.o(.bss)
    OLED_GRAM                                0x200028f8   Data        1152  oled.o(.bss)
    USART_RX_BUF                             0x200033c0   Data         200  usart.o(.bss)
    cb                                       0x20003488   Data         232  compass_vec_cal.o(.bss)
    cb_test                                  0x20003570   Data         232  compass_vec_cal.o(.bss)
    cb_sim                                   0x20003658   Data         232  compass_vec_cal.o(.bss)
    vc                                       0x20003740   Data         424  compass_vec_cal.o(.bss)
    fnm                                      0x200038e8   Data         608  fast_no_motion.o(.bss)
    s9axis                                   0x20003b88   Data         312  fusion_9axis.o(.bss)
    mag_disturb                              0x20003e84   Data         184  mag_disturb.o(.bss)
    __libspace_start                         0x20004460   Data          96  libspace.o(.bss)
    __temporary_stack_top$libspace           0x200044c0   Data           0  libspace.o(.bss)



==============================================================================

Memory Map of the image

  Image Entry point : 0x08000189

  Load Region LR_IROM1 (Base: 0x08000000, Size: 0x0001a0c8, Max: 0x00080000, ABSOLUTE, COMPRESSED[0x00017db0])

    Execution Region ER_IROM1 (Exec base: 0x08000000, Load base: 0x08000000, Size: 0x00017820, Max: 0x00080000, ABSOLUTE)

    Exec Addr    Load Addr    Size         Type   Attr      Idx    E Section Name        Object

    0x08000000   0x08000000   0x00000188   Data   RO         6342    RESET               startup_stm32f40_41xxx.o
    0x08000188   0x08000188   0x00000008   Code   RO         6776  * !!!main             c_w.l(__main.o)
    0x08000190   0x08000190   0x00000034   Code   RO         7454    !!!scatter          c_w.l(__scatter.o)
    0x080001c4   0x080001c4   0x0000005a   Code   RO         7452    !!dczerorl2         c_w.l(__dczerorl2.o)
    0x0800021e   0x0800021e   0x00000002   PAD
    0x08000220   0x08000220   0x0000001c   Code   RO         7456    !!handler_zi        c_w.l(__scatter_zi.o)
    0x0800023c   0x0800023c   0x00000000   Code   RO         6755    .ARM.Collect$$_printf_percent$$00000000  c_w.l(_printf_percent.o)
    0x0800023c   0x0800023c   0x00000006   Code   RO         7076    .ARM.Collect$$_printf_percent$$00000001  c_w.l(_printf_n.o)
    0x08000242   0x08000242   0x00000006   Code   RO         7077    .ARM.Collect$$_printf_percent$$00000002  c_w.l(_printf_p.o)
    0x08000248   0x08000248   0x00000006   Code   RO         6754    .ARM.Collect$$_printf_percent$$00000003  c_w.l(_printf_f.o)
    0x0800024e   0x0800024e   0x00000006   Code   RO         7081    .ARM.Collect$$_printf_percent$$00000004  c_w.l(_printf_e.o)
    0x08000254   0x08000254   0x00000006   Code   RO         7082    .ARM.Collect$$_printf_percent$$00000005  c_w.l(_printf_g.o)
    0x0800025a   0x0800025a   0x00000006   Code   RO         7083    .ARM.Collect$$_printf_percent$$00000006  c_w.l(_printf_a.o)
    0x08000260   0x08000260   0x0000000a   Code   RO         7088    .ARM.Collect$$_printf_percent$$00000007  c_w.l(_printf_ll.o)
    0x0800026a   0x0800026a   0x00000006   Code   RO         7079    .ARM.Collect$$_printf_percent$$00000008  c_w.l(_printf_i.o)
    0x08000270   0x08000270   0x00000006   Code   RO         6753    .ARM.Collect$$_printf_percent$$00000009  c_w.l(_printf_d.o)
    0x08000276   0x08000276   0x00000006   Code   RO         7080    .ARM.Collect$$_printf_percent$$0000000A  c_w.l(_printf_u.o)
    0x0800027c   0x0800027c   0x00000006   Code   RO         7078    .ARM.Collect$$_printf_percent$$0000000B  c_w.l(_printf_o.o)
    0x08000282   0x08000282   0x00000006   Code   RO         6752    .ARM.Collect$$_printf_percent$$0000000C  c_w.l(_printf_x.o)
    0x08000288   0x08000288   0x00000006   Code   RO         7085    .ARM.Collect$$_printf_percent$$0000000D  c_w.l(_printf_lli.o)
    0x0800028e   0x0800028e   0x00000006   Code   RO         7086    .ARM.Collect$$_printf_percent$$0000000E  c_w.l(_printf_lld.o)
    0x08000294   0x08000294   0x00000006   Code   RO         7087    .ARM.Collect$$_printf_percent$$0000000F  c_w.l(_printf_llu.o)
    0x0800029a   0x0800029a   0x00000006   Code   RO         7092    .ARM.Collect$$_printf_percent$$00000010  c_w.l(_printf_llo.o)
    0x080002a0   0x080002a0   0x00000006   Code   RO         7093    .ARM.Collect$$_printf_percent$$00000011  c_w.l(_printf_llx.o)
    0x080002a6   0x080002a6   0x0000000a   Code   RO         7089    .ARM.Collect$$_printf_percent$$00000012  c_w.l(_printf_l.o)
    0x080002b0   0x080002b0   0x00000006   Code   RO         7075    .ARM.Collect$$_printf_percent$$00000013  c_w.l(_printf_c.o)
    0x080002b6   0x080002b6   0x00000006   Code   RO         6751    .ARM.Collect$$_printf_percent$$00000014  c_w.l(_printf_s.o)
    0x080002bc   0x080002bc   0x00000006   Code   RO         7090    .ARM.Collect$$_printf_percent$$00000015  c_w.l(_printf_lc.o)
    0x080002c2   0x080002c2   0x00000006   Code   RO         7091    .ARM.Collect$$_printf_percent$$00000016  c_w.l(_printf_ls.o)
    0x080002c8   0x080002c8   0x00000004   Code   RO         7084    .ARM.Collect$$_printf_percent$$00000017  c_w.l(_printf_percent_end.o)
    0x080002cc   0x080002cc   0x00000002   Code   RO         7279    .ARM.Collect$$libinit$$00000000  c_w.l(libinit.o)
    0x080002ce   0x080002ce   0x00000004   Code   RO         7280    .ARM.Collect$$libinit$$00000001  c_w.l(libinit2.o)
    0x080002d2   0x080002d2   0x00000000   Code   RO         7283    .ARM.Collect$$libinit$$00000004  c_w.l(libinit2.o)
    0x080002d2   0x080002d2   0x00000000   Code   RO         7286    .ARM.Collect$$libinit$$0000000A  c_w.l(libinit2.o)
    0x080002d2   0x080002d2   0x00000000   Code   RO         7288    .ARM.Collect$$libinit$$0000000C  c_w.l(libinit2.o)
    0x080002d2   0x080002d2   0x00000000   Code   RO         7290    .ARM.Collect$$libinit$$0000000E  c_w.l(libinit2.o)
    0x080002d2   0x080002d2   0x00000006   Code   RO         7291    .ARM.Collect$$libinit$$0000000F  c_w.l(libinit2.o)
    0x080002d8   0x080002d8   0x00000000   Code   RO         7293    .ARM.Collect$$libinit$$00000011  c_w.l(libinit2.o)
    0x080002d8   0x080002d8   0x0000000c   Code   RO         7294    .ARM.Collect$$libinit$$00000012  c_w.l(libinit2.o)
    0x080002e4   0x080002e4   0x00000000   Code   RO         7295    .ARM.Collect$$libinit$$00000013  c_w.l(libinit2.o)
    0x080002e4   0x080002e4   0x00000000   Code   RO         7297    .ARM.Collect$$libinit$$00000015  c_w.l(libinit2.o)
    0x080002e4   0x080002e4   0x0000000a   Code   RO         7298    .ARM.Collect$$libinit$$00000016  c_w.l(libinit2.o)
    0x080002ee   0x080002ee   0x00000000   Code   RO         7299    .ARM.Collect$$libinit$$00000017  c_w.l(libinit2.o)
    0x080002ee   0x080002ee   0x00000000   Code   RO         7301    .ARM.Collect$$libinit$$00000019  c_w.l(libinit2.o)
    0x080002ee   0x080002ee   0x00000000   Code   RO         7303    .ARM.Collect$$libinit$$0000001B  c_w.l(libinit2.o)
    0x080002ee   0x080002ee   0x00000000   Code   RO         7305    .ARM.Collect$$libinit$$0000001D  c_w.l(libinit2.o)
    0x080002ee   0x080002ee   0x00000000   Code   RO         7307    .ARM.Collect$$libinit$$0000001F  c_w.l(libinit2.o)
    0x080002ee   0x080002ee   0x00000000   Code   RO         7309    .ARM.Collect$$libinit$$00000021  c_w.l(libinit2.o)
    0x080002ee   0x080002ee   0x00000000   Code   RO         7311    .ARM.Collect$$libinit$$00000023  c_w.l(libinit2.o)
    0x080002ee   0x080002ee   0x00000000   Code   RO         7313    .ARM.Collect$$libinit$$00000025  c_w.l(libinit2.o)
    0x080002ee   0x080002ee   0x00000000   Code   RO         7317    .ARM.Collect$$libinit$$0000002C  c_w.l(libinit2.o)
    0x080002ee   0x080002ee   0x00000000   Code   RO         7319    .ARM.Collect$$libinit$$0000002E  c_w.l(libinit2.o)
    0x080002ee   0x080002ee   0x00000000   Code   RO         7321    .ARM.Collect$$libinit$$00000030  c_w.l(libinit2.o)
    0x080002ee   0x080002ee   0x00000000   Code   RO         7323    .ARM.Collect$$libinit$$00000032  c_w.l(libinit2.o)
    0x080002ee   0x080002ee   0x00000002   Code   RO         7324    .ARM.Collect$$libinit$$00000033  c_w.l(libinit2.o)
    0x080002f0   0x080002f0   0x00000002   Code   RO         7397    .ARM.Collect$$libshutdown$$00000000  c_w.l(libshutdown.o)
    0x080002f2   0x080002f2   0x00000000   Code   RO         7423    .ARM.Collect$$libshutdown$$00000003  c_w.l(libshutdown2.o)
    0x080002f2   0x080002f2   0x00000000   Code   RO         7426    .ARM.Collect$$libshutdown$$00000006  c_w.l(libshutdown2.o)
    0x080002f2   0x080002f2   0x00000000   Code   RO         7429    .ARM.Collect$$libshutdown$$00000009  c_w.l(libshutdown2.o)
    0x080002f2   0x080002f2   0x00000000   Code   RO         7431    .ARM.Collect$$libshutdown$$0000000B  c_w.l(libshutdown2.o)
    0x080002f2   0x080002f2   0x00000000   Code   RO         7434    .ARM.Collect$$libshutdown$$0000000E  c_w.l(libshutdown2.o)
    0x080002f2   0x080002f2   0x00000002   Code   RO         7435    .ARM.Collect$$libshutdown$$0000000F  c_w.l(libshutdown2.o)
    0x080002f4   0x080002f4   0x00000000   Code   RO         7038    .ARM.Collect$$rtentry$$00000000  c_w.l(__rtentry.o)
    0x080002f4   0x080002f4   0x00000000   Code   RO         7177    .ARM.Collect$$rtentry$$00000002  c_w.l(__rtentry2.o)
    0x080002f4   0x080002f4   0x00000006   Code   RO         7189    .ARM.Collect$$rtentry$$00000004  c_w.l(__rtentry4.o)
    0x080002fa   0x080002fa   0x00000000   Code   RO         7179    .ARM.Collect$$rtentry$$00000009  c_w.l(__rtentry2.o)
    0x080002fa   0x080002fa   0x00000004   Code   RO         7180    .ARM.Collect$$rtentry$$0000000A  c_w.l(__rtentry2.o)
    0x080002fe   0x080002fe   0x00000000   Code   RO         7182    .ARM.Collect$$rtentry$$0000000C  c_w.l(__rtentry2.o)
    0x080002fe   0x080002fe   0x00000008   Code   RO         7183    .ARM.Collect$$rtentry$$0000000D  c_w.l(__rtentry2.o)
    0x08000306   0x08000306   0x00000002   Code   RO         7327    .ARM.Collect$$rtexit$$00000000  c_w.l(rtexit.o)
    0x08000308   0x08000308   0x00000000   Code   RO         7357    .ARM.Collect$$rtexit$$00000002  c_w.l(rtexit2.o)
    0x08000308   0x08000308   0x00000004   Code   RO         7358    .ARM.Collect$$rtexit$$00000003  c_w.l(rtexit2.o)
    0x0800030c   0x0800030c   0x00000006   Code   RO         7359    .ARM.Collect$$rtexit$$00000004  c_w.l(rtexit2.o)
    0x08000312   0x08000312   0x00000002   PAD
    0x08000314   0x08000314   0x00000040   Code   RO         6343    .text               startup_stm32f40_41xxx.o
    0x08000354   0x08000354   0x000024f0   Code   RO         6450    .text               libmpllib.lib(compass_vec_cal.o)
    0x08002844   0x08002844   0x00000a18   Code   RO         6540    .text               libmpllib.lib(fast_no_motion.o)
    0x0800325c   0x0800325c   0x000006b0   Code   RO         6573    .text               libmpllib.lib(fusion_9axis.o)
    0x0800390c   0x0800390c   0x000004c4   Code   RO         6595    .text               libmpllib.lib(gyro_tc.o)
    0x08003dd0   0x08003dd0   0x000005c0   Code   RO         6613    .text               libmpllib.lib(mag_disturb.o)
    0x08004390   0x08004390   0x00000994   Code   RO         6635    .text               libmpllib.lib(quaternion_supervisor.o)
    0x08004d24   0x08004d24   0x00000c44   Code   RO         6653    .text               libmpllib.lib(accel_auto_cal.o)
    0x08005968   0x08005968   0x00000002   Code   RO         6684    .text               c_w.l(use_no_semi_2.o)
    0x0800596a   0x0800596a   0x00000026   Code   RO         6686    .text               c_w.l(llshl.o)
    0x08005990   0x08005990   0x00000026   Code   RO         6688    .text               c_w.l(llsshr.o)
    0x080059b6   0x080059b6   0x00000048   Code   RO         6690    .text               c_w.l(llsdiv.o)
    0x080059fe   0x080059fe   0x00000002   PAD
    0x08005a00   0x08005a00   0x00000024   Code   RO         6692    .text               c_w.l(vsprintf.o)
    0x08005a24   0x08005a24   0x00000018   Code   RO         6694    .text               c_w.l(__2printf.o)
    0x08005a3c   0x08005a3c   0x0000002c   Code   RO         6696    .text               c_w.l(__2sprintf.o)
    0x08005a68   0x08005a68   0x0000004e   Code   RO         6704    .text               c_w.l(_printf_pad.o)
    0x08005ab6   0x08005ab6   0x00000052   Code   RO         6706    .text               c_w.l(_printf_str.o)
    0x08005b08   0x08005b08   0x00000078   Code   RO         6708    .text               c_w.l(_printf_dec.o)
    0x08005b80   0x08005b80   0x00000094   Code   RO         6728    .text               c_w.l(_printf_hex_int_ll_ptr.o)
    0x08005c14   0x08005c14   0x00000188   Code   RO         6748    .text               c_w.l(__printf_flags_ss_wp.o)
    0x08005d9c   0x08005d9c   0x0000001a   Code   RO         6756    .text               c_w.l(atoi.o)
    0x08005db6   0x08005db6   0x00000058   Code   RO         6758    .text               c_w.l(memcmp.o)
    0x08005e0e   0x08005e0e   0x00000048   Code   RO         6760    .text               c_w.l(strcpy.o)
    0x08005e56   0x08005e56   0x0000008a   Code   RO         6762    .text               c_w.l(rt_memcpy_v6.o)
    0x08005ee0   0x08005ee0   0x00000064   Code   RO         6764    .text               c_w.l(rt_memcpy_w.o)
    0x08005f44   0x08005f44   0x0000007a   Code   RO         6766    .text               c_w.l(rt_memmove_w.o)
    0x08005fbe   0x08005fbe   0x00000010   Code   RO         6768    .text               c_w.l(aeabi_memset.o)
    0x08005fce   0x08005fce   0x00000044   Code   RO         6770    .text               c_w.l(rt_memclr.o)
    0x08006012   0x08006012   0x0000004e   Code   RO         6772    .text               c_w.l(rt_memclr_w.o)
    0x08006060   0x08006060   0x00000006   Code   RO         6774    .text               c_w.l(heapauxi.o)
    0x08006066   0x08006066   0x00000002   Code   RO         7036    .text               c_w.l(use_no_semi.o)
    0x08006068   0x08006068   0x00000008   Code   RO         7042    .text               c_w.l(rt_errno_addr_intlibspace.o)
    0x08006070   0x08006070   0x000000ee   Code   RO         7044    .text               c_w.l(lludivv7m.o)
    0x0800615e   0x0800615e   0x00000016   Code   RO         7046    .text               c_w.l(_rserrno.o)
    0x08006174   0x08006174   0x00000024   Code   RO         7048    .text               c_w.l(_printf_truncate.o)
    0x08006198   0x08006198   0x000000b2   Code   RO         7050    .text               c_w.l(_printf_intcommon.o)
    0x0800624a   0x0800624a   0x00000028   Code   RO         7052    .text               c_w.l(_printf_charcount.o)
    0x08006272   0x08006272   0x0000041a   Code   RO         7054    .text               c_w.l(_printf_fp_dec.o)
    0x0800668c   0x0800668c   0x00000030   Code   RO         7056    .text               c_w.l(_printf_char_common.o)
    0x080066bc   0x080066bc   0x0000000a   Code   RO         7058    .text               c_w.l(_sputc.o)
    0x080066c6   0x080066c6   0x0000002c   Code   RO         7060    .text               c_w.l(_printf_char.o)
    0x080066f2   0x080066f2   0x00000002   PAD
    0x080066f4   0x080066f4   0x00000024   Code   RO         7062    .text               c_w.l(_printf_char_file.o)
    0x08006718   0x08006718   0x000000bc   Code   RO         7064    .text               c_w.l(_printf_wctomb.o)
    0x080067d4   0x080067d4   0x0000007c   Code   RO         7067    .text               c_w.l(_printf_longlong_dec.o)
    0x08006850   0x08006850   0x00000070   Code   RO         7073    .text               c_w.l(_printf_oct_int_ll.o)
    0x080068c0   0x080068c0   0x000000a0   Code   RO         7094    .text               c_w.l(strtod.o)
    0x08006960   0x08006960   0x00000070   Code   RO         7096    .text               c_w.l(strtol.o)
    0x080069d0   0x080069d0   0x00000008   Code   RO         7173    .text               c_w.l(libspace.o)
    0x080069d8   0x080069d8   0x00000010   Code   RO         7191    .text               c_w.l(rt_ctype_table.o)
    0x080069e8   0x080069e8   0x00000008   Code   RO         7200    .text               c_w.l(rt_locale_intlibspace.o)
    0x080069f0   0x080069f0   0x0000008a   Code   RO         7202    .text               c_w.l(lludiv10.o)
    0x08006a7a   0x08006a7a   0x00000012   Code   RO         7204    .text               c_w.l(isspace.o)
    0x08006a8c   0x08006a8c   0x000002fc   Code   RO         7206    .text               c_w.l(_printf_fp_hex.o)
    0x08006d88   0x08006d88   0x00000080   Code   RO         7209    .text               c_w.l(_printf_fp_infnan.o)
    0x08006e08   0x08006e08   0x0000002c   Code   RO         7213    .text               c_w.l(_printf_wchar.o)
    0x08006e34   0x08006e34   0x00000040   Code   RO         7215    .text               c_w.l(_sgetc.o)
    0x08006e74   0x08006e74   0x0000009e   Code   RO         7217    .text               c_w.l(_strtoul.o)
    0x08006f12   0x08006f12   0x00000002   PAD
    0x08006f14   0x08006f14   0x000000dc   Code   RO         7219    .text               c_w.l(bigflt0.o)
    0x08006ff0   0x08006ff0   0x00000008   Code   RO         7244    .text               c_w.l(ferror.o)
    0x08006ff8   0x08006ff8   0x00000040   Code   RO         7248    .text               c_w.l(_wcrtomb.o)
    0x08007038   0x08007038   0x0000004a   Code   RO         7259    .text               c_w.l(sys_stackheap_outer.o)
    0x08007082   0x08007082   0x0000001c   Code   RO         7263    .text               c_w.l(_chval.o)
    0x0800709e   0x0800709e   0x00000002   PAD
    0x080070a0   0x080070a0   0x000004a4   Code   RO         7265    .text               c_w.l(scanf_fp.o)
    0x08007544   0x08007544   0x0000000c   Code   RO         7270    .text               c_w.l(exit.o)
    0x08007550   0x08007550   0x00000080   Code   RO         7272    .text               c_w.l(strcmpv7m.o)
    0x080075d0   0x080075d0   0x00000318   Code   RO         7365    .text               c_w.l(scanf_hexfp.o)
    0x080078e8   0x080078e8   0x00000134   Code   RO         7367    .text               c_w.l(scanf_infnan.o)
    0x08007a1c   0x08007a1c   0x0000003e   Code   RO         7222    CL$$btod_d2e        c_w.l(btod.o)
    0x08007a5a   0x08007a5a   0x00000046   Code   RO         7224    CL$$btod_d2e_denorm_low  c_w.l(btod.o)
    0x08007aa0   0x08007aa0   0x00000060   Code   RO         7223    CL$$btod_d2e_norm_op1  c_w.l(btod.o)
    0x08007b00   0x08007b00   0x00000338   Code   RO         7232    CL$$btod_div_common  c_w.l(btod.o)
    0x08007e38   0x08007e38   0x00000054   Code   RO         7230    CL$$btod_e2d        c_w.l(btod.o)
    0x08007e8c   0x08007e8c   0x000000c6   Code   RO         7229    CL$$btod_e2e        c_w.l(btod.o)
    0x08007f52   0x08007f52   0x00000028   Code   RO         7226    CL$$btod_ediv       c_w.l(btod.o)
    0x08007f7a   0x08007f7a   0x00000028   Code   RO         7228    CL$$btod_edivd      c_w.l(btod.o)
    0x08007fa2   0x08007fa2   0x00000028   Code   RO         7225    CL$$btod_emul       c_w.l(btod.o)
    0x08007fca   0x08007fca   0x00000028   Code   RO         7227    CL$$btod_emuld      c_w.l(btod.o)
    0x08007ff2   0x08007ff2   0x00000244   Code   RO         7231    CL$$btod_mult_common  c_w.l(btod.o)
    0x08008236   0x08008236   0x00000016   Code   RO         3735    i.ADC_Cmd           stm32f4xx_adc.o
    0x0800824c   0x0800824c   0x00000030   Code   RO         3736    i.ADC_CommonInit    stm32f4xx_adc.o
    0x0800827c   0x0800827c   0x00000016   Code   RO         3739    i.ADC_DMACmd        stm32f4xx_adc.o
    0x08008292   0x08008292   0x00000016   Code   RO         3740    i.ADC_DMARequestAfterLastTransferCmd  stm32f4xx_adc.o
    0x080082a8   0x080082a8   0x00000054   Code   RO         3755    i.ADC_Init          stm32f4xx_adc.o
    0x080082fc   0x080082fc   0x000000b8   Code   RO         3760    i.ADC_RegularChannelConfig  stm32f4xx_adc.o
    0x080083b4   0x080083b4   0x0000000a   Code   RO         3762    i.ADC_SoftwareStartConv  stm32f4xx_adc.o
    0x080083be   0x080083be   0x00000002   PAD
    0x080083c0   0x080083c0   0x000000c4   Code   RO          508    i.BAT_ADC_Init      adc.o
    0x08008484   0x08008484   0x00000078   Code   RO          509    i.BAT_DMA_Init      adc.o
    0x080084fc   0x080084fc   0x00000164   Code   RO          186    i.BOOT_UI           main.o
    0x08008660   0x08008660   0x000000ac   Code   RO          606    i.Beep_Init         beep.o
    0x0800870c   0x0800870c   0x00000010   Code   RO          607    i.Beep_Off          beep.o
    0x0800871c   0x0800871c   0x00000010   Code   RO          608    i.Beep_On           beep.o
    0x0800872c   0x0800872c   0x00000004   Code   RO          298    i.BusFault_Handler  stm32f4xx_it.o
    0x08008730   0x08008730   0x00000016   Code   RO         5740    i.DMA_Cmd           stm32f4xx_dma.o
    0x08008746   0x08008746   0x00000014   Code   RO         5745    i.DMA_GetCmdStatus  stm32f4xx_dma.o
    0x0800875a   0x0800875a   0x00000002   PAD
    0x0800875c   0x0800875c   0x00000058   Code   RO         5752    i.DMA_Init          stm32f4xx_dma.o
    0x080087b4   0x080087b4   0x00000002   Code   RO          299    i.DebugMon_Handler  stm32f4xx_it.o
    0x080087b6   0x080087b6   0x00000002   PAD
    0x080087b8   0x080087b8   0x00000178   Code   RO         1373    i.EXTI15_10_IRQHandler  urf02.o
    0x08008930   0x08008930   0x0000000c   Code   RO         3972    i.EXTI_ClearITPendingBit  stm32f4xx_exti.o
    0x0800893c   0x0800893c   0x00000018   Code   RO         3976    i.EXTI_GetITStatus  stm32f4xx_exti.o
    0x08008954   0x08008954   0x00000094   Code   RO         3977    i.EXTI_Init         stm32f4xx_exti.o
    0x080089e8   0x080089e8   0x00000090   Code   RO         4165    i.GPIO_Init         stm32f4xx_gpio.o
    0x08008a78   0x08008a78   0x00000046   Code   RO         4166    i.GPIO_PinAFConfig  stm32f4xx_gpio.o
    0x08008abe   0x08008abe   0x00000012   Code   RO         4169    i.GPIO_ReadInputDataBit  stm32f4xx_gpio.o
    0x08008ad0   0x08008ad0   0x00000004   Code   RO         4172    i.GPIO_ResetBits    stm32f4xx_gpio.o
    0x08008ad4   0x08008ad4   0x000000de   Code   RO         6403    i.GPIO_Set          sys.o
    0x08008bb2   0x08008bb2   0x00000004   Code   RO         4173    i.GPIO_SetBits      stm32f4xx_gpio.o
    0x08008bb6   0x08008bb6   0x00000002   PAD
    0x08008bb8   0x08008bb8   0x00000ba4   Code   RO            3    i.Get_Command       command.o
    0x0800975c   0x0800975c   0x00000090   Code   RO          512    i.Get_DMA_distance  adc.o
    0x080097ec   0x080097ec   0x00000004   Code   RO          300    i.HardFault_Handler  stm32f4xx_it.o
    0x080097f0   0x080097f0   0x00000050   Code   RO          965    i.IIC_Ack           myiic.o
    0x08009840   0x08009840   0x00000044   Code   RO          966    i.IIC_Init          myiic.o
    0x08009884   0x08009884   0x00000050   Code   RO          967    i.IIC_NAck          myiic.o
    0x080098d4   0x080098d4   0x0000006c   Code   RO          968    i.IIC_Read_Byte     myiic.o
    0x08009940   0x08009940   0x00000068   Code   RO          969    i.IIC_Send_Byte     myiic.o
    0x080099a8   0x080099a8   0x0000004c   Code   RO          970    i.IIC_Start         myiic.o
    0x080099f4   0x080099f4   0x0000004c   Code   RO          971    i.IIC_Stop          myiic.o
    0x08009a40   0x08009a40   0x00000060   Code   RO          972    i.IIC_Wait_Ack      myiic.o
    0x08009aa0   0x08009aa0   0x00000010   Code   RO         4486    i.IWDG_Enable       stm32f4xx_iwdg.o
    0x08009ab0   0x08009ab0   0x00000008   Code   RO          936    i.IWDG_Feed         iwdg.o
    0x08009ab8   0x08009ab8   0x00000024   Code   RO          937    i.IWDG_Init         iwdg.o
    0x08009adc   0x08009adc   0x00000010   Code   RO         4488    i.IWDG_ReloadCounter  stm32f4xx_iwdg.o
    0x08009aec   0x08009aec   0x0000000c   Code   RO         4489    i.IWDG_SetPrescaler  stm32f4xx_iwdg.o
    0x08009af8   0x08009af8   0x0000000c   Code   RO         4490    i.IWDG_SetReload    stm32f4xx_iwdg.o
    0x08009b04   0x08009b04   0x0000000c   Code   RO         4491    i.IWDG_WriteAccessCmd  stm32f4xx_iwdg.o
    0x08009b10   0x08009b10   0x000000c0   Code   RO         1034    i.MPU_Init          mpu9250.o
    0x08009bd0   0x08009bd0   0x00000048   Code   RO         1035    i.MPU_Read_Byte     mpu9250.o
    0x08009c18   0x08009c18   0x00000074   Code   RO         1036    i.MPU_Read_Len      mpu9250.o
    0x08009c8c   0x08009c8c   0x00000012   Code   RO         1037    i.MPU_Set_Accel_Fsr  mpu9250.o
    0x08009c9e   0x08009c9e   0x00000016   Code   RO         1038    i.MPU_Set_Gyro_Fsr  mpu9250.o
    0x08009cb4   0x08009cb4   0x0000003c   Code   RO         1039    i.MPU_Set_LPF       mpu9250.o
    0x08009cf0   0x08009cf0   0x0000003c   Code   RO         1040    i.MPU_Set_Rate      mpu9250.o
    0x08009d2c   0x08009d2c   0x0000004c   Code   RO         1041    i.MPU_Write_Byte    mpu9250.o
    0x08009d78   0x08009d78   0x00000060   Code   RO         1042    i.MPU_Write_Len     mpu9250.o
    0x08009dd8   0x08009dd8   0x00000004   Code   RO          301    i.MemManage_Handler  stm32f4xx_it.o
    0x08009ddc   0x08009ddc   0x000000ec   Code   RO          745    i.Motor_Direction_Init  control.o
    0x08009ec8   0x08009ec8   0x00000044   Code   RO         1261    i.MySPI_Init        spi.o
    0x08009f0c   0x08009f0c   0x0000005e   Code   RO         1505    i.My_RTC_Init       rtc.o
    0x08009f6a   0x08009f6a   0x00000002   Code   RO          302    i.NMI_Handler       stm32f4xx_it.o
    0x08009f6c   0x08009f6c   0x00000078   Code   RO         3685    i.NVIC_Init         misc.o
    0x08009fe4   0x08009fe4   0x00000014   Code   RO         3686    i.NVIC_PriorityGroupConfig  misc.o
    0x08009ff8   0x08009ff8   0x00000030   Code   RO         1125    i.OLED_Clear        oled.o
    0x0800a028   0x0800a028   0x0000003c   Code   RO         1132    i.OLED_DrawPoint    oled.o
    0x0800a064   0x0800a064   0x00000110   Code   RO         1133    i.OLED_Init         oled.o
    0x0800a174   0x0800a174   0x0000004c   Code   RO         1135    i.OLED_Refresh      oled.o
    0x0800a1c0   0x0800a1c0   0x000000f4   Code   RO         1137    i.OLED_ShowChar     oled.o
    0x0800a2b4   0x0800a2b4   0x00000100   Code   RO         1138    i.OLED_ShowChinese  oled.o
    0x0800a3b4   0x0800a3b4   0x00000062   Code   RO         1140    i.OLED_ShowPicture  oled.o
    0x0800a416   0x0800a416   0x00000042   Code   RO         1141    i.OLED_ShowString   oled.o
    0x0800a458   0x0800a458   0x0000002e   Code   RO         1142    i.OLED_WR_BP        oled.o
    0x0800a486   0x0800a486   0x00000002   PAD
    0x0800a488   0x0800a488   0x00000074   Code   RO         1262    i.OLED_WR_Byte      spi.o
    0x0800a4fc   0x0800a4fc   0x0000015c   Code   RO         1287    i.PWM_Init          pwm.o
    0x0800a658   0x0800a658   0x0000000c   Code   RO         6220    i.PWR_BackupAccessCmd  stm32f4xx_pwr.o
    0x0800a664   0x0800a664   0x00000002   Code   RO          303    i.PendSV_Handler    stm32f4xx_it.o
    0x0800a666   0x0800a666   0x00000002   PAD
    0x0800a668   0x0800a668   0x00000020   Code   RO         4536    i.RCC_AHB1PeriphClockCmd  stm32f4xx_rcc.o
    0x0800a688   0x0800a688   0x00000020   Code   RO         4545    i.RCC_APB1PeriphClockCmd  stm32f4xx_rcc.o
    0x0800a6a8   0x0800a6a8   0x00000020   Code   RO         4548    i.RCC_APB2PeriphClockCmd  stm32f4xx_rcc.o
    0x0800a6c8   0x0800a6c8   0x000000e8   Code   RO         4557    i.RCC_GetClocksFreq  stm32f4xx_rcc.o
    0x0800a7b0   0x0800a7b0   0x00000040   Code   RO         4558    i.RCC_GetFlagStatus  stm32f4xx_rcc.o
    0x0800a7f0   0x0800a7f0   0x0000000c   Code   RO         4568    i.RCC_LSICmd        stm32f4xx_rcc.o
    0x0800a7fc   0x0800a7fc   0x0000000c   Code   RO         4580    i.RCC_RTCCLKCmd     stm32f4xx_rcc.o
    0x0800a808   0x0800a808   0x0000003c   Code   RO         4581    i.RCC_RTCCLKConfig  stm32f4xx_rcc.o
    0x0800a844   0x0800a844   0x0000001e   Code   RO         1506    i.RTC_Alarm_IRQHandler  rtc.o
    0x0800a862   0x0800a862   0x00000016   Code   RO         5869    i.RTC_Bcd2ToByte    stm32f4xx_rtc.o
    0x0800a878   0x0800a878   0x0000001c   Code   RO         5871    i.RTC_ByteToBcd2    stm32f4xx_rtc.o
    0x0800a894   0x0800a894   0x0000001c   Code   RO         5874    i.RTC_ClearFlag     stm32f4xx_rtc.o
    0x0800a8b0   0x0800a8b0   0x00000050   Code   RO         5881    i.RTC_EnterInitMode  stm32f4xx_rtc.o
    0x0800a900   0x0800a900   0x00000014   Code   RO         5882    i.RTC_ExitInitMode  stm32f4xx_rtc.o
    0x0800a914   0x0800a914   0x0000004c   Code   RO         5885    i.RTC_GetDate       stm32f4xx_rtc.o
    0x0800a960   0x0800a960   0x00000028   Code   RO         5886    i.RTC_GetFlagStatus  stm32f4xx_rtc.o
    0x0800a988   0x0800a988   0x00000050   Code   RO         5890    i.RTC_GetTime       stm32f4xx_rtc.o
    0x0800a9d8   0x0800a9d8   0x00000064   Code   RO         5895    i.RTC_Init          stm32f4xx_rtc.o
    0x0800aa3c   0x0800aa3c   0x000000c8   Code   RO         5901    i.RTC_SetDate       stm32f4xx_rtc.o
    0x0800ab04   0x0800ab04   0x000000d0   Code   RO         5902    i.RTC_SetTime       stm32f4xx_rtc.o
    0x0800abd4   0x0800abd4   0x00000024   Code   RO         1508    i.RTC_Set_Date      rtc.o
    0x0800abf8   0x0800abf8   0x00000024   Code   RO         1509    i.RTC_Set_Time      rtc.o
    0x0800ac1c   0x0800ac1c   0x0000001e   Code   RO         1511    i.RTC_WKUP_IRQHandler  rtc.o
    0x0800ac3a   0x0800ac3a   0x00000002   PAD
    0x0800ac3c   0x0800ac3c   0x00000060   Code   RO         5918    i.RTC_WaitForSynchro  stm32f4xx_rtc.o
    0x0800ac9c   0x0800ac9c   0x00000080   Code   RO         1374    i.Read_URF          urf02.o
    0x0800ad1c   0x0800ad1c   0x00000002   Code   RO          304    i.SVC_Handler       stm32f4xx_it.o
    0x0800ad1e   0x0800ad1e   0x00000002   PAD
    0x0800ad20   0x0800ad20   0x00000040   Code   RO         4873    i.SYSCFG_EXTILineConfig  stm32f4xx_syscfg.o
    0x0800ad60   0x0800ad60   0x00000084   Code   RO         1482    i.ScramButton_init  stop.o
    0x0800ade4   0x0800ade4   0x000000ec   Code   RO          470    i.SetSysClock       system_stm32f4xx.o
    0x0800aed0   0x0800aed0   0x00000068   Code   RO          907    i.Set_HS485HB_Rotation  hs485hb.o
    0x0800af38   0x0800af38   0x0000014c   Code   RO          746    i.Set_Pwm           control.o
    0x0800b084   0x0800b084   0x00000028   Code   RO         3689    i.SysTick_CLKSourceConfig  misc.o
    0x0800b0ac   0x0800b0ac   0x00000002   Code   RO          305    i.SysTick_Handler   stm32f4xx_it.o
    0x0800b0ae   0x0800b0ae   0x00000002   PAD
    0x0800b0b0   0x0800b0b0   0x00000068   Code   RO          472    i.SystemInit        system_stm32f4xx.o
    0x0800b118   0x0800b118   0x0000003a   Code   RO         4926    i.TI1_Config        stm32f4xx_tim.o
    0x0800b152   0x0800b152   0x00000050   Code   RO         4927    i.TI2_Config        stm32f4xx_tim.o
    0x0800b1a2   0x0800b1a2   0x00000048   Code   RO         4928    i.TI3_Config        stm32f4xx_tim.o
    0x0800b1ea   0x0800b1ea   0x00000050   Code   RO         4929    i.TI4_Config        stm32f4xx_tim.o
    0x0800b23a   0x0800b23a   0x00000002   PAD
    0x0800b23c   0x0800b23c   0x00000014   Code   RO         1375    i.TIM12_IRQ_Config  urf02.o
    0x0800b250   0x0800b250   0x00000054   Code   RO         1376    i.TIM12_Init        urf02.o
    0x0800b2a4   0x0800b2a4   0x00000022   Code   RO         1377    i.TIM12_NVIC_Config  urf02.o
    0x0800b2c6   0x0800b2c6   0x00000002   PAD
    0x0800b2c8   0x0800b2c8   0x00000014   Code   RO         1378    i.TIM13_IRQ_Config  urf02.o
    0x0800b2dc   0x0800b2dc   0x00000054   Code   RO         1379    i.TIM13_Init        urf02.o
    0x0800b330   0x0800b330   0x00000022   Code   RO         1380    i.TIM13_NVIC_Config  urf02.o
    0x0800b352   0x0800b352   0x00000002   PAD
    0x0800b354   0x0800b354   0x00000014   Code   RO         1307    i.TIM1_IRQ_Config   timer.o
    0x0800b368   0x0800b368   0x0000004c   Code   RO         1308    i.TIM1_Init         timer.o
    0x0800b3b4   0x0800b3b4   0x00000020   Code   RO         1309    i.TIM1_NVIC_Config  timer.o
    0x0800b3d4   0x0800b3d4   0x00000850   Code   RO         1310    i.TIM1_UP_TIM10_IRQHandler  timer.o
    0x0800bc24   0x0800bc24   0x00000048   Code   RO          783    i.TIM2_IRQHandler   encoder.o
    0x0800bc6c   0x0800bc6c   0x0000000e   Code   RO          784    i.TIM2_IRQ_Config   encoder.o
    0x0800bc7a   0x0800bc7a   0x00000002   PAD
    0x0800bc7c   0x0800bc7c   0x000000f4   Code   RO          785    i.TIM2_Init         encoder.o
    0x0800bd70   0x0800bd70   0x00000020   Code   RO          786    i.TIM2_NVIC_Config  encoder.o
    0x0800bd90   0x0800bd90   0x00000048   Code   RO          787    i.TIM4_IRQHandler   encoder.o
    0x0800bdd8   0x0800bdd8   0x00000014   Code   RO          788    i.TIM4_IRQ_Config   encoder.o
    0x0800bdec   0x0800bdec   0x000000c0   Code   RO          789    i.TIM4_Init         encoder.o
    0x0800beac   0x0800beac   0x00000020   Code   RO          790    i.TIM4_NVIC_Config  encoder.o
    0x0800becc   0x0800becc   0x00000048   Code   RO          791    i.TIM5_IRQHandler   encoder.o
    0x0800bf14   0x0800bf14   0x00000024   Code   RO         1568    i.TIM6_DAC_IRQHandler  tim_6_7.o
    0x0800bf38   0x0800bf38   0x00000024   Code   RO         1569    i.TIM7_IRQHandler   tim_6_7.o
    0x0800bf5c   0x0800bf5c   0x00000024   Code   RO         1381    i.TIM8_BRK_TIM12_IRQHandler  urf02.o
    0x0800bf80   0x0800bf80   0x00000014   Code   RO          795    i.TIM8_IRQ_Config   encoder.o
    0x0800bf94   0x0800bf94   0x000000c8   Code   RO          796    i.TIM8_Init         encoder.o
    0x0800c05c   0x0800c05c   0x00000020   Code   RO          797    i.TIM8_NVIC_Config  encoder.o
    0x0800c07c   0x0800c07c   0x00000068   Code   RO          798    i.TIM8_UP_TIM13_IRQHandler  encoder.o
    0x0800c0e4   0x0800c0e4   0x000000a4   Code   RO          908    i.TIM9_PWM_Init     hs485hb.o
    0x0800c188   0x0800c188   0x000000d8   Code   RO         1570    i.TIM_6_7_INIT      tim_6_7.o
    0x0800c260   0x0800c260   0x00000018   Code   RO         4930    i.TIM_ARRPreloadConfig  stm32f4xx_tim.o
    0x0800c278   0x0800c278   0x00000006   Code   RO         4936    i.TIM_ClearFlag     stm32f4xx_tim.o
    0x0800c27e   0x0800c27e   0x00000006   Code   RO         4937    i.TIM_ClearITPendingBit  stm32f4xx_tim.o
    0x0800c284   0x0800c284   0x00000018   Code   RO         4942    i.TIM_Cmd           stm32f4xx_tim.o
    0x0800c29c   0x0800c29c   0x00000042   Code   RO         4951    i.TIM_EncoderInterfaceConfig  stm32f4xx_tim.o
    0x0800c2de   0x0800c2de   0x00000006   Code   RO         4961    i.TIM_GetCounter    stm32f4xx_tim.o
    0x0800c2e4   0x0800c2e4   0x00000022   Code   RO         4963    i.TIM_GetITStatus   stm32f4xx_tim.o
    0x0800c306   0x0800c306   0x0000006e   Code   RO         4965    i.TIM_ICInit        stm32f4xx_tim.o
    0x0800c374   0x0800c374   0x00000012   Code   RO         4967    i.TIM_ITConfig      stm32f4xx_tim.o
    0x0800c386   0x0800c386   0x00000002   PAD
    0x0800c388   0x0800c388   0x0000007c   Code   RO         4971    i.TIM_OC1Init       stm32f4xx_tim.o
    0x0800c404   0x0800c404   0x00000012   Code   RO         4974    i.TIM_OC1PreloadConfig  stm32f4xx_tim.o
    0x0800c416   0x0800c416   0x00000002   PAD
    0x0800c418   0x0800c418   0x000000a4   Code   RO         4976    i.TIM_OC2Init       stm32f4xx_tim.o
    0x0800c4bc   0x0800c4bc   0x0000001a   Code   RO         4979    i.TIM_OC2PreloadConfig  stm32f4xx_tim.o
    0x0800c4d6   0x0800c4d6   0x00000002   PAD
    0x0800c4d8   0x0800c4d8   0x000000a0   Code   RO         4981    i.TIM_OC3Init       stm32f4xx_tim.o
    0x0800c578   0x0800c578   0x00000012   Code   RO         4984    i.TIM_OC3PreloadConfig  stm32f4xx_tim.o
    0x0800c58a   0x0800c58a   0x00000002   PAD
    0x0800c58c   0x0800c58c   0x00000078   Code   RO         4986    i.TIM_OC4Init       stm32f4xx_tim.o
    0x0800c604   0x0800c604   0x0000001a   Code   RO         4988    i.TIM_OC4PreloadConfig  stm32f4xx_tim.o
    0x0800c61e   0x0800c61e   0x00000004   Code   RO         5008    i.TIM_SetCounter    stm32f4xx_tim.o
    0x0800c622   0x0800c622   0x00000012   Code   RO         5009    i.TIM_SetIC1Prescaler  stm32f4xx_tim.o
    0x0800c634   0x0800c634   0x0000001a   Code   RO         5010    i.TIM_SetIC2Prescaler  stm32f4xx_tim.o
    0x0800c64e   0x0800c64e   0x00000012   Code   RO         5011    i.TIM_SetIC3Prescaler  stm32f4xx_tim.o
    0x0800c660   0x0800c660   0x0000001a   Code   RO         5012    i.TIM_SetIC4Prescaler  stm32f4xx_tim.o
    0x0800c67a   0x0800c67a   0x00000002   PAD
    0x0800c67c   0x0800c67c   0x00000084   Code   RO         5014    i.TIM_TimeBaseInit  stm32f4xx_tim.o
    0x0800c700   0x0800c700   0x000000d4   Code   RO         1382    i.URF_Init          urf02.o
    0x0800c7d4   0x0800c7d4   0x0000009c   Code   RO         6349    i.USART1_IRQHandler  usart.o
    0x0800c870   0x0800c870   0x00000012   Code   RO         5488    i.USART_ClearFlag   stm32f4xx_usart.o
    0x0800c882   0x0800c882   0x0000001e   Code   RO         5489    i.USART_ClearITPendingBit  stm32f4xx_usart.o
    0x0800c8a0   0x0800c8a0   0x00000018   Code   RO         5492    i.USART_Cmd         stm32f4xx_usart.o
    0x0800c8b8   0x0800c8b8   0x00000054   Code   RO         5496    i.USART_GetITStatus  stm32f4xx_usart.o
    0x0800c90c   0x0800c90c   0x0000004a   Code   RO         5498    i.USART_ITConfig    stm32f4xx_usart.o
    0x0800c956   0x0800c956   0x00000002   PAD
    0x0800c958   0x0800c958   0x000000d4   Code   RO         5499    i.USART_Init        stm32f4xx_usart.o
    0x0800ca2c   0x0800ca2c   0x0000000a   Code   RO         5506    i.USART_ReceiveData  stm32f4xx_usart.o
    0x0800ca36   0x0800ca36   0x00000004   Code   RO          306    i.UsageFault_Handler  stm32f4xx_it.o
    0x0800ca3a   0x0800ca3a   0x00000002   PAD
    0x0800ca3c   0x0800ca3c   0x0000000c   Code   RO         5676    i.WWDG_ClearFlag    stm32f4xx_wwdg.o
    0x0800ca48   0x0800ca48   0x0000000e   Code   RO         1453    i.WWDG_IRQHandler   wwdg.o
    0x0800ca56   0x0800ca56   0x00000002   PAD
    0x0800ca58   0x0800ca58   0x00000010   Code   RO         5681    i.WWDG_SetCounter   stm32f4xx_wwdg.o
    0x0800ca68   0x0800ca68   0x000000ca   Code   RO         2271    i._MLPrintLog       log_stm32.o
    0x0800cb32   0x0800cb32   0x00000030   Code   RO         7138    i.__ARM_fpclassify  m_wm.l(fpclassify.o)
    0x0800cb62   0x0800cb62   0x00000026   Code   RO         7140    i.__ARM_fpclassifyf  m_wm.l(fpclassifyf.o)
    0x0800cb88   0x0800cb88   0x00000118   Code   RO         6836    i.__hardfp_acosf    m_wm.l(acosf.o)
    0x0800cca0   0x0800cca0   0x00000250   Code   RO         6900    i.__hardfp_atan2f   m_wm.l(atan2f.o)
    0x0800cef0   0x0800cef0   0x00000038   Code   RO         6912    i.__hardfp_atof     m_wm.l(atof.o)
    0x0800cf28   0x0800cf28   0x000000c8   Code   RO         6924    i.__hardfp_cos      m_wm.l(cos.o)
    0x0800cff0   0x0800cff0   0x00000150   Code   RO         6936    i.__hardfp_cosf     m_wm.l(cosf.o)
    0x0800d140   0x0800d140   0x00000014   Code   RO         6948    i.__hardfp_fabs     m_wm.l(fabs.o)
    0x0800d154   0x0800d154   0x00000004   PAD
    0x0800d158   0x0800d158   0x000000d0   Code   RO         7398    i.__hardfp_ldexp    m_wm.l(ldexp.o)
    0x0800d228   0x0800d228   0x000003c4   Code   RO         6960    i.__hardfp_log      m_wm.l(log.o)
    0x0800d5ec   0x0800d5ec   0x00000190   Code   RO         7000    i.__hardfp_sinf     m_wm.l(sinf.o)
    0x0800d77c   0x0800d77c   0x0000007a   Code   RO         7012    i.__hardfp_sqrt     m_wm.l(sqrt.o)
    0x0800d7f6   0x0800d7f6   0x0000003a   Code   RO         7024    i.__hardfp_sqrtf    m_wm.l(sqrtf.o)
    0x0800d830   0x0800d830   0x00000438   Code   RO         7159    i.__ieee754_rem_pio2  m_wm.l(rred.o)
    0x0800dc68   0x0800dc68   0x00000170   Code   RO         7121    i.__kernel_cos      m_wm.l(cos_i.o)
    0x0800ddd8   0x0800ddd8   0x000000f8   Code   RO         7156    i.__kernel_poly     m_wm.l(poly.o)
    0x0800ded0   0x0800ded0   0x00000130   Code   RO         7167    i.__kernel_sin      m_wm.l(sin_i.o)
    0x0800e000   0x0800e000   0x00000030   Code   RO         7124    i.__mathlib_dbl_divzero  m_wm.l(dunder.o)
    0x0800e030   0x0800e030   0x00000014   Code   RO         7125    i.__mathlib_dbl_infnan  m_wm.l(dunder.o)
    0x0800e044   0x0800e044   0x00000004   PAD
    0x0800e048   0x0800e048   0x00000020   Code   RO         7127    i.__mathlib_dbl_invalid  m_wm.l(dunder.o)
    0x0800e068   0x0800e068   0x00000020   Code   RO         7128    i.__mathlib_dbl_overflow  m_wm.l(dunder.o)
    0x0800e088   0x0800e088   0x00000020   Code   RO         7130    i.__mathlib_dbl_underflow  m_wm.l(dunder.o)
    0x0800e0a8   0x0800e0a8   0x00000006   Code   RO         7143    i.__mathlib_flt_infnan  m_wm.l(funder.o)
    0x0800e0ae   0x0800e0ae   0x00000006   Code   RO         7144    i.__mathlib_flt_infnan2  m_wm.l(funder.o)
    0x0800e0b4   0x0800e0b4   0x00000010   Code   RO         7145    i.__mathlib_flt_invalid  m_wm.l(funder.o)
    0x0800e0c4   0x0800e0c4   0x00000010   Code   RO         7148    i.__mathlib_flt_underflow  m_wm.l(funder.o)
    0x0800e0d4   0x0800e0d4   0x00000004   PAD
    0x0800e0d8   0x0800e0d8   0x000000b8   Code   RO         7349    i.__mathlib_narrow  m_wm.l(narrow.o)
    0x0800e190   0x0800e190   0x00000154   Code   RO         7164    i.__mathlib_rredf2  m_wm.l(rredf.o)
    0x0800e2e4   0x0800e2e4   0x00000034   Code   RO         3335    i.__print_result_location  mpl.o
    0x0800e318   0x0800e318   0x00000014   Code   RO         7400    i.__support_ldexp   m_wm.l(ldexp.o)
    0x0800e32c   0x0800e32c   0x0000000e   Code   RO         6741    i._is_digit         c_w.l(__printf_wp.o)
    0x0800e33a   0x0800e33a   0x00000004   Code   RO         6350    i._sys_exit         usart.o
    0x0800e33e   0x0800e33e   0x00000002   PAD
    0x0800e340   0x0800e340   0x00000614   Code   RO         1608    i.accel_6500_self_test  inv_mpu.o
    0x0800e954   0x0800e954   0x0000014c   Code   RO         1609    i.compass_self_test  inv_mpu.o
    0x0800eaa0   0x0800eaa0   0x00000064   Code   RO         2081    i.decode_gesture    inv_mpu_dmp_motion_driver.o
    0x0800eb04   0x0800eb04   0x00000044   Code   RO         6426    i.delay_ms          delay.o
    0x0800eb48   0x0800eb48   0x0000003e   Code   RO         6427    i.delay_us          delay.o
    0x0800eb86   0x0800eb86   0x0000003c   Code   RO         2082    i.dmp_enable_6x_lp_quat  inv_mpu_dmp_motion_driver.o
    0x0800ebc2   0x0800ebc2   0x00000002   PAD
    0x0800ebc4   0x0800ebc4   0x0000021c   Code   RO         2083    i.dmp_enable_feature  inv_mpu_dmp_motion_driver.o
    0x0800ede0   0x0800ede0   0x00000058   Code   RO         2084    i.dmp_enable_gyro_cal  inv_mpu_dmp_motion_driver.o
    0x0800ee38   0x0800ee38   0x0000003c   Code   RO         2085    i.dmp_enable_lp_quat  inv_mpu_dmp_motion_driver.o
    0x0800ee74   0x0800ee74   0x00000018   Code   RO         2090    i.dmp_load_motion_driver_firmware  inv_mpu_dmp_motion_driver.o
    0x0800ee8c   0x0800ee8c   0x000001cc   Code   RO         2091    i.dmp_read_fifo     inv_mpu_dmp_motion_driver.o
    0x0800f058   0x0800f058   0x00000130   Code   RO         2094    i.dmp_set_accel_bias  inv_mpu_dmp_motion_driver.o
    0x0800f188   0x0800f188   0x00000070   Code   RO         2095    i.dmp_set_fifo_rate  inv_mpu_dmp_motion_driver.o
    0x0800f1f8   0x0800f1f8   0x00000130   Code   RO         2096    i.dmp_set_gyro_bias  inv_mpu_dmp_motion_driver.o
    0x0800f328   0x0800f328   0x00000138   Code   RO         2098    i.dmp_set_orientation  inv_mpu_dmp_motion_driver.o
    0x0800f460   0x0800f460   0x00000038   Code   RO         2101    i.dmp_set_shake_reject_thresh  inv_mpu_dmp_motion_driver.o
    0x0800f498   0x0800f498   0x00000026   Code   RO         2102    i.dmp_set_shake_reject_time  inv_mpu_dmp_motion_driver.o
    0x0800f4be   0x0800f4be   0x00000026   Code   RO         2103    i.dmp_set_shake_reject_timeout  inv_mpu_dmp_motion_driver.o
    0x0800f4e4   0x0800f4e4   0x00000046   Code   RO         2104    i.dmp_set_tap_axes  inv_mpu_dmp_motion_driver.o
    0x0800f52a   0x0800f52a   0x00000026   Code   RO         2105    i.dmp_set_tap_count  inv_mpu_dmp_motion_driver.o
    0x0800f550   0x0800f550   0x000001c0   Code   RO         2106    i.dmp_set_tap_thresh  inv_mpu_dmp_motion_driver.o
    0x0800f710   0x0800f710   0x00000026   Code   RO         2107    i.dmp_set_tap_time  inv_mpu_dmp_motion_driver.o
    0x0800f736   0x0800f736   0x00000026   Code   RO         2108    i.dmp_set_tap_time_multi  inv_mpu_dmp_motion_driver.o
    0x0800f75c   0x0800f75c   0x00000018   Code   RO         6950    i.fabs              m_wm.l(fabs.o)
    0x0800f774   0x0800f774   0x0000001c   Code   RO         6351    i.fputc             usart.o
    0x0800f790   0x0800f790   0x0000008c   Code   RO         7379    i.frexp             m_wm.l(frexp.o)
    0x0800f81c   0x0800f81c   0x00000670   Code   RO         1610    i.get_st_6500_biases  inv_mpu.o
    0x0800fe8c   0x0800fe8c   0x000005bc   Code   RO         1612    i.gyro_6500_self_test  inv_mpu.o
    0x08010448   0x08010448   0x0000006a   Code   RO         2402    i.inv_apply_calibration  data_builder.o
    0x080104b2   0x080104b2   0x00000002   PAD
    0x080104b4   0x080104b4   0x0000008c   Code   RO         2403    i.inv_build_accel   data_builder.o
    0x08010540   0x08010540   0x000000b0   Code   RO         2404    i.inv_build_compass  data_builder.o
    0x080105f0   0x080105f0   0x00000038   Code   RO         2405    i.inv_build_gyro    data_builder.o
    0x08010628   0x08010628   0x0000002c   Code   RO         2407    i.inv_build_temp    data_builder.o
    0x08010654   0x08010654   0x000000b0   Code   RO         2978    i.inv_compass_angle  ml_math_func.o
    0x08010704   0x08010704   0x00000072   Code   RO         2980    i.inv_convert_to_body_with_scale  ml_math_func.o
    0x08010776   0x08010776   0x00000002   PAD
    0x08010778   0x08010778   0x00000050   Code   RO         2409    i.inv_db_load_func  data_builder.o
    0x080107c8   0x080107c8   0x00000018   Code   RO         2410    i.inv_db_save_func  data_builder.o
    0x080107e0   0x080107e0   0x00000010   Code   RO         2411    i.inv_disable_compass_soft_iron_matrix  data_builder.o
    0x080107f0   0x080107f0   0x0000001c   Code   RO         2311    i.inv_enable_eMPL_outputs  empl_outputs.o
    0x0801080c   0x0801080c   0x00000020   Code   RO         3373    i.inv_enable_results_holder  results_holder.o
    0x0801082c   0x0801082c   0x0000002c   Code   RO         3608    i.inv_execute_mpl_start_notification  start_manager.o
    0x08010858   0x08010858   0x000000a0   Code   RO         2413    i.inv_execute_on_data  data_builder.o
    0x080108f8   0x080108f8   0x000000f0   Code   RO         2312    i.inv_generate_eMPL_outputs  empl_outputs.o
    0x080109e8   0x080109e8   0x00000010   Code   RO         3374    i.inv_generate_results  results_holder.o
    0x080109f8   0x080109f8   0x00000018   Code   RO         3375    i.inv_get_6axis_quaternion  results_holder.o
    0x08010a10   0x08010a10   0x0000000c   Code   RO         3376    i.inv_get_acc_state  results_holder.o
    0x08010a1c   0x08010a1c   0x0000000c   Code   RO         2414    i.inv_get_accel_accuracy  data_builder.o
    0x08010a28   0x08010a28   0x00000010   Code   RO         2416    i.inv_get_accel_on  data_builder.o
    0x08010a38   0x08010a38   0x0000002c   Code   RO         2420    i.inv_get_accel_set  data_builder.o
    0x08010a64   0x08010a64   0x00000018   Code   RO         2421    i.inv_get_compass_bias  data_builder.o
    0x08010a7c   0x08010a7c   0x00000018   Code   RO         3380    i.inv_get_compass_correction  results_holder.o
    0x08010a94   0x08010a94   0x00000010   Code   RO         2423    i.inv_get_compass_on  data_builder.o
    0x08010aa4   0x08010aa4   0x0000001c   Code   RO         2430    i.inv_get_compass_soft_iron_output_data  data_builder.o
    0x08010ac0   0x08010ac0   0x0000000c   Code   RO         3381    i.inv_get_compass_state  results_holder.o
    0x08010acc   0x08010acc   0x00000060   Code   RO         3382    i.inv_get_gravity   results_holder.o
    0x08010b2c   0x08010b2c   0x00000010   Code   RO         2431    i.inv_get_gyro      data_builder.o
    0x08010b3c   0x08010b3c   0x0000000c   Code   RO         2432    i.inv_get_gyro_accuracy  data_builder.o
    0x08010b48   0x08010b48   0x00000024   Code   RO         2433    i.inv_get_gyro_bias  data_builder.o
    0x08010b6c   0x08010b6c   0x00000020   Code   RO         2434    i.inv_get_gyro_bias_tc_set  data_builder.o
    0x08010b8c   0x08010b8c   0x00000010   Code   RO         2435    i.inv_get_gyro_on   data_builder.o
    0x08010b9c   0x08010b9c   0x0000001c   Code   RO         2984    i.inv_get_gyro_sum_of_sqr  ml_math_func.o
    0x08010bb8   0x08010bb8   0x0000000c   Code   RO         3385    i.inv_get_large_mag_field  results_holder.o
    0x08010bc4   0x08010bc4   0x00000068   Code   RO         2441    i.inv_get_last_timestamp  data_builder.o
    0x08010c2c   0x08010c2c   0x0000003c   Code   RO         3386    i.inv_get_linear_accel  results_holder.o
    0x08010c68   0x08010c68   0x00000044   Code   RO         3387    i.inv_get_linear_accel_float  results_holder.o
    0x08010cac   0x08010cac   0x00000010   Code   RO         3388    i.inv_get_local_field  results_holder.o
    0x08010cbc   0x08010cbc   0x0000001c   Code   RO         2442    i.inv_get_mag_accuracy  data_builder.o
    0x08010cd8   0x08010cd8   0x00000014   Code   RO         3390    i.inv_get_motion_state  results_holder.o
    0x08010cec   0x08010cec   0x0000003c   Code   RO         3391    i.inv_get_quaternion  results_holder.o
    0x08010d28   0x08010d28   0x00000044   Code   RO         3393    i.inv_get_quaternion_set  results_holder.o
    0x08010d6c   0x08010d6c   0x00000268   Code   RO         2315    i.inv_get_sensor_type_euler  empl_outputs.o
    0x08010fd4   0x08010fd4   0x00000070   Code   RO         2854    i.inv_get_sensor_type_gravity  hal_outputs.o
    0x08011044   0x08011044   0x0000000c   Code   RO         3395    i.inv_got_compass_bias  results_holder.o
    0x08011050   0x08011050   0x0000003c   Code   RO         2445    i.inv_init_data_builder  data_builder.o
    0x0801108c   0x0801108c   0x00000014   Code   RO         2320    i.inv_init_eMPL_outputs  empl_outputs.o
    0x080110a0   0x080110a0   0x00000094   Code   RO         3337    i.inv_init_mpl      mpl.o
    0x08011134   0x08011134   0x0000003c   Code   RO         3396    i.inv_init_results_holder  results_holder.o
    0x08011170   0x08011170   0x00000014   Code   RO         3609    i.inv_init_start_manager  start_manager.o
    0x08011184   0x08011184   0x00000018   Code   RO         3642    i.inv_init_storage_manager  storage_manager.o
    0x0801119c   0x0801119c   0x00000028   Code   RO         2993    i.inv_orientation_matrix_to_scalar  ml_math_func.o
    0x080111c4   0x080111c4   0x00000012   Code   RO         2994    i.inv_q29_mult      ml_math_func.o
    0x080111d6   0x080111d6   0x00000012   Code   RO         2996    i.inv_q30_mult      ml_math_func.o
    0x080111e8   0x080111e8   0x00000018   Code   RO         2998    i.inv_q30_to_float  ml_math_func.o
    0x08011200   0x08011200   0x00000024   Code   RO         2999    i.inv_q_add         ml_math_func.o
    0x08011224   0x08011224   0x00000042   Code   RO         3000    i.inv_q_addf        ml_math_func.o
    0x08011266   0x08011266   0x00000018   Code   RO         3001    i.inv_q_invert      ml_math_func.o
    0x0801127e   0x0801127e   0x0000002e   Code   RO         3002    i.inv_q_invertf     ml_math_func.o
    0x080112ac   0x080112ac   0x000000b2   Code   RO         3003    i.inv_q_mult        ml_math_func.o
    0x0801135e   0x0801135e   0x000000d2   Code   RO         3004    i.inv_q_multf       ml_math_func.o
    0x08011430   0x08011430   0x000000a8   Code   RO         3005    i.inv_q_norm4       ml_math_func.o
    0x080114d8   0x080114d8   0x00000134   Code   RO         3007    i.inv_q_normalizef  ml_math_func.o
    0x0801160c   0x0801160c   0x00000042   Code   RO         3008    i.inv_q_rotate      ml_math_func.o
    0x0801164e   0x0801164e   0x000000da   Code   RO         3010    i.inv_quaternion_to_rotation  ml_math_func.o
    0x08011728   0x08011728   0x000000f8   Code   RO         2448    i.inv_register_data_cb  data_builder.o
    0x08011820   0x08011820   0x00000090   Code   RO         3644    i.inv_register_load_store  storage_manager.o
    0x080118b0   0x080118b0   0x0000002c   Code   RO         3610    i.inv_register_mpl_start_notification  start_manager.o
    0x080118dc   0x080118dc   0x00000058   Code   RO         2449    i.inv_reset_compass_soft_iron_matrix  data_builder.o
    0x08011934   0x08011934   0x0000004e   Code   RO         3012    i.inv_row_2_scale   ml_math_func.o
    0x08011982   0x08011982   0x00000002   PAD
    0x08011984   0x08011984   0x00000024   Code   RO         2450    i.inv_set_accel_accuracy  data_builder.o
    0x080119a8   0x080119a8   0x0000000c   Code   RO         3399    i.inv_set_accel_bias_found  results_holder.o
    0x080119b4   0x080119b4   0x00000060   Code   RO         2453    i.inv_set_accel_bias_mask  data_builder.o
    0x08011a14   0x08011a14   0x00000018   Code   RO         2454    i.inv_set_accel_orientation_and_scale  data_builder.o
    0x08011a2c   0x08011a2c   0x0000002c   Code   RO         2455    i.inv_set_accel_sample_rate  data_builder.o
    0x08011a58   0x08011a58   0x0000004c   Code   RO         2457    i.inv_set_compass_bias  data_builder.o
    0x08011aa4   0x08011aa4   0x00000014   Code   RO         3400    i.inv_set_compass_bias_error  results_holder.o
    0x08011ab8   0x08011ab8   0x0000000c   Code   RO         3401    i.inv_set_compass_bias_found  results_holder.o
    0x08011ac4   0x08011ac4   0x00000024   Code   RO         3402    i.inv_set_compass_correction  results_holder.o
    0x08011ae8   0x08011ae8   0x0000000c   Code   RO         2458    i.inv_set_compass_disturbance  data_builder.o
    0x08011af4   0x08011af4   0x00000018   Code   RO         2459    i.inv_set_compass_orientation_and_scale  data_builder.o
    0x08011b0c   0x08011b0c   0x00000030   Code   RO         2460    i.inv_set_compass_sample_rate  data_builder.o
    0x08011b3c   0x08011b3c   0x00000054   Code   RO         2461    i.inv_set_compass_soft_iron_input_data  data_builder.o
    0x08011b90   0x08011b90   0x0000000c   Code   RO         3403    i.inv_set_compass_state  results_holder.o
    0x08011b9c   0x08011b9c   0x00000120   Code   RO         2464    i.inv_set_contiguous  data_builder.o
    0x08011cbc   0x08011cbc   0x00000074   Code   RO         2466    i.inv_set_gyro_bias  data_builder.o
    0x08011d30   0x08011d30   0x00000018   Code   RO         2467    i.inv_set_gyro_orientation_and_scale  data_builder.o
    0x08011d48   0x08011d48   0x00000028   Code   RO         2468    i.inv_set_gyro_sample_rate  data_builder.o
    0x08011d70   0x08011d70   0x0000001c   Code   RO         2953    i.inv_set_message   message_layer.o
    0x08011d8c   0x08011d8c   0x00000050   Code   RO         3408    i.inv_set_motion_state  results_holder.o
    0x08011ddc   0x08011ddc   0x00000014   Code   RO         2321    i.inv_start_eMPL_outputs  empl_outputs.o
    0x08011df0   0x08011df0   0x00000050   Code   RO         3338    i.inv_start_mpl     mpl.o
    0x08011e40   0x08011e40   0x00000018   Code   RO         3409    i.inv_start_results_holder  results_holder.o
    0x08011e58   0x08011e58   0x00000024   Code   RO         3410    i.inv_store_gaming_quaternion  results_holder.o
    0x08011e7c   0x08011e7c   0x00000064   Code   RO         2471    i.inv_unregister_data_cb  data_builder.o
    0x08011ee0   0x08011ee0   0x00000060   Code   RO         3611    i.inv_unregister_mpl_start_notification  start_manager.o
    0x08011f40   0x08011f40   0x00000168   Code   RO          187    i.main              main.o
    0x080120a8   0x080120a8   0x00000002   Code   RO         1614    i.mget_ms           inv_mpu.o
    0x080120aa   0x080120aa   0x0000003e   Code   RO         3017    i.mlMatrixVectorMult  ml_math_func.o
    0x080120e8   0x080120e8   0x00000070   Code   RO         1615    i.mpu_configure_fifo  inv_mpu.o
    0x08012158   0x08012158   0x0000016c   Code   RO         1617    i.mpu_dmp_init      inv_mpu.o
    0x080122c4   0x080122c4   0x0000004c   Code   RO         1618    i.mpu_get_accel_fsr  inv_mpu.o
    0x08012310   0x08012310   0x00000054   Code   RO         1620    i.mpu_get_accel_sens  inv_mpu.o
    0x08012364   0x08012364   0x00000014   Code   RO         1621    i.mpu_get_compass_fsr  inv_mpu.o
    0x08012378   0x08012378   0x000000d0   Code   RO         1622    i.mpu_get_compass_reg  inv_mpu.o
    0x08012448   0x08012448   0x00000010   Code   RO         1625    i.mpu_get_fifo_config  inv_mpu.o
    0x08012458   0x08012458   0x00000044   Code   RO         1626    i.mpu_get_gyro_fsr  inv_mpu.o
    0x0801249c   0x0801249c   0x00000060   Code   RO         1628    i.mpu_get_gyro_sens  inv_mpu.o
    0x080124fc   0x080124fc   0x00000050   Code   RO         1630    i.mpu_get_lpf       inv_mpu.o
    0x0801254c   0x0801254c   0x00000020   Code   RO         1632    i.mpu_get_sample_rate  inv_mpu.o
    0x0801256c   0x0801256c   0x0000009c   Code   RO         1633    i.mpu_get_temperature  inv_mpu.o
    0x08012608   0x08012608   0x0000012c   Code   RO         1634    i.mpu_init          inv_mpu.o
    0x08012734   0x08012734   0x000000b8   Code   RO         1635    i.mpu_load_firmware  inv_mpu.o
    0x080127ec   0x080127ec   0x0000011c   Code   RO         1636    i.mpu_lp_accel_mode  inv_mpu.o
    0x08012908   0x08012908   0x000000ec   Code   RO         1638    i.mpu_mpl_get_data  inv_mpu.o
    0x080129f4   0x080129f4   0x000000c0   Code   RO         1643    i.mpu_read_fifo_stream  inv_mpu.o
    0x08012ab4   0x08012ab4   0x00000080   Code   RO         1644    i.mpu_read_mem      inv_mpu.o
    0x08012b34   0x08012b34   0x000001c8   Code   RO         1647    i.mpu_reset_fifo    inv_mpu.o
    0x08012cfc   0x08012cfc   0x0000029c   Code   RO         1648    i.mpu_run_6500_self_test  inv_mpu.o
    0x08012f98   0x08012f98   0x00000084   Code   RO         1652    i.mpu_set_accel_fsr  inv_mpu.o
    0x0801301c   0x0801301c   0x0000014c   Code   RO         1653    i.mpu_set_bypass    inv_mpu.o
    0x08013168   0x08013168   0x00000060   Code   RO         1654    i.mpu_set_compass_sample_rate  inv_mpu.o
    0x080131c8   0x080131c8   0x00000090   Code   RO         1655    i.mpu_set_dmp_state  inv_mpu.o
    0x08013258   0x08013258   0x00000088   Code   RO         1657    i.mpu_set_gyro_fsr  inv_mpu.o
    0x080132e0   0x080132e0   0x0000006c   Code   RO         1658    i.mpu_set_int_latched  inv_mpu.o
    0x0801334c   0x0801334c   0x00000084   Code   RO         1660    i.mpu_set_lpf       inv_mpu.o
    0x080133d0   0x080133d0   0x000000b4   Code   RO         1661    i.mpu_set_sample_rate  inv_mpu.o
    0x08013484   0x08013484   0x00000168   Code   RO         1662    i.mpu_set_sensors   inv_mpu.o
    0x080135ec   0x080135ec   0x00000080   Code   RO         1663    i.mpu_write_mem     inv_mpu.o
    0x0801366c   0x0801366c   0x0000000e   Code   RO          747    i.myabs             control.o
    0x0801367a   0x0801367a   0x00000002   PAD
    0x0801367c   0x0801367c   0x000002ec   Code   RO          188    i.oled_ui           main.o
    0x08013968   0x08013968   0x0000009c   Code   RO         1664    i.run_self_test     inv_mpu.o
    0x08013a04   0x08013a04   0x00000090   Code   RO         1665    i.set_int_enable    inv_mpu.o
    0x08013a94   0x08013a94   0x00000006   Code   RO         2472    i.set_sensor_orientation_and_scale  data_builder.o
    0x08013a9a   0x08013a9a   0x00000002   PAD
    0x08013a9c   0x08013a9c   0x00000254   Code   RO         1666    i.setup_compass     inv_mpu.o
    0x08013cf0   0x08013cf0   0x0000003e   Code   RO         7026    i.sqrtf             m_wm.l(sqrtf.o)
    0x08013d2e   0x08013d2e   0x00000002   PAD
    0x08013d30   0x08013d30   0x000000b4   Code   RO         6352    i.uart_init         usart.o
    0x08013de4   0x08013de4   0x0000002c   Code   RO         7251    locale$$code        c_w.l(lc_numeric_c.o)
    0x08013e10   0x08013e10   0x0000002c   Code   RO         7268    locale$$code        c_w.l(lc_ctype_c.o)
    0x08013e3c   0x08013e3c   0x00000018   Code   RO         7098    x$fpl$basic         fz_wm.l(basic.o)
    0x08013e54   0x08013e54   0x00000062   Code   RO         6778    x$fpl$d2f           fz_wm.l(d2f.o)
    0x08013eb6   0x08013eb6   0x00000002   PAD
    0x08013eb8   0x08013eb8   0x00000150   Code   RO         6780    x$fpl$dadd          fz_wm.l(daddsub_clz.o)
    0x08014008   0x08014008   0x00000010   Code   RO         7253    x$fpl$dcheck1       fz_wm.l(dcheck1.o)
    0x08014018   0x08014018   0x00000018   Code   RO         7100    x$fpl$dcmpinf       fz_wm.l(dcmpi.o)
    0x08014030   0x08014030   0x000002b0   Code   RO         6787    x$fpl$ddiv          fz_wm.l(ddiv.o)
    0x080142e0   0x080142e0   0x00000078   Code   RO         6790    x$fpl$deqf          fz_wm.l(deqf.o)
    0x08014358   0x08014358   0x0000005e   Code   RO         6792    x$fpl$dfix          fz_wm.l(dfix.o)
    0x080143b6   0x080143b6   0x00000002   PAD
    0x080143b8   0x080143b8   0x0000005a   Code   RO         6796    x$fpl$dfixu         fz_wm.l(dfixu.o)
    0x08014412   0x08014412   0x0000002e   Code   RO         6801    x$fpl$dflt          fz_wm.l(dflt_clz.o)
    0x08014440   0x08014440   0x00000026   Code   RO         6800    x$fpl$dfltu         fz_wm.l(dflt_clz.o)
    0x08014466   0x08014466   0x00000002   PAD
    0x08014468   0x08014468   0x00000078   Code   RO         6806    x$fpl$dleqf         fz_wm.l(dleqf.o)
    0x080144e0   0x080144e0   0x00000154   Code   RO         6808    x$fpl$dmul          fz_wm.l(dmul.o)
    0x08014634   0x08014634   0x0000009c   Code   RO         7102    x$fpl$dnaninf       fz_wm.l(dnaninf.o)
    0x080146d0   0x080146d0   0x0000000c   Code   RO         7104    x$fpl$dretinf       fz_wm.l(dretinf.o)
    0x080146dc   0x080146dc   0x0000006c   Code   RO         6810    x$fpl$drleqf        fz_wm.l(drleqf.o)
    0x08014748   0x08014748   0x00000016   Code   RO         6781    x$fpl$drsb          fz_wm.l(daddsub_clz.o)
    0x0801475e   0x0801475e   0x00000002   PAD
    0x08014760   0x08014760   0x00000198   Code   RO         7106    x$fpl$dsqrt         fz_wm.l(dsqrt_umaal.o)
    0x080148f8   0x080148f8   0x000001d4   Code   RO         6782    x$fpl$dsub          fz_wm.l(daddsub_clz.o)
    0x08014acc   0x08014acc   0x00000056   Code   RO         6812    x$fpl$f2d           fz_wm.l(f2d.o)
    0x08014b22   0x08014b22   0x00000060   Code   RO         6818    x$fpl$ffltll        fz_wm.l(ffltll_clz.o)
    0x08014b82   0x08014b82   0x0000008c   Code   RO         7108    x$fpl$fnaninf       fz_wm.l(fnaninf.o)
    0x08014c0e   0x08014c0e   0x0000000a   Code   RO         7338    x$fpl$fpinit        fz_wm.l(fpinit.o)
    0x08014c18   0x08014c18   0x0000000a   Code   RO         7110    x$fpl$fretinf       fz_wm.l(fretinf.o)
    0x08014c22   0x08014c22   0x00000002   PAD
    0x08014c24   0x08014c24   0x00000086   Code   RO         6814    x$fpl$llsfromf      fz_wm.l(ffixll.o)
    0x08014caa   0x08014caa   0x00000004   Code   RO         6820    x$fpl$printf1       fz_wm.l(printf1.o)
    0x08014cae   0x08014cae   0x00000004   Code   RO         7112    x$fpl$printf2       fz_wm.l(printf2.o)
    0x08014cb2   0x08014cb2   0x00000064   Code   RO         7325    x$fpl$retnan        fz_wm.l(retnan.o)
    0x08014d16   0x08014d16   0x0000005c   Code   RO         7118    x$fpl$scalbn        fz_wm.l(scalbn.o)
    0x08014d72   0x08014d72   0x00000004   Code   RO         7257    x$fpl$scanf1        fz_wm.l(scanf1.o)
    0x08014d76   0x08014d76   0x00000008   Code   RO         7340    x$fpl$scanf2        fz_wm.l(scanf2.o)
    0x08014d7e   0x08014d7e   0x00000030   Code   RO         7346    x$fpl$trapveneer    fz_wm.l(trapv.o)
    0x08014dae   0x08014dae   0x00000000   Code   RO         7120    x$fpl$usenofp       fz_wm.l(usenofp.o)
    0x08014dae   0x08014dae   0x000017c0   Data   RO         1144    .constdata          oled.o
    0x0801656e   0x0801656e   0x00000002   PAD
    0x08016570   0x08016570   0x00000268   Data   RO         1667    .constdata          inv_mpu.o
    0x080167d8   0x080167d8   0x00000bf6   Data   RO         2110    .constdata          inv_mpu_dmp_motion_driver.o
    0x080173ce   0x080173ce   0x0000002f   Data   RO         3339    .constdata          mpl.o
    0x080173fd   0x080173fd   0x00000028   Data   RO         6729    .constdata          c_w.l(_printf_hex_int_ll_ptr.o)
    0x08017425   0x08017425   0x00000011   Data   RO         6749    .constdata          c_w.l(__printf_flags_ss_wp.o)
    0x08017436   0x08017436   0x00000002   PAD
    0x08017438   0x08017438   0x00000038   Data   RO         6963    .constdata          m_wm.l(log.o)
    0x08017470   0x08017470   0x00000008   Data   RO         7065    .constdata          c_w.l(_printf_wctomb.o)
    0x08017478   0x08017478   0x00000030   Data   RO         7122    .constdata          m_wm.l(cos_i.o)
    0x080174a8   0x080174a8   0x00000008   Data   RO         7158    .constdata          m_wm.l(qnan.o)
    0x080174b0   0x080174b0   0x000000c8   Data   RO         7161    .constdata          m_wm.l(rred.o)
    0x08017578   0x08017578   0x00000020   Data   RO         7165    .constdata          m_wm.l(rredf.o)
    0x08017598   0x08017598   0x00000028   Data   RO         7168    .constdata          m_wm.l(sin_i.o)
    0x080175c0   0x080175c0   0x00000026   Data   RO         7207    .constdata          c_w.l(_printf_fp_hex.o)
    0x080175e6   0x080175e6   0x00000002   PAD
    0x080175e8   0x080175e8   0x00000094   Data   RO         7220    .constdata          c_w.l(bigflt0.o)
    0x0801767c   0x0801767c   0x00000009   Data   RO         1668    .conststring        inv_mpu.o
    0x08017685   0x08017685   0x00000003   PAD
    0x08017688   0x08017688   0x00000044   Data   RO         2474    .conststring        data_builder.o
    0x080176cc   0x080176cc   0x00000020   Data   RO         7450    Region$$Table       anon$$obj.o
    0x080176ec   0x080176ec   0x00000008   Data   RO         7335    c$$dinf             fz_wm.l(fpconst.o)
    0x080176f4   0x080176f4   0x0000001c   Data   RO         7250    locale$$data        c_w.l(lc_numeric_c.o)
    0x08017710   0x08017710   0x00000110   Data   RO         7267    locale$$data        c_w.l(lc_ctype_c.o)


    Execution Region RW_IRAM2 (Exec base: 0x10000000, Load base: 0x08017db0, Size: 0x00000000, Max: 0x00010000, ABSOLUTE)

    **** No section assigned to this execution region ****


    Execution Region RW_IRAM1 (Exec base: 0x20000000, Load base: 0x08017820, Size: 0x00004ac0, Max: 0x00020000, ABSOLUTE, COMPRESSED[0x00000590])

    Exec Addr    Load Addr    Size         Type   Attr      Idx    E Section Name        Object

    0x20000000   COMPRESSED   0x0000082c   Data   RW          190    .data               main.o
    0x2000082c   COMPRESSED   0x00000004   Data   RW          514    .data               adc.o
    0x20000830   COMPRESSED   0x00000010   Data   RW          799    .data               encoder.o
    0x20000840   COMPRESSED   0x00001f20   Data   RW         1145    .data               oled.o
    0x20002760   COMPRESSED   0x000000c0   Data   RW         1311    .data               timer.o
    0x20002820   COMPRESSED   0x0000000c   Data   RW         1383    .data               urf02.o
    0x2000282c   COMPRESSED   0x0000004e   Data   RW         1669    .data               inv_mpu.o
    0x2000287a   COMPRESSED   0x00000002   PAD
    0x2000287c   COMPRESSED   0x00000004   Data   RW         2954    .data               message_layer.o
    0x20002880   COMPRESSED   0x00000010   Data   RW         4589    .data               stm32f4xx_rcc.o
    0x20002890   COMPRESSED   0x00000007   Data   RW         6354    .data               usart.o
    0x20002897   COMPRESSED   0x00000001   PAD
    0x20002898   COMPRESSED   0x00000010   Data   RW         6452    .data               libmpllib.lib(compass_vec_cal.o)
    0x200028a8        -       0x00000050   Zero   RW          189    .bss                main.o
    0x200028f8        -       0x00000480   Zero   RW         1143    .bss                oled.o
    0x20002d78        -       0x00000010   Zero   RW         2109    .bss                inv_mpu_dmp_motion_driver.o
    0x20002d88        -       0x00000028   Zero   RW         2323    .bss                empl_outputs.o
    0x20002db0        -       0x000002d8   Zero   RW         2473    .bss                data_builder.o
    0x20003088        -       0x000000c4   Zero   RW         2864    .bss                hal_outputs.o
    0x2000314c        -       0x00000088   Zero   RW         3411    .bss                results_holder.o
    0x200031d4        -       0x00000054   Zero   RW         3612    .bss                start_manager.o
    0x20003228        -       0x00000198   Zero   RW         3646    .bss                storage_manager.o
    0x200033c0        -       0x000000c8   Zero   RW         6353    .bss                usart.o
    0x20003488        -       0x00000460   Zero   RW         6451    .bss                libmpllib.lib(compass_vec_cal.o)
    0x200038e8        -       0x000002a0   Zero   RW         6541    .bss                libmpllib.lib(fast_no_motion.o)
    0x20003b88        -       0x00000138   Zero   RW         6574    .bss                libmpllib.lib(fusion_9axis.o)
    0x20003cc0        -       0x000001c4   Zero   RW         6596    .bss                libmpllib.lib(gyro_tc.o)
    0x20003e84        -       0x000000b8   Zero   RW         6614    .bss                libmpllib.lib(mag_disturb.o)
    0x20003f3c        -       0x0000006c   Zero   RW         6636    .bss                libmpllib.lib(quaternion_supervisor.o)
    0x20003fa8        -       0x000004b8   Zero   RW         6654    .bss                libmpllib.lib(accel_auto_cal.o)
    0x20004460        -       0x00000060   Zero   RW         7174    .bss                c_w.l(libspace.o)
    0x200044c0        -       0x00000200   Zero   RW         6341    HEAP                startup_stm32f40_41xxx.o
    0x200046c0        -       0x00000400   Zero   RW         6340    STACK               startup_stm32f40_41xxx.o


==============================================================================

Image component sizes


      Code (inc. data)   RO Data    RW Data    ZI Data      Debug   Object Name

       460         66          0          4          0     248039   adc.o
       204         18          0          0          0     257621   beep.o
      2980        438          0          0          0     278107   command.o
       582         36          0          0          0       2065   control.o
      2600        286         68          0        728      28008   data_builder.o
       130          0          0          0          0       1138   delay.o
       924         48          0          0         40       8682   empl_outputs.o
      1106         76          0         16          0       8130   encoder.o
       112          8          0          0        196       2142   hal_outputs.o
       268         30          0          0          0       1363   hs485hb.o
     11410       1556        625         78          0      42880   inv_mpu.o
      3128        138       3062          0         16      21958   inv_mpu_dmp_motion_driver.o
        44          0          0          0          0       1084   iwdg.o
       202         10          0          0          0       4550   log_stm32.o
      1464        270          0       2092         80       4575   main.o
        28          4          0          4          0       1350   message_layer.o
       180         24          0          0          0       2129   misc.o
      1878         24          0          0          0      14841   ml_math_func.o
       280        108         47          0          0       2732   mpl.o
       712          0          0          0          0       6571   mpu9250.o
       688        114          0          0          0       4694   myiic.o
      1166         56       6080       7968       1152       8084   oled.o
       348         12          0          0          0        879   pwm.o
       824        128          0          0        136      16761   results_holder.o
       226          0          0          0          0       3089   rtc.o
       184          8          0          0          0       1232   spi.o
       204         20          0          0         84       3572   start_manager.o
        64         26        392          0       1536        840   startup_stm32f40_41xxx.o
       392         24          0          0          0       5591   stm32f4xx_adc.o
       130          6          0          0          0       3004   stm32f4xx_dma.o
       184         16          0          0          0       2136   stm32f4xx_exti.o
       240          0          0          0          0       3583   stm32f4xx_gpio.o
        26          0          0          0          0      79582   stm32f4xx_it.o
        68         30          0          0          0       2638   stm32f4xx_iwdg.o
        12          6          0          0          0        546   stm32f4xx_pwr.o
       476         62          0         16          0       7051   stm32f4xx_rcc.o
       978         68          0          0          0       8627   stm32f4xx_rtc.o
        64          4          0          0          0        668   stm32f4xx_syscfg.o
      1464         66          0          0          0      18201   stm32f4xx_tim.o
       452          8          0          0          0       5562   stm32f4xx_usart.o
        28         10          0          0          0       1035   stm32f4xx_wwdg.o
       132          8          0          0          0        603   stop.o
       168         10          0          0        408       2625   storage_manager.o
       222          0          0          0          0       1127   sys.o
       340         32          0          0          0       1521   system_stm32f4xx.o
       288         24          0          0          0       1807   tim_6_7.o
      2256        356          0        192          0       4942   timer.o
      1028         86          0         12          0       6907   urf02.o
       368         30          0          7        200       4443   usart.o
        14          0          0          0          0        510   wwdg.o

    ----------------------------------------------------------------------
     41782       4350      10311      10392       4576    1139825   Object Totals
         0          0         32          0          0          0   (incl. Generated)
        56          0          5          3          0          0   (incl. Padding)

    ----------------------------------------------------------------------

      Code (inc. data)   RO Data    RW Data    ZI Data      Debug   Library Member Name

        24          4          0          0          0         84   __2printf.o
        44          6          0          0          0         84   __2sprintf.o
        90          0          0          0          0          0   __dczerorl2.o
         8          0          0          0          0         68   __main.o
       392          4         17          0          0         92   __printf_flags_ss_wp.o
        14          0          0          0          0         68   __printf_wp.o
         0          0          0          0          0          0   __rtentry.o
        12          0          0          0          0          0   __rtentry2.o
         6          0          0          0          0          0   __rtentry4.o
        52          8          0          0          0          0   __scatter.o
        28          0          0          0          0          0   __scatter_zi.o
        28          0          0          0          0         68   _chval.o
         6          0          0          0          0          0   _printf_a.o
         6          0          0          0          0          0   _printf_c.o
        44          0          0          0          0        108   _printf_char.o
        48          6          0          0          0         96   _printf_char_common.o
        36          4          0          0          0         80   _printf_char_file.o
        40          0          0          0          0         68   _printf_charcount.o
         6          0          0          0          0          0   _printf_d.o
       120         16          0          0          0         92   _printf_dec.o
         6          0          0          0          0          0   _printf_e.o
         6          0          0          0          0          0   _printf_f.o
      1050          0          0          0          0        216   _printf_fp_dec.o
       764         10         38          0          0        100   _printf_fp_hex.o
       128         16          0          0          0         84   _printf_fp_infnan.o
         6          0          0          0          0          0   _printf_g.o
       148          4         40          0          0        160   _printf_hex_int_ll_ptr.o
         6          0          0          0          0          0   _printf_i.o
       178          0          0          0          0         88   _printf_intcommon.o
        10          0          0          0          0          0   _printf_l.o
         6          0          0          0          0          0   _printf_lc.o
        10          0          0          0          0          0   _printf_ll.o
         6          0          0          0          0          0   _printf_lld.o
         6          0          0          0          0          0   _printf_lli.o
         6          0          0          0          0          0   _printf_llo.o
         6          0          0          0          0          0   _printf_llu.o
         6          0          0          0          0          0   _printf_llx.o
       124         16          0          0          0         92   _printf_longlong_dec.o
         6          0          0          0          0          0   _printf_ls.o
         6          0          0          0          0          0   _printf_n.o
         6          0          0          0          0          0   _printf_o.o
       112          8          0          0          0        124   _printf_oct_int_ll.o
         6          0          0          0          0          0   _printf_p.o
        78          0          0          0          0        108   _printf_pad.o
         0          0          0          0          0          0   _printf_percent.o
         4          0          0          0          0          0   _printf_percent_end.o
         6          0          0          0          0          0   _printf_s.o
        82          0          0          0          0         80   _printf_str.o
        36          0          0          0          0         84   _printf_truncate.o
         6          0          0          0          0          0   _printf_u.o
        44          0          0          0          0        108   _printf_wchar.o
       188          6          8          0          0         92   _printf_wctomb.o
         6          0          0          0          0          0   _printf_x.o
        22          0          0          0          0        100   _rserrno.o
        64          0          0          0          0         84   _sgetc.o
        10          0          0          0          0         68   _sputc.o
       158          0          0          0          0         92   _strtoul.o
        64          0          0          0          0         92   _wcrtomb.o
        16          0          0          0          0         68   aeabi_memset.o
        26          0          0          0          0         80   atoi.o
       220          4        148          0          0         96   bigflt0.o
      2074        132          0          0          0        940   btod.o
        12          0          0          0          0         72   exit.o
         8          0          0          0          0         68   ferror.o
         6          0          0          0          0        152   heapauxi.o
        18          0          0          0          0         76   isspace.o
        44         10        272          0          0         76   lc_ctype_c.o
        44         10         28          0          0         76   lc_numeric_c.o
         2          0          0          0          0          0   libinit.o
        34          0          0          0          0          0   libinit2.o
         2          0          0          0          0          0   libshutdown.o
         2          0          0          0          0          0   libshutdown2.o
         8          4          0          0         96         68   libspace.o
        72          0          0          0          0         76   llsdiv.o
        38          0          0          0          0         68   llshl.o
        38          0          0          0          0         68   llsshr.o
       138          0          0          0          0         80   lludiv10.o
       238          0          0          0          0        100   lludivv7m.o
        88          0          0          0          0         76   memcmp.o
        16          4          0          0          0         76   rt_ctype_table.o
         8          4          0          0          0         68   rt_errno_addr_intlibspace.o
         8          4          0          0          0         68   rt_locale_intlibspace.o
        68          0          0          0          0         68   rt_memclr.o
        78          0          0          0          0         80   rt_memclr_w.o
       138          0          0          0          0         68   rt_memcpy_v6.o
       100          0          0          0          0         80   rt_memcpy_w.o
       122          0          0          0          0         80   rt_memmove_w.o
         2          0          0          0          0          0   rtexit.o
        10          0          0          0          0          0   rtexit2.o
      1188         12          0          0          0        148   scanf_fp.o
       792         14          0          0          0        100   scanf_hexfp.o
       308         16          0          0          0        100   scanf_infnan.o
       128          0          0          0          0         68   strcmpv7m.o
        72          0          0          0          0         80   strcpy.o
       160         12          0          0          0        120   strtod.o
       112          0          0          0          0         88   strtol.o
        74          0          0          0          0         80   sys_stackheap_outer.o
         2          0          0          0          0         68   use_no_semi.o
         2          0          0          0          0         68   use_no_semi_2.o
        36          4          0          0          0         76   vsprintf.o
        24          0          0          0          0        164   basic.o
        98          4          0          0          0        140   d2f.o
       826         16          0          0          0        492   daddsub_clz.o
        16          4          0          0          0        116   dcheck1.o
        24          0          0          0          0        116   dcmpi.o
       688        140          0          0          0        256   ddiv.o
       120          4          0          0          0        140   deqf.o
        94          4          0          0          0        140   dfix.o
        90          4          0          0          0        140   dfixu.o
        84          0          0          0          0        232   dflt_clz.o
       120          4          0          0          0        140   dleqf.o
       340         12          0          0          0        152   dmul.o
       156          4          0          0          0        140   dnaninf.o
        12          0          0          0          0        116   dretinf.o
       108          0          0          0          0        128   drleqf.o
       408         56          0          0          0        168   dsqrt_umaal.o
        86          4          0          0          0        132   f2d.o
       134          4          0          0          0        132   ffixll.o
        96          0          0          0          0        132   ffltll_clz.o
       140          4          0          0          0        132   fnaninf.o
         0          0          8          0          0          0   fpconst.o
        10          0          0          0          0        116   fpinit.o
        10          0          0          0          0        116   fretinf.o
         4          0          0          0          0        116   printf1.o
         4          0          0          0          0        116   printf2.o
       100          0          0          0          0        116   retnan.o
        92          0          0          0          0        116   scalbn.o
         4          0          0          0          0        116   scanf1.o
         8          0          0          0          0        132   scanf2.o
        48          0          0          0          0        116   trapv.o
         0          0          0          0          0          0   usenofp.o
      3140        190          0          0       1208       9672   accel_auto_cal.o
      9456        298          0         16       1120      19892   compass_vec_cal.o
      2584         42          0          0        672      13744   fast_no_motion.o
      1712         72          0          0        312       5636   fusion_9axis.o
      1220         32          0          0        452       5735   gyro_tc.o
      1472         48          0          0        184       7614   mag_disturb.o
      2452        130          0          0        108       5637   quaternion_supervisor.o
       280         46          0          0          0        176   acosf.o
       592         90          0          0          0        184   atan2f.o
        56         12          0          0          0        132   atof.o
       200         20          0          0          0        164   cos.o
       368         46         48          0          0        200   cos_i.o
       336         56          0          0          0        136   cosf.o
       164         44          0          0          0        620   dunder.o
        44          0          0          0          0        248   fabs.o
        48          0          0          0          0        124   fpclassify.o
        38          0          0          0          0        116   fpclassifyf.o
       140         22          0          0          0        132   frexp.o
        44         12          0          0          0        464   funder.o
       228          8          0          0          0        308   ldexp.o
       964         92         56          0          0        316   log.o
       184         18          0          0          0        152   narrow.o
       248          0          0          0          0        152   poly.o
         0          0          8          0          0          0   qnan.o
      1080        142        200          0          0        188   rred.o
       340         24         32          0          0        160   rredf.o
       304         24         40          0          0        208   sin_i.o
       400         56          0          0          0        212   sinf.o
       122          0          0          0          0        148   sqrt.o
       120          0          0          0          0        272   sqrtf.o

    ----------------------------------------------------------------------
     43248       2130        947         16       4152      83614   Library Totals
        36          4          4          0          0          0   (incl. Padding)

    ----------------------------------------------------------------------

      Code (inc. data)   RO Data    RW Data    ZI Data      Debug   Library Name

     10932        338        551          0         96       6504   c_w.l
      3944        264          8          0          0       4368   fz_wm.l
     22036        812          0         16       4056      67930   libmpllib.lib
      6300        712        384          0          0       4812   m_wm.l

    ----------------------------------------------------------------------
     43248       2130        947         16       4152      83614   Library Totals

    ----------------------------------------------------------------------

==============================================================================


      Code (inc. data)   RO Data    RW Data    ZI Data      Debug   

     85030       6480      11258      10408       8728    1178447   Grand Totals
     85030       6480      11258       1424       8728    1178447   ELF Image Totals (compressed)
     85030       6480      11258       1424          0          0   ROM Totals

==============================================================================

    Total RO  Size (Code + RO Data)                96288 (  94.03kB)
    Total RW  Size (RW Data + ZI Data)             19136 (  18.69kB)
    Total ROM Size (Code + RO Data + RW Data)      97712 (  95.42kB)

==============================================================================

