Component: ARM Compiler 5.05 update 1 (build 106) Tool: armlink [4d0efa]

==============================================================================

Section Cross References

    command.o(i.Get_Command) refers to _printf_percent.o(.ARM.Collect$$_printf_percent$$00000000) for _printf_percent
    command.o(i.Get_Command) refers to _printf_d.o(.ARM.Collect$$_printf_percent$$00000009) for _printf_d
    command.o(i.Get_Command) refers to _printf_f.o(.ARM.Collect$$_printf_percent$$00000003) for _printf_f
    command.o(i.Get_Command) refers to _printf_dec.o(.text) for _printf_int_dec
    command.o(i.Get_Command) refers to printf1.o(x$fpl$printf1) for _printf_fp_dec
    command.o(i.Get_Command) refers to f2d.o(x$fpl$f2d) for __aeabi_f2d
    command.o(i.Get_Command) refers to __2printf.o(.text) for __2printf
    command.o(i.Get_Command) refers to dflt_clz.o(x$fpl$dfltu) for __aeabi_ui2d
    command.o(i.Get_Command) refers to dmul.o(x$fpl$dmul) for __aeabi_dmul
    command.o(i.Get_Command) refers to ddiv.o(x$fpl$ddiv) for __aeabi_ddiv
    command.o(i.Get_Command) refers to daddsub_clz.o(x$fpl$dsub) for __aeabi_dsub
    command.o(i.Get_Command) refers to drleqf.o(x$fpl$drleqf) for __aeabi_cdrcmple
    command.o(i.Get_Command) refers to rt_memclr_w.o(.text) for __aeabi_memclr4
    command.o(i.Get_Command) refers to atof.o(i.__hardfp_atof) for __hardfp_atof
    command.o(i.Get_Command) refers to d2f.o(x$fpl$d2f) for __aeabi_d2f
    command.o(i.Get_Command) refers to atoi.o(.text) for atoi
    command.o(i.Get_Command) refers to encoder.o(.data) for motor_circle_A
    command.o(i.Get_Command) refers to urf02.o(.data) for URF_DIST
    command.o(i.Get_Command) refers to main.o(.data) for yaw
    command.o(i.Get_Command) refers to adc.o(.data) for bat_vol
    command.o(i.Get_Command) refers to timer.o(.data) for VelocityA_tar
    command.o(i.Get_Command) refers to hs485hb.o(i.Set_HS485HB_Rotation) for Set_HS485HB_Rotation
    command.o(i.Get_Command) refers to delay.o(i.delay_ms) for delay_ms
    command.o(i.Get_Command) refers to inv_mpu.o(i.mpu_dmp_init) for mpu_dmp_init
    command.o(i.Get_Command) refers to rtc.o(i.RTC_Set_Date) for RTC_Set_Date
    command.o(i.Get_Command) refers to rtc.o(i.RTC_Set_Time) for RTC_Set_Time
    main.o(i.BOOT_UI) refers to oled.o(i.OLED_Clear) for OLED_Clear
    main.o(i.BOOT_UI) refers to beep.o(i.Beep_On) for Beep_On
    main.o(i.BOOT_UI) refers to oled.o(i.OLED_ShowPicture) for OLED_ShowPicture
    main.o(i.BOOT_UI) refers to delay.o(i.delay_ms) for delay_ms
    main.o(i.BOOT_UI) refers to beep.o(i.Beep_Off) for Beep_Off
    main.o(i.BOOT_UI) refers to oled.o(i.OLED_ShowChinese) for OLED_ShowChinese
    main.o(i.BOOT_UI) refers to oled.o(i.OLED_Refresh) for OLED_Refresh
    main.o(i.BOOT_UI) refers to main.o(.data) for BMP2
    main.o(i.BOOT_UI) refers to adc.o(.data) for bat_vol
    main.o(i.BOOT_UI) refers to main.o(.bss) for bat_vcc
    main.o(i.Filtering_Func) refers to main.o(.bss) for bat_vcc
    main.o(i.main) refers to misc.o(i.NVIC_PriorityGroupConfig) for NVIC_PriorityGroupConfig
    main.o(i.main) refers to misc.o(i.SysTick_CLKSourceConfig) for SysTick_CLKSourceConfig
    main.o(i.main) refers to usart.o(i.uart_init) for uart_init
    main.o(i.main) refers to delay.o(i.delay_ms) for delay_ms
    main.o(i.main) refers to control.o(i.Motor_Direction_Init) for Motor_Direction_Init
    main.o(i.main) refers to pwm.o(i.PWM_Init) for PWM_Init
    main.o(i.main) refers to encoder.o(i.TIM4_Init) for TIM4_Init
    main.o(i.main) refers to encoder.o(i.TIM2_Init) for TIM2_Init
    main.o(i.main) refers to encoder.o(i.TIM8_Init) for TIM8_Init
    main.o(i.main) refers to urf02.o(i.URF_Init) for URF_Init
    main.o(i.main) refers to timer.o(i.TIM1_Init) for TIM1_Init
    main.o(i.main) refers to timer.o(i.TIM1_IRQ_Config) for TIM1_IRQ_Config
    main.o(i.main) refers to timer.o(i.TIM1_NVIC_Config) for TIM1_NVIC_Config
    main.o(i.main) refers to stop.o(i.ScramButton_init) for ScramButton_init
    main.o(i.main) refers to beep.o(i.Beep_Init) for Beep_Init
    main.o(i.main) refers to iwdg.o(i.IWDG_Init) for IWDG_Init
    main.o(i.main) refers to hs485hb.o(i.TIM9_PWM_Init) for TIM9_PWM_Init
    main.o(i.main) refers to oled.o(i.OLED_Init) for OLED_Init
    main.o(i.main) refers to adc.o(i.BAT_DMA_Init) for BAT_DMA_Init
    main.o(i.main) refers to tim_6_7.o(i.TIM_6_7_INIT) for TIM_6_7_INIT
    main.o(i.main) refers to rtc.o(i.My_RTC_Init) for My_RTC_Init
    main.o(i.main) refers to mpu9250.o(i.MPU_Init) for MPU_Init
    main.o(i.main) refers to inv_mpu.o(i.mpu_dmp_init) for mpu_dmp_init
    main.o(i.main) refers to __2printf.o(.text) for __2printf
    main.o(i.main) refers to main.o(i.BOOT_UI) for BOOT_UI
    main.o(i.main) refers to main.o(i.oled_ui) for oled_ui
    main.o(i.main) refers to command.o(i.Get_Command) for Get_Command
    main.o(i.main) refers to inv_mpu.o(i.mpu_mpl_get_data) for mpu_mpl_get_data
    main.o(i.main) refers to urf02.o(i.Read_URF) for Read_URF
[...]
    __aeabi_ddiv                             0x08014135   Thumb Code     0  ddiv.o(x$fpl$ddiv)
    _ddiv                                    0x08014135   Thumb Code   552  ddiv.o(x$fpl$ddiv)
    __aeabi_cdcmpeq                          0x080143e5   Thumb Code     0  deqf.o(x$fpl$deqf)
    _dcmpeq                                  0x080143e5   Thumb Code   120  deqf.o(x$fpl$deqf)
    __aeabi_d2iz                             0x0801445d   Thumb Code     0  dfix.o(x$fpl$dfix)
    _dfix                                    0x0801445d   Thumb Code    94  dfix.o(x$fpl$dfix)
    __aeabi_d2uiz                            0x080144bd   Thumb Code     0  dfixu.o(x$fpl$dfixu)
    _dfixu                                   0x080144bd   Thumb Code    90  dfixu.o(x$fpl$dfixu)
    __aeabi_i2d                              0x08014517   Thumb Code     0  dflt_clz.o(x$fpl$dflt)
    _dflt                                    0x08014517   Thumb Code    46  dflt_clz.o(x$fpl$dflt)
    __aeabi_ui2d                             0x08014545   Thumb Code     0  dflt_clz.o(x$fpl$dfltu)
    _dfltu                                   0x08014545   Thumb Code    38  dflt_clz.o(x$fpl$dfltu)
    __aeabi_cdcmple                          0x0801456d   Thumb Code     0  dleqf.o(x$fpl$dleqf)
    _dcmple                                  0x0801456d   Thumb Code   120  dleqf.o(x$fpl$dleqf)
    __fpl_dcmple_InfNaN                      0x080145cf   Thumb Code     0  dleqf.o(x$fpl$dleqf)
    __aeabi_dmul                             0x080145e5   Thumb Code     0  dmul.o(x$fpl$dmul)
    _dmul                                    0x080145e5   Thumb Code   332  dmul.o(x$fpl$dmul)
    __fpl_dnaninf                            0x08014739   Thumb Code   156  dnaninf.o(x$fpl$dnaninf)
    __fpl_dretinf                            0x080147d5   Thumb Code    12  dretinf.o(x$fpl$dretinf)
    __aeabi_cdrcmple                         0x080147e1   Thumb Code     0  drleqf.o(x$fpl$drleqf)
    _drcmple                                 0x080147e1   Thumb Code   108  drleqf.o(x$fpl$drleqf)
    __aeabi_drsub                            0x0801484d   Thumb Code     0  daddsub_clz.o(x$fpl$drsb)
    _drsb                                    0x0801484d   Thumb Code    22  daddsub_clz.o(x$fpl$drsb)
    _dsqrt                                   0x08014865   Thumb Code   404  dsqrt_umaal.o(x$fpl$dsqrt)
    __aeabi_dsub                             0x080149fd   Thumb Code     0  daddsub_clz.o(x$fpl$dsub)
    _dsub                                    0x080149fd   Thumb Code   464  daddsub_clz.o(x$fpl$dsub)
    __aeabi_f2d                              0x08014bd1   Thumb Code     0  f2d.o(x$fpl$f2d)
    _f2d                                     0x08014bd1   Thumb Code    86  f2d.o(x$fpl$f2d)
    __aeabi_ul2f                             0x08014c27   Thumb Code     0  ffltll_clz.o(x$fpl$ffltll)
    _ll_uto_f                                0x08014c27   Thumb Code     6  ffltll_clz.o(x$fpl$ffltll)
    __aeabi_l2f                              0x08014c2d   Thumb Code     0  ffltll_clz.o(x$fpl$ffltll)
    _ll_sto_f                                0x08014c2d   Thumb Code    90  ffltll_clz.o(x$fpl$ffltll)
    __fpl_fnaninf                            0x08014c87   Thumb Code   140  fnaninf.o(x$fpl$fnaninf)
    _fp_init                                 0x08014d13   Thumb Code    10  fpinit.o(x$fpl$fpinit)
    __fplib_config_fpu_vfp                   0x08014d1b   Thumb Code     0  fpinit.o(x$fpl$fpinit)
    __fplib_config_pureend_doubles           0x08014d1b   Thumb Code     0  fpinit.o(x$fpl$fpinit)
    __fpl_fretinf                            0x08014d1d   Thumb Code    10  fretinf.o(x$fpl$fretinf)
    __aeabi_f2lz                             0x08014d29   Thumb Code     0  ffixll.o(x$fpl$llsfromf)
    _ll_sfrom_f                              0x08014d29   Thumb Code   134  ffixll.o(x$fpl$llsfromf)
    _printf_fp_dec                           0x08014daf   Thumb Code     4  printf1.o(x$fpl$printf1)
    _printf_fp_hex                           0x08014db3   Thumb Code     4  printf2.o(x$fpl$printf2)
    __fpl_return_NaN                         0x08014db7   Thumb Code   100  retnan.o(x$fpl$retnan)
    __ARM_scalbn                             0x08014e1b   Thumb Code    92  scalbn.o(x$fpl$scalbn)
    _scanf_real                              0x08014e77   Thumb Code     4  scanf1.o(x$fpl$scanf1)
    _scanf_hex_real                          0x08014e7b   Thumb Code     4  scanf2.o(x$fpl$scanf2)
    _scanf_infnan                            0x08014e7f   Thumb Code     4  scanf2.o(x$fpl$scanf2)
    __fpl_cmpreturn                          0x08014e83   Thumb Code    48  trapv.o(x$fpl$trapveneer)
    __I$use$fp                               0x08014eb2   Number         0  usenofp.o(x$fpl$usenofp)
    asc2_1206                                0x08014eb2   Data        1140  oled.o(.constdata)
    asc2_1608                                0x08015326   Data        1520  oled.o(.constdata)
    asc2_2412                                0x08015916   Data        3420  oled.o(.constdata)
    reg                                      0x08016674   Data          42  inv_mpu.o(.constdata)
    hw                                       0x0801669e   Data          14  inv_mpu.o(.constdata)
    test                                     0x080166ac   Data          48  inv_mpu.o(.constdata)
    ml_ver                                   0x080174d2   Data          20  mpl.o(.constdata)
    __mathlib_zero                           0x080175b0   Data           8  qnan.o(.constdata)
    Region$$Table$$Base                      0x080177d4   Number         0  anon$$obj.o(Region$$Table)
    Region$$Table$$Limit                     0x080177f4   Number         0  anon$$obj.o(Region$$Table)
    __aeabi_HUGE_VAL                         0x080177f4   Data           0  fpconst.o(c$$dinf)
    __aeabi_HUGE_VALL                        0x080177f4   Data           0  fpconst.o(c$$dinf)
    __aeabi_INFINITY                         0x080177f4   Data           0  fpconst.o(c$$dinf)
    __dInf                                   0x080177f4   Data           0  fpconst.o(c$$dinf)
    __huge_val                               0x080177f4   Data           0  fpconst.o(c$$dinf)
    __ctype                                  0x08017825   Data           0  lc_ctype_c.o(locale$$data)
    BMP1                                     0x20000000   Data        1024  main.o(.data)
    BMP2                                     0x20000400   Data        1024  main.o(.data)
    UPDATE_FLAG                              0x20000800   Data           1  main.o(.data)
    STOP_FLAG                                0x20000801   Data           1  main.o(.data)
    DROP_FLAG                                0x20000802   Data           1  main.o(.data)
    GUARD_DROP_ENABLE                        0x20000803   Data           1  main.o(.data)
    GUARD_ULTRA_ENABLE                       0x20000804   Data           1  main.o(.data)
    GUARD_MPU9250_ENBLE                      0x20000805   Data           1  main.o(.data)
    pitch                                    0x20000808   Data           4  main.o(.data)
    roll                                     0x2000080c   Data           4  main.o(.data)
    yaw                                      0x20000810   Data           4  main.o(.data)
    count1                                   0x20000814   Data           4  main.o(.data)
    date_up                                  0x20000820   Data           1  main.o(.data)
    mpu_outtime                              0x20000821   Data           1  main.o(.data)
    bat_vol                                  0x2000082c   Data           4  adc.o(.data)
    motor_circle_A                           0x20000830   Data           4  encoder.o(.data)
    motor_circle_B                           0x20000834   Data           4  encoder.o(.data)
    motor_circle_C                           0x20000838   Data           4  encoder.o(.data)
    motor_circle_D                           0x2000083c   Data           4  encoder.o(.data)
    Hzk1                                     0x20000840   Data         480  oled.o(.data)
    Hzk2                                     0x20000a20   Data        2880  oled.o(.data)
    Hzk3                                     0x20001560   Data         512  oled.o(.data)
    Hzk4                                     0x20001760   Data        4096  oled.o(.data)
    VelocityA_Kp                             0x20002760   Data           4  timer.o(.data)
    VelocityA_Ki                             0x20002764   Data           4  timer.o(.data)
    VelocityA_Kd                             0x20002768   Data           4  timer.o(.data)
    pre_encoderA                             0x2000276c   Data           4  timer.o(.data)
    encoderA                                 0x20002770   Data           4  timer.o(.data)
    VelocityA                                0x20002774   Data           4  timer.o(.data)
    VelocityA_Er_pre                         0x20002778   Data           4  timer.o(.data)
    VelocityA_Er                             0x2000277c   Data           4  timer.o(.data)
    VelocityA_tar                            0x20002780   Data           4  timer.o(.data)
    VelocityA_cur                            0x20002784   Data           4  timer.o(.data)
    VelocityA_Int                            0x20002788   Data           4  timer.o(.data)
    Turn_DurationA                           0x2000278c   Data           4  timer.o(.data)
    VelocityB_Kp                             0x20002790   Data           4  timer.o(.data)
    VelocityB_Ki                             0x20002794   Data           4  timer.o(.data)
    VelocityB_Kd                             0x20002798   Data           4  timer.o(.data)
    pre_encoderB                             0x2000279c   Data           4  timer.o(.data)
    encoderB                                 0x200027a0   Data           4  timer.o(.data)
    VelocityB                                0x200027a4   Data           4  timer.o(.data)
    VelocityB_Er_pre                         0x200027a8   Data           4  timer.o(.data)
    VelocityB_Er                             0x200027ac   Data           4  timer.o(.data)
    VelocityB_tar                            0x200027b0   Data           4  timer.o(.data)
    VelocityB_cur                            0x200027b4   Data           4  timer.o(.data)
    VelocityB_Int                            0x200027b8   Data           4  timer.o(.data)
    Turn_DurationB                           0x200027bc   Data           4  timer.o(.data)
    VelocityC_Kp                             0x200027c0   Data           4  timer.o(.data)
    VelocityC_Ki                             0x200027c4   Data           4  timer.o(.data)
    VelocityC_Kd                             0x200027c8   Data           4  timer.o(.data)
    pre_encoderC                             0x200027cc   Data           4  timer.o(.data)
    encoderC                                 0x200027d0   Data           4  timer.o(.data)
    VelocityC                                0x200027d4   Data           4  timer.o(.data)
    VelocityC_Er_pre                         0x200027d8   Data           4  timer.o(.data)
    VelocityC_Er                             0x200027dc   Data           4  timer.o(.data)
    VelocityC_tar                            0x200027e0   Data           4  timer.o(.data)
    VelocityC_cur                            0x200027e4   Data           4  timer.o(.data)
    VelocityC_Int                            0x200027e8   Data           4  timer.o(.data)
    Turn_DurationC                           0x200027ec   Data           4  timer.o(.data)
    VelocityD_Kp                             0x200027f0   Data           4  timer.o(.data)
    VelocityD_Ki                             0x200027f4   Data           4  timer.o(.data)
    VelocityD_Kd                             0x200027f8   Data           4  timer.o(.data)
    pre_encoderD                             0x200027fc   Data           4  timer.o(.data)
    encoderD                                 0x20002800   Data           4  timer.o(.data)
    VelocityD                                0x20002804   Data           4  timer.o(.data)
    VelocityD_Er_pre                         0x20002808   Data           4  timer.o(.data)
    VelocityD_Er                             0x2000280c   Data           4  timer.o(.data)
    VelocityD_tar                            0x20002810   Data           4  timer.o(.data)
    VelocityD_cur                            0x20002814   Data           4  timer.o(.data)
    VelocityD_Int                            0x20002818   Data           4  timer.o(.data)
    Turn_DurationD                           0x2000281c   Data           4  timer.o(.data)
    counting                                 0x20002820   Data           2  urf02.o(.data)
    over_time                                0x20002822   Data           2  urf02.o(.data)
    URF_DIST                                 0x20002824   Data           8  urf02.o(.data)
    mpl_key                                  0x2000282c   Data           4  inv_mpu.o(.data)
    __stdout                                 0x20002890   Data           4  usart.o(.data)
    USART_RX_STA                             0x20002894   Data           2  usart.o(.data)
    g_usart1_event                           0x20002896   Data           1  usart.o(.data)
    tbuf                                     0x200028a8   Data          50  main.o(.bss)
    bat_vcc                                  0x200028dc   Data          80  main.o(.bss)
    OLED_GRAM                                0x2000294a   Data        1152  oled.o(.bss)
    USART_RX_BUF                             0x20003414   Data         200  usart.o(.bss)
    cb                                       0x200034e0   Data         232  compass_vec_cal.o(.bss)
    cb_test                                  0x200035c8   Data         232  compass_vec_cal.o(.bss)
    cb_sim                                   0x200036b0   Data         232  compass_vec_cal.o(.bss)
    vc                                       0x20003798   Data         424  compass_vec_cal.o(.bss)
    fnm                                      0x20003940   Data         608  fast_no_motion.o(.bss)
    s9axis                                   0x20003be0   Data         312  fusion_9axis.o(.bss)
    mag_disturb                              0x20003edc   Data         184  mag_disturb.o(.bss)
    __libspace_start                         0x200044b8   Data          96  libspace.o(.bss)
    __temporary_stack_top$libspace           0x20004518   Data           0  libspace.o(.bss)



==============================================================================

Memory Map of the image

  Image Entry point : 0x08000189

  Load Region LR_IROM1 (Base: 0x08000000, Size: 0x0001a1d0, Max: 0x00080000, ABSOLUTE, COMPRESSED[0x00017eb8])

    Execution Region ER_IROM1 (Base: 0x08000000, Size: 0x00017928, Max: 0x00080000, ABSOLUTE)

    Base Addr    Size         Type   Attr      Idx    E Section Name        Object

    0x08000000   0x00000188   Data   RO         6036    RESET               startup_stm32f40_41xxx.o
    0x08000188   0x00000008   Code   RO         6466  * !!!main             c_w.l(__main.o)
    0x08000190   0x00000034   Code   RO         7144    !!!scatter          c_w.l(__scatter.o)
    0x080001c4   0x0000005a   Code   RO         7142    !!dczerorl2         c_w.l(__dczerorl2.o)
    0x0800021e   0x00000002   PAD
    0x08000220   0x0000001c   Code   RO         7146    !!handler_zi        c_w.l(__scatter_zi.o)
    0x0800023c   0x00000000   Code   RO         6445    .ARM.Collect$$_printf_percent$$00000000  c_w.l(_printf_percent.o)
    0x0800023c   0x00000006   Code   RO         6766    .ARM.Collect$$_printf_percent$$00000001  c_w.l(_printf_n.o)
    0x08000242   0x00000006   Code   RO         6767    .ARM.Collect$$_printf_percent$$00000002  c_w.l(_printf_p.o)
    0x08000248   0x00000006   Code   RO         6444    .ARM.Collect$$_printf_percent$$00000003  c_w.l(_printf_f.o)
    0x0800024e   0x00000006   Code   RO         6771    .ARM.Collect$$_printf_percent$$00000004  c_w.l(_printf_e.o)
    0x08000254   0x00000006   Code   RO         6772    .ARM.Collect$$_printf_percent$$00000005  c_w.l(_printf_g.o)
    0x0800025a   0x00000006   Code   RO         6773    .ARM.Collect$$_printf_percent$$00000006  c_w.l(_printf_a.o)
    0x08000260   0x0000000a   Code   RO         6778    .ARM.Collect$$_printf_percent$$00000007  c_w.l(_printf_ll.o)
    0x0800026a   0x00000006   Code   RO         6769    .ARM.Collect$$_printf_percent$$00000008  c_w.l(_printf_i.o)
    0x08000270   0x00000006   Code   RO         6443    .ARM.Collect$$_printf_percent$$00000009  c_w.l(_printf_d.o)
    0x08000276   0x00000006   Code   RO         6770    .ARM.Collect$$_printf_percent$$0000000A  c_w.l(_printf_u.o)
    0x0800027c   0x00000006   Code   RO         6768    .ARM.Collect$$_printf_percent$$0000000B  c_w.l(_printf_o.o)
    0x08000282   0x00000006   Code   RO         6442    .ARM.Collect$$_printf_percent$$0000000C  c_w.l(_printf_x.o)
    0x08000288   0x00000006   Code   RO         6775    .ARM.Collect$$_printf_percent$$0000000D  c_w.l(_printf_lli.o)
    0x0800028e   0x00000006   Code   RO         6776    .ARM.Collect$$_printf_percent$$0000000E  c_w.l(_printf_lld.o)
    0x08000294   0x00000006   Code   RO         6777    .ARM.Collect$$_printf_percent$$0000000F  c_w.l(_printf_llu.o)
    0x0800029a   0x00000006   Code   RO         6782    .ARM.Collect$$_printf_percent$$00000010  c_w.l(_printf_llo.o)
    0x080002a0   0x00000006   Code   RO         6783    .ARM.Collect$$_printf_percent$$00000011  c_w.l(_printf_llx.o)
    0x080002a6   0x0000000a   Code   RO         6779    .ARM.Collect$$_printf_percent$$00000012  c_w.l(_printf_l.o)
    0x080002b0   0x00000006   Code   RO         6765    .ARM.Collect$$_printf_percent$$00000013  c_w.l(_printf_c.o)
    0x080002b6   0x00000006   Code   RO         6441    .ARM.Collect$$_printf_percent$$00000014  c_w.l(_printf_s.o)
    0x080002bc   0x00000006   Code   RO         6780    .ARM.Collect$$_printf_percent$$00000015  c_w.l(_printf_lc.o)
    0x080002c2   0x00000006   Code   RO         6781    .ARM.Collect$$_printf_percent$$00000016  c_w.l(_printf_ls.o)
    0x080002c8   0x00000004   Code   RO         6774    .ARM.Collect$$_printf_percent$$00000017  c_w.l(_printf_percent_end.o)
    0x080002cc   0x00000002   Code   RO         6969    .ARM.Collect$$libinit$$00000000  c_w.l(libinit.o)
    0x080002ce   0x00000004   Code   RO         6970    .ARM.Collect$$libinit$$00000001  c_w.l(libinit2.o)
    0x080002d2   0x00000000   Code   RO         6973    .ARM.Collect$$libinit$$00000004  c_w.l(libinit2.o)
    0x080002d2   0x00000000   Code   RO         6976    .ARM.Collect$$libinit$$0000000A  c_w.l(libinit2.o)
    0x080002d2   0x00000000   Code   RO         6978    .ARM.Collect$$libinit$$0000000C  c_w.l(libinit2.o)
    0x080002d2   0x00000000   Code   RO         6980    .ARM.Collect$$libinit$$0000000E  c_w.l(libinit2.o)
    0x080002d2   0x00000006   Code   RO         6981    .ARM.Collect$$libinit$$0000000F  c_w.l(libinit2.o)
    0x080002d8   0x00000000   Code   RO         6983    .ARM.Collect$$libinit$$00000011  c_w.l(libinit2.o)
    0x080002d8   0x0000000c   Code   RO         6984    .ARM.Collect$$libinit$$00000012  c_w.l(libinit2.o)
    0x080002e4   0x00000000   Code   RO         6985    .ARM.Collect$$libinit$$00000013  c_w.l(libinit2.o)
    0x080002e4   0x00000000   Code   RO         6987    .ARM.Collect$$libinit$$00000015  c_w.l(libinit2.o)
    0x080002e4   0x0000000a   Code   RO         6988    .ARM.Collect$$libinit$$00000016  c_w.l(libinit2.o)
    0x080002ee   0x00000000   Code   RO         6989    .ARM.Collect$$libinit$$00000017  c_w.l(libinit2.o)
    0x080002ee   0x00000000   Code   RO         6991    .ARM.Collect$$libinit$$00000019  c_w.l(libinit2.o)
    0x080002ee   0x00000000   Code   RO         6993    .ARM.Collect$$libinit$$0000001B  c_w.l(libinit2.o)
    0x080002ee   0x00000000   Code   RO         6995    .ARM.Collect$$libinit$$0000001D  c_w.l(libinit2.o)
    0x080002ee   0x00000000   Code   RO         6997    .ARM.Collect$$libinit$$0000001F  c_w.l(libinit2.o)
    0x080002ee   0x00000000   Code   RO         6999    .ARM.Collect$$libinit$$00000021  c_w.l(libinit2.o)
    0x080002ee   0x00000000   Code   RO         7001    .ARM.Collect$$libinit$$00000023  c_w.l(libinit2.o)
    0x080002ee   0x00000000   Code   RO         7003    .ARM.Collect$$libinit$$00000025  c_w.l(libinit2.o)
    0x080002ee   0x00000000   Code   RO         7007    .ARM.Collect$$libinit$$0000002C  c_w.l(libinit2.o)
    0x080002ee   0x00000000   Code   RO         7009    .ARM.Collect$$libinit$$0000002E  c_w.l(libinit2.o)
    0x080002ee   0x00000000   Code   RO         7011    .ARM.Collect$$libinit$$00000030  c_w.l(libinit2.o)
    0x080002ee   0x00000000   Code   RO         7013    .ARM.Collect$$libinit$$00000032  c_w.l(libinit2.o)
    0x080002ee   0x00000002   Code   RO         7014    .ARM.Collect$$libinit$$00000033  c_w.l(libinit2.o)
    0x080002f0   0x00000002   Code   RO         7087    .ARM.Collect$$libshutdown$$00000000  c_w.l(libshutdown.o)
    0x080002f2   0x00000000   Code   RO         7113    .ARM.Collect$$libshutdown$$00000003  c_w.l(libshutdown2.o)
    0x080002f2   0x00000000   Code   RO         7116    .ARM.Collect$$libshutdown$$00000006  c_w.l(libshutdown2.o)
    0x080002f2   0x00000000   Code   RO         7119    .ARM.Collect$$libshutdown$$00000009  c_w.l(libshutdown2.o)
    0x080002f2   0x00000000   Code   RO         7121    .ARM.Collect$$libshutdown$$0000000B  c_w.l(libshutdown2.o)
    0x080002f2   0x00000000   Code   RO         7124    .ARM.Collect$$libshutdown$$0000000E  c_w.l(libshutdown2.o)
    0x080002f2   0x00000002   Code   RO         7125    .ARM.Collect$$libshutdown$$0000000F  c_w.l(libshutdown2.o)
    0x080002f4   0x00000000   Code   RO         6728    .ARM.Collect$$rtentry$$00000000  c_w.l(__rtentry.o)
    0x080002f4   0x00000000   Code   RO         6867    .ARM.Collect$$rtentry$$00000002  c_w.l(__rtentry2.o)
    0x080002f4   0x00000006   Code   RO         6879    .ARM.Collect$$rtentry$$00000004  c_w.l(__rtentry4.o)
    0x080002fa   0x00000000   Code   RO         6869    .ARM.Collect$$rtentry$$00000009  c_w.l(__rtentry2.o)
    0x080002fa   0x00000004   Code   RO         6870    .ARM.Collect$$rtentry$$0000000A  c_w.l(__rtentry2.o)
    0x080002fe   0x00000000   Code   RO         6872    .ARM.Collect$$rtentry$$0000000C  c_w.l(__rtentry2.o)
    0x080002fe   0x00000008   Code   RO         6873    .ARM.Collect$$rtentry$$0000000D  c_w.l(__rtentry2.o)
    0x08000306   0x00000002   Code   RO         7017    .ARM.Collect$$rtexit$$00000000  c_w.l(rtexit.o)
    0x08000308   0x00000000   Code   RO         7047    .ARM.Collect$$rtexit$$00000002  c_w.l(rtexit2.o)
    0x08000308   0x00000004   Code   RO         7048    .ARM.Collect$$rtexit$$00000003  c_w.l(rtexit2.o)
    0x0800030c   0x00000006   Code   RO         7049    .ARM.Collect$$rtexit$$00000004  c_w.l(rtexit2.o)
    0x08000312   0x00000002   PAD
    0x08000314   0x00000040   Code   RO         6037    .text               startup_stm32f40_41xxx.o
    0x08000354   0x000024f0   Code   RO         6140    .text               libmpllib.lib(compass_vec_cal.o)
    0x08002844   0x00000a18   Code   RO         6230    .text               libmpllib.lib(fast_no_motion.o)
    0x0800325c   0x000006b0   Code   RO         6263    .text               libmpllib.lib(fusion_9axis.o)
    0x0800390c   0x000004c4   Code   RO         6285    .text               libmpllib.lib(gyro_tc.o)
    0x08003dd0   0x000005c0   Code   RO         6303    .text               libmpllib.lib(mag_disturb.o)
    0x08004390   0x00000994   Code   RO         6325    .text               libmpllib.lib(quaternion_supervisor.o)
    0x08004d24   0x00000c44   Code   RO         6343    .text               libmpllib.lib(accel_auto_cal.o)
    0x08005968   0x00000002   Code   RO         6374    .text               c_w.l(use_no_semi_2.o)
    0x0800596a   0x00000026   Code   RO         6376    .text               c_w.l(llshl.o)
    0x08005990   0x00000026   Code   RO         6378    .text               c_w.l(llsshr.o)
    0x080059b6   0x00000048   Code   RO         6380    .text               c_w.l(llsdiv.o)
    0x080059fe   0x00000002   PAD
    0x08005a00   0x00000024   Code   RO         6382    .text               c_w.l(vsprintf.o)
    0x08005a24   0x00000018   Code   RO         6384    .text               c_w.l(__2printf.o)
    0x08005a3c   0x0000002c   Code   RO         6386    .text               c_w.l(__2sprintf.o)
    0x08005a68   0x0000004e   Code   RO         6394    .text               c_w.l(_printf_pad.o)
    0x08005ab6   0x00000052   Code   RO         6396    .text               c_w.l(_printf_str.o)
    0x08005b08   0x00000078   Code   RO         6398    .text               c_w.l(_printf_dec.o)
    0x08005b80   0x00000094   Code   RO         6418    .text               c_w.l(_printf_hex_int_ll_ptr.o)
    0x08005c14   0x00000188   Code   RO         6438    .text               c_w.l(__printf_flags_ss_wp.o)
    0x08005d9c   0x0000001a   Code   RO         6446    .text               c_w.l(atoi.o)
    0x08005db6   0x00000058   Code   RO         6448    .text               c_w.l(memcmp.o)
    0x08005e0e   0x00000048   Code   RO         6450    .text               c_w.l(strcpy.o)
    0x08005e56   0x0000008a   Code   RO         6452    .text               c_w.l(rt_memcpy_v6.o)
    0x08005ee0   0x00000064   Code   RO         6454    .text               c_w.l(rt_memcpy_w.o)
    0x08005f44   0x0000007a   Code   RO         6456    .text               c_w.l(rt_memmove_w.o)
    0x08005fbe   0x00000010   Code   RO         6458    .text               c_w.l(aeabi_memset.o)
    0x08005fce   0x00000044   Code   RO         6460    .text               c_w.l(rt_memclr.o)
    0x08006012   0x0000004e   Code   RO         6462    .text               c_w.l(rt_memclr_w.o)
    0x08006060   0x00000006   Code   RO         6464    .text               c_w.l(heapauxi.o)
    0x08006066   0x00000002   Code   RO         6726    .text               c_w.l(use_no_semi.o)
    0x08006068   0x00000008   Code   RO         6732    .text               c_w.l(rt_errno_addr_intlibspace.o)
    0x08006070   0x000000ee   Code   RO         6734    .text               c_w.l(lludivv7m.o)
    0x0800615e   0x00000016   Code   RO         6736    .text               c_w.l(_rserrno.o)
    0x08006174   0x00000024   Code   RO         6738    .text               c_w.l(_printf_truncate.o)
    0x08006198   0x000000b2   Code   RO         6740    .text               c_w.l(_printf_intcommon.o)
    0x0800624a   0x00000028   Code   RO         6742    .text               c_w.l(_printf_charcount.o)
    0x08006272   0x0000041a   Code   RO         6744    .text               c_w.l(_printf_fp_dec.o)
    0x0800668c   0x00000030   Code   RO         6746    .text               c_w.l(_printf_char_common.o)
    0x080066bc   0x0000000a   Code   RO         6748    .text               c_w.l(_sputc.o)
    0x080066c6   0x0000002c   Code   RO         6750    .text               c_w.l(_printf_char.o)
    0x080066f2   0x00000002   PAD
    0x080066f4   0x00000024   Code   RO         6752    .text               c_w.l(_printf_char_file.o)
    0x08006718   0x000000bc   Code   RO         6754    .text               c_w.l(_printf_wctomb.o)
    0x080067d4   0x0000007c   Code   RO         6757    .text               c_w.l(_printf_longlong_dec.o)
    0x08006850   0x00000070   Code   RO         6763    .text               c_w.l(_printf_oct_int_ll.o)
    0x080068c0   0x000000a0   Code   RO         6784    .text               c_w.l(strtod.o)
    0x08006960   0x00000070   Code   RO         6786    .text               c_w.l(strtol.o)
    0x080069d0   0x00000008   Code   RO         6863    .text               c_w.l(libspace.o)
    0x080069d8   0x00000010   Code   RO         6881    .text               c_w.l(rt_ctype_table.o)
    0x080069e8   0x00000008   Code   RO         6890    .text               c_w.l(rt_locale_intlibspace.o)
    0x080069f0   0x0000008a   Code   RO         6892    .text               c_w.l(lludiv10.o)
    0x08006a7a   0x00000012   Code   RO         6894    .text               c_w.l(isspace.o)
    0x08006a8c   0x000002fc   Code   RO         6896    .text               c_w.l(_printf_fp_hex.o)
    0x08006d88   0x00000080   Code   RO         6899    .text               c_w.l(_printf_fp_infnan.o)
    0x08006e08   0x0000002c   Code   RO         6903    .text               c_w.l(_printf_wchar.o)
    0x08006e34   0x00000040   Code   RO         6905    .text               c_w.l(_sgetc.o)
    0x08006e74   0x0000009e   Code   RO         6907    .text               c_w.l(_strtoul.o)
    0x08006f12   0x00000002   PAD
    0x08006f14   0x000000dc   Code   RO         6909    .text               c_w.l(bigflt0.o)
    0x08006ff0   0x00000008   Code   RO         6934    .text               c_w.l(ferror.o)
    0x08006ff8   0x00000040   Code   RO         6938    .text               c_w.l(_wcrtomb.o)
    0x08007038   0x0000004a   Code   RO         6949    .text               c_w.l(sys_stackheap_outer.o)
    0x08007082   0x0000001c   Code   RO         6953    .text               c_w.l(_chval.o)
    0x0800709e   0x00000002   PAD
    0x080070a0   0x000004a4   Code   RO         6955    .text               c_w.l(scanf_fp.o)
    0x08007544   0x0000000c   Code   RO         6960    .text               c_w.l(exit.o)
    0x08007550   0x00000080   Code   RO         6962    .text               c_w.l(strcmpv7m.o)
    0x080075d0   0x00000318   Code   RO         7055    .text               c_w.l(scanf_hexfp.o)
    0x080078e8   0x00000134   Code   RO         7057    .text               c_w.l(scanf_infnan.o)
    0x08007a1c   0x0000003e   Code   RO         6912    CL$$btod_d2e        c_w.l(btod.o)
    0x08007a5a   0x00000046   Code   RO         6914    CL$$btod_d2e_denorm_low  c_w.l(btod.o)
    0x08007aa0   0x00000060   Code   RO         6913    CL$$btod_d2e_norm_op1  c_w.l(btod.o)
    0x08007b00   0x00000338   Code   RO         6922    CL$$btod_div_common  c_w.l(btod.o)
    0x08007e38   0x00000054   Code   RO         6920    CL$$btod_e2d        c_w.l(btod.o)
    0x08007e8c   0x000000c6   Code   RO         6919    CL$$btod_e2e        c_w.l(btod.o)
    0x08007f52   0x00000028   Code   RO         6916    CL$$btod_ediv       c_w.l(btod.o)
    0x08007f7a   0x00000028   Code   RO         6918    CL$$btod_edivd      c_w.l(btod.o)
    0x08007fa2   0x00000028   Code   RO         6915    CL$$btod_emul       c_w.l(btod.o)
    0x08007fca   0x00000028   Code   RO         6917    CL$$btod_emuld      c_w.l(btod.o)
    0x08007ff2   0x00000244   Code   RO         6921    CL$$btod_mult_common  c_w.l(btod.o)
    0x08008236   0x00000016   Code   RO         3429    i.ADC_Cmd           stm32f4xx_adc.o
    0x0800824c   0x00000030   Code   RO         3430    i.ADC_CommonInit    stm32f4xx_adc.o
    0x0800827c   0x00000016   Code   RO         3433    i.ADC_DMACmd        stm32f4xx_adc.o
    0x08008292   0x00000016   Code   RO         3434    i.ADC_DMARequestAfterLastTransferCmd  stm32f4xx_adc.o
    0x080082a8   0x00000054   Code   RO         3449    i.ADC_Init          stm32f4xx_adc.o
    0x080082fc   0x000000b8   Code   RO         3454    i.ADC_RegularChannelConfig  stm32f4xx_adc.o
    0x080083b4   0x0000000a   Code   RO         3456    i.ADC_SoftwareStartConv  stm32f4xx_adc.o
    0x080083be   0x00000002   PAD
    0x080083c0   0x000000c4   Code   RO          413    i.BAT_ADC_Init      adc.o
    0x08008484   0x00000078   Code   RO          414    i.BAT_DMA_Init      adc.o
    0x080084fc   0x0000018c   Code   RO          186    i.BOOT_UI           main.o
    0x08008688   0x000000ac   Code   RO          479    i.Beep_Init         beep.o
    0x08008734   0x00000010   Code   RO          480    i.Beep_Off          beep.o
    0x08008744   0x00000010   Code   RO          481    i.Beep_On           beep.o
    0x08008754   0x00000004   Code   RO          304    i.BusFault_Handler  stm32f4xx_it.o
    0x08008758   0x00000016   Code   RO         5434    i.DMA_Cmd           stm32f4xx_dma.o
    0x0800876e   0x00000014   Code   RO         5439    i.DMA_GetCmdStatus  stm32f4xx_dma.o
    0x08008782   0x00000002   PAD
    0x08008784   0x00000058   Code   RO         5446    i.DMA_Init          stm32f4xx_dma.o
    0x080087dc   0x00000002   Code   RO          305    i.DebugMon_Handler  stm32f4xx_it.o
    0x080087de   0x00000002   PAD
    0x080087e0   0x00000178   Code   RO         1093    i.EXTI15_10_IRQHandler  urf02.o
    0x08008958   0x0000000c   Code   RO         3666    i.EXTI_ClearITPendingBit  stm32f4xx_exti.o
    0x08008964   0x00000018   Code   RO         3670    i.EXTI_GetITStatus  stm32f4xx_exti.o
    0x0800897c   0x00000094   Code   RO         3671    i.EXTI_Init         stm32f4xx_exti.o
    0x08008a10   0x000000a0   Code   RO          187    i.Filtering_Func    main.o
    0x08008ab0   0x00000090   Code   RO         3859    i.GPIO_Init         stm32f4xx_gpio.o
    0x08008b40   0x00000046   Code   RO         3860    i.GPIO_PinAFConfig  stm32f4xx_gpio.o
    0x08008b86   0x00000012   Code   RO         3863    i.GPIO_ReadInputDataBit  stm32f4xx_gpio.o
    0x08008b98   0x00000004   Code   RO         3866    i.GPIO_ResetBits    stm32f4xx_gpio.o
    0x08008b9c   0x000000de   Code   RO         6093    i.GPIO_Set          sys.o
    0x08008c7a   0x00000004   Code   RO         3867    i.GPIO_SetBits      stm32f4xx_gpio.o
    0x08008c7e   0x00000002   PAD
    0x08008c80   0x00000bc0   Code   RO            3    i.Get_Command       command.o
    0x08009840   0x00000090   Code   RO          417    i.Get_DMA_distance  adc.o
    0x080098d0   0x00000004   Code   RO          306    i.HardFault_Handler  stm32f4xx_it.o
    0x080098d4   0x00000050   Code   RO          711    i.IIC_Ack           myiic.o
    0x08009924   0x00000044   Code   RO          712    i.IIC_Init          myiic.o
    0x08009968   0x00000050   Code   RO          713    i.IIC_NAck          myiic.o
    0x080099b8   0x0000006c   Code   RO          714    i.IIC_Read_Byte     myiic.o
    0x08009a24   0x00000068   Code   RO          715    i.IIC_Send_Byte     myiic.o
    0x08009a8c   0x0000004c   Code   RO          716    i.IIC_Start         myiic.o
    0x08009ad8   0x0000004c   Code   RO          717    i.IIC_Stop          myiic.o
    0x08009b24   0x00000060   Code   RO          718    i.IIC_Wait_Ack      myiic.o
    0x08009b84   0x00000010   Code   RO         4180    i.IWDG_Enable       stm32f4xx_iwdg.o
    0x08009b94   0x00000008   Code   RO          685    i.IWDG_Feed         iwdg.o
    0x08009b9c   0x00000024   Code   RO          686    i.IWDG_Init         iwdg.o
    0x08009bc0   0x00000010   Code   RO         4182    i.IWDG_ReloadCounter  stm32f4xx_iwdg.o
    0x08009bd0   0x0000000c   Code   RO         4183    i.IWDG_SetPrescaler  stm32f4xx_iwdg.o
    0x08009bdc   0x0000000c   Code   RO         4184    i.IWDG_SetReload    stm32f4xx_iwdg.o
    0x08009be8   0x0000000c   Code   RO         4185    i.IWDG_WriteAccessCmd  stm32f4xx_iwdg.o
    0x08009bf4   0x000000c0   Code   RO          780    i.MPU_Init          mpu9250.o
    0x08009cb4   0x00000048   Code   RO          781    i.MPU_Read_Byte     mpu9250.o
    0x08009cfc   0x00000074   Code   RO          782    i.MPU_Read_Len      mpu9250.o
    0x08009d70   0x00000012   Code   RO          783    i.MPU_Set_Accel_Fsr  mpu9250.o
    0x08009d82   0x00000016   Code   RO          784    i.MPU_Set_Gyro_Fsr  mpu9250.o
    0x08009d98   0x0000003c   Code   RO          785    i.MPU_Set_LPF       mpu9250.o
    0x08009dd4   0x0000003c   Code   RO          786    i.MPU_Set_Rate      mpu9250.o
    0x08009e10   0x0000004c   Code   RO          787    i.MPU_Write_Byte    mpu9250.o
    0x08009e5c   0x00000060   Code   RO          788    i.MPU_Write_Len     mpu9250.o
    0x08009ebc   0x00000004   Code   RO          307    i.MemManage_Handler  stm32f4xx_it.o
    0x08009ec0   0x000000ec   Code   RO          511    i.Motor_Direction_Init  control.o
    0x08009fac   0x00000044   Code   RO         1001    i.MySPI_Init        spi.o
    0x08009ff0   0x0000005e   Code   RO         1219    i.My_RTC_Init       rtc.o
    0x0800a04e   0x00000002   Code   RO          308    i.NMI_Handler       stm32f4xx_it.o
    0x0800a050   0x00000078   Code   RO         3379    i.NVIC_Init         misc.o
    0x0800a0c8   0x00000014   Code   RO         3380    i.NVIC_PriorityGroupConfig  misc.o
    0x0800a0dc   0x00000030   Code   RO          868    i.OLED_Clear        oled.o
    0x0800a10c   0x0000003c   Code   RO          875    i.OLED_DrawPoint    oled.o
    0x0800a148   0x00000110   Code   RO          876    i.OLED_Init         oled.o
    0x0800a258   0x0000004c   Code   RO          878    i.OLED_Refresh      oled.o
    0x0800a2a4   0x000000f4   Code   RO          880    i.OLED_ShowChar     oled.o
    0x0800a398   0x00000100   Code   RO          881    i.OLED_ShowChinese  oled.o
    0x0800a498   0x00000062   Code   RO          883    i.OLED_ShowPicture  oled.o
    0x0800a4fa   0x00000042   Code   RO          884    i.OLED_ShowString   oled.o
    0x0800a53c   0x0000002e   Code   RO          885    i.OLED_WR_BP        oled.o
    0x0800a56a   0x00000002   PAD
    0x0800a56c   0x00000074   Code   RO         1002    i.OLED_WR_Byte      spi.o
    0x0800a5e0   0x0000015c   Code   RO         1027    i.PWM_Init          pwm.o
    0x0800a73c   0x0000000c   Code   RO         5914    i.PWR_BackupAccessCmd  stm32f4xx_pwr.o
    0x0800a748   0x00000002   Code   RO          309    i.PendSV_Handler    stm32f4xx_it.o
    0x0800a74a   0x00000002   PAD
    0x0800a74c   0x00000020   Code   RO         4230    i.RCC_AHB1PeriphClockCmd  stm32f4xx_rcc.o
    0x0800a76c   0x00000020   Code   RO         4239    i.RCC_APB1PeriphClockCmd  stm32f4xx_rcc.o
    0x0800a78c   0x00000020   Code   RO         4242    i.RCC_APB2PeriphClockCmd  stm32f4xx_rcc.o
    0x0800a7ac   0x000000e8   Code   RO         4251    i.RCC_GetClocksFreq  stm32f4xx_rcc.o
    0x0800a894   0x00000040   Code   RO         4252    i.RCC_GetFlagStatus  stm32f4xx_rcc.o
    0x0800a8d4   0x0000000c   Code   RO         4262    i.RCC_LSICmd        stm32f4xx_rcc.o
    0x0800a8e0   0x0000000c   Code   RO         4274    i.RCC_RTCCLKCmd     stm32f4xx_rcc.o
    0x0800a8ec   0x0000003c   Code   RO         4275    i.RCC_RTCCLKConfig  stm32f4xx_rcc.o
    0x0800a928   0x0000001e   Code   RO         1220    i.RTC_Alarm_IRQHandler  rtc.o
    0x0800a946   0x00000016   Code   RO         5563    i.RTC_Bcd2ToByte    stm32f4xx_rtc.o
    0x0800a95c   0x0000001c   Code   RO         5565    i.RTC_ByteToBcd2    stm32f4xx_rtc.o
    0x0800a978   0x0000001c   Code   RO         5568    i.RTC_ClearFlag     stm32f4xx_rtc.o
    0x0800a994   0x00000050   Code   RO         5575    i.RTC_EnterInitMode  stm32f4xx_rtc.o
    0x0800a9e4   0x00000014   Code   RO         5576    i.RTC_ExitInitMode  stm32f4xx_rtc.o
    0x0800a9f8   0x0000004c   Code   RO         5579    i.RTC_GetDate       stm32f4xx_rtc.o
    0x0800aa44   0x00000028   Code   RO         5580    i.RTC_GetFlagStatus  stm32f4xx_rtc.o
    0x0800aa6c   0x00000050   Code   RO         5584    i.RTC_GetTime       stm32f4xx_rtc.o
    0x0800aabc   0x00000064   Code   RO         5589    i.RTC_Init          stm32f4xx_rtc.o
    0x0800ab20   0x000000c8   Code   RO         5595    i.RTC_SetDate       stm32f4xx_rtc.o
    0x0800abe8   0x000000d0   Code   RO         5596    i.RTC_SetTime       stm32f4xx_rtc.o
    0x0800acb8   0x00000024   Code   RO         1222    i.RTC_Set_Date      rtc.o
    0x0800acdc   0x00000024   Code   RO         1223    i.RTC_Set_Time      rtc.o
    0x0800ad00   0x0000001e   Code   RO         1225    i.RTC_WKUP_IRQHandler  rtc.o
    0x0800ad1e   0x00000002   PAD
    0x0800ad20   0x00000060   Code   RO         5612    i.RTC_WaitForSynchro  stm32f4xx_rtc.o
    0x0800ad80   0x00000080   Code   RO         1094    i.Read_URF          urf02.o
    0x0800ae00   0x00000002   Code   RO          310    i.SVC_Handler       stm32f4xx_it.o
    0x0800ae02   0x00000002   PAD
    0x0800ae04   0x00000040   Code   RO         4567    i.SYSCFG_EXTILineConfig  stm32f4xx_syscfg.o
    0x0800ae44   0x00000084   Code   RO         1199    i.ScramButton_init  stop.o
    0x0800aec8   0x000000ec   Code   RO          375    i.SetSysClock       system_stm32f4xx.o
    0x0800afb4   0x00000068   Code   RO          659    i.Set_HS485HB_Rotation  hs485hb.o
    0x0800b01c   0x0000014c   Code   RO          512    i.Set_Pwm           control.o
    0x0800b168   0x00000028   Code   RO         3383    i.SysTick_CLKSourceConfig  misc.o
    0x0800b190   0x00000002   Code   RO          311    i.SysTick_Handler   stm32f4xx_it.o
    0x0800b192   0x00000002   PAD
    0x0800b194   0x00000068   Code   RO          377    i.SystemInit        system_stm32f4xx.o
    0x0800b1fc   0x0000003a   Code   RO         4620    i.TI1_Config        stm32f4xx_tim.o
    0x0800b236   0x00000050   Code   RO         4621    i.TI2_Config        stm32f4xx_tim.o
    0x0800b286   0x00000048   Code   RO         4622    i.TI3_Config        stm32f4xx_tim.o
    0x0800b2ce   0x00000050   Code   RO         4623    i.TI4_Config        stm32f4xx_tim.o
    0x0800b31e   0x00000002   PAD
    0x0800b320   0x00000014   Code   RO         1095    i.TIM12_IRQ_Config  urf02.o
    0x0800b334   0x00000054   Code   RO         1096    i.TIM12_Init        urf02.o
    0x0800b388   0x00000022   Code   RO         1097    i.TIM12_NVIC_Config  urf02.o
    0x0800b3aa   0x00000002   PAD
    0x0800b3ac   0x00000014   Code   RO         1098    i.TIM13_IRQ_Config  urf02.o
    0x0800b3c0   0x00000054   Code   RO         1099    i.TIM13_Init        urf02.o
    0x0800b414   0x00000022   Code   RO         1100    i.TIM13_NVIC_Config  urf02.o
    0x0800b436   0x00000002   PAD
    0x0800b438   0x00000014   Code   RO         1047    i.TIM1_IRQ_Config   timer.o
    0x0800b44c   0x0000004c   Code   RO         1048    i.TIM1_Init         timer.o
    0x0800b498   0x00000020   Code   RO         1049    i.TIM1_NVIC_Config  timer.o
    0x0800b4b8   0x00000850   Code   RO         1050    i.TIM1_UP_TIM10_IRQHandler  timer.o
    0x0800bd08   0x00000048   Code   RO          543    i.TIM2_IRQHandler   encoder.o
    0x0800bd50   0x0000000e   Code   RO          544    i.TIM2_IRQ_Config   encoder.o
    0x0800bd5e   0x00000002   PAD
    0x0800bd60   0x000000f4   Code   RO          545    i.TIM2_Init         encoder.o
    0x0800be54   0x00000020   Code   RO          546    i.TIM2_NVIC_Config  encoder.o
    0x0800be74   0x00000048   Code   RO          547    i.TIM4_IRQHandler   encoder.o
    0x0800bebc   0x00000014   Code   RO          548    i.TIM4_IRQ_Config   encoder.o
    0x0800bed0   0x000000c0   Code   RO          549    i.TIM4_Init         encoder.o
    0x0800bf90   0x00000020   Code   RO          550    i.TIM4_NVIC_Config  encoder.o
    0x0800bfb0   0x00000048   Code   RO          551    i.TIM5_IRQHandler   encoder.o
    0x0800bff8   0x00000024   Code   RO         1278    i.TIM6_DAC_IRQHandler  tim_6_7.o
    0x0800c01c   0x00000024   Code   RO         1101    i.TIM8_BRK_TIM12_IRQHandler  urf02.o
    0x0800c040   0x00000014   Code   RO          555    i.TIM8_IRQ_Config   encoder.o
    0x0800c054   0x000000c8   Code   RO          556    i.TIM8_Init         encoder.o
    0x0800c11c   0x00000020   Code   RO          557    i.TIM8_NVIC_Config  encoder.o
    0x0800c13c   0x00000068   Code   RO          558    i.TIM8_UP_TIM13_IRQHandler  encoder.o
    0x0800c1a4   0x000000b0   Code   RO          660    i.TIM9_PWM_Init     hs485hb.o
    0x0800c254   0x000000d0   Code   RO         1279    i.TIM_6_7_INIT      tim_6_7.o
    0x0800c324   0x00000018   Code   RO         4624    i.TIM_ARRPreloadConfig  stm32f4xx_tim.o
    0x0800c33c   0x00000006   Code   RO         4630    i.TIM_ClearFlag     stm32f4xx_tim.o
    0x0800c342   0x00000006   Code   RO         4631    i.TIM_ClearITPendingBit  stm32f4xx_tim.o
    0x0800c348   0x00000018   Code   RO         4636    i.TIM_Cmd           stm32f4xx_tim.o
    0x0800c360   0x00000042   Code   RO         4645    i.TIM_EncoderInterfaceConfig  stm32f4xx_tim.o
    0x0800c3a2   0x00000006   Code   RO         4655    i.TIM_GetCounter    stm32f4xx_tim.o
    0x0800c3a8   0x00000022   Code   RO         4657    i.TIM_GetITStatus   stm32f4xx_tim.o
    0x0800c3ca   0x0000006e   Code   RO         4659    i.TIM_ICInit        stm32f4xx_tim.o
    0x0800c438   0x00000012   Code   RO         4661    i.TIM_ITConfig      stm32f4xx_tim.o
    0x0800c44a   0x00000002   PAD
    0x0800c44c   0x0000007c   Code   RO         4665    i.TIM_OC1Init       stm32f4xx_tim.o
    0x0800c4c8   0x00000012   Code   RO         4668    i.TIM_OC1PreloadConfig  stm32f4xx_tim.o
    0x0800c4da   0x00000002   PAD
    0x0800c4dc   0x000000a4   Code   RO         4670    i.TIM_OC2Init       stm32f4xx_tim.o
    0x0800c580   0x0000001a   Code   RO         4673    i.TIM_OC2PreloadConfig  stm32f4xx_tim.o
    0x0800c59a   0x00000002   PAD
    0x0800c59c   0x000000a0   Code   RO         4675    i.TIM_OC3Init       stm32f4xx_tim.o
    0x0800c63c   0x00000012   Code   RO         4678    i.TIM_OC3PreloadConfig  stm32f4xx_tim.o
    0x0800c64e   0x00000002   PAD
    0x0800c650   0x00000078   Code   RO         4680    i.TIM_OC4Init       stm32f4xx_tim.o
    0x0800c6c8   0x0000001a   Code   RO         4682    i.TIM_OC4PreloadConfig  stm32f4xx_tim.o
    0x0800c6e2   0x00000004   Code   RO         4702    i.TIM_SetCounter    stm32f4xx_tim.o
    0x0800c6e6   0x00000012   Code   RO         4703    i.TIM_SetIC1Prescaler  stm32f4xx_tim.o
    0x0800c6f8   0x0000001a   Code   RO         4704    i.TIM_SetIC2Prescaler  stm32f4xx_tim.o
    0x0800c712   0x00000012   Code   RO         4705    i.TIM_SetIC3Prescaler  stm32f4xx_tim.o
    0x0800c724   0x0000001a   Code   RO         4706    i.TIM_SetIC4Prescaler  stm32f4xx_tim.o
    0x0800c73e   0x00000002   PAD
    0x0800c740   0x00000084   Code   RO         4708    i.TIM_TimeBaseInit  stm32f4xx_tim.o
    0x0800c7c4   0x000000d4   Code   RO         1102    i.URF_Init          urf02.o
    0x0800c898   0x0000009c   Code   RO         6043    i.USART1_IRQHandler  usart.o
    0x0800c934   0x00000012   Code   RO         5182    i.USART_ClearFlag   stm32f4xx_usart.o
    0x0800c946   0x0000001e   Code   RO         5183    i.USART_ClearITPendingBit  stm32f4xx_usart.o
    0x0800c964   0x00000018   Code   RO         5186    i.USART_Cmd         stm32f4xx_usart.o
    0x0800c97c   0x00000054   Code   RO         5190    i.USART_GetITStatus  stm32f4xx_usart.o
    0x0800c9d0   0x0000004a   Code   RO         5192    i.USART_ITConfig    stm32f4xx_usart.o
    0x0800ca1a   0x00000002   PAD
    0x0800ca1c   0x000000d4   Code   RO         5193    i.USART_Init        stm32f4xx_usart.o
    0x0800caf0   0x0000000a   Code   RO         5200    i.USART_ReceiveData  stm32f4xx_usart.o
    0x0800cafa   0x00000004   Code   RO          312    i.UsageFault_Handler  stm32f4xx_it.o
    0x0800cafe   0x00000002   PAD
    0x0800cb00   0x0000000c   Code   RO         5370    i.WWDG_ClearFlag    stm32f4xx_wwdg.o
    0x0800cb0c   0x0000000e   Code   RO         1173    i.WWDG_IRQHandler   wwdg.o
    0x0800cb1a   0x00000002   PAD
    0x0800cb1c   0x00000010   Code   RO         5375    i.WWDG_SetCounter   stm32f4xx_wwdg.o
    0x0800cb2c   0x000000ca   Code   RO         1965    i._MLPrintLog       log_stm32.o
    0x0800cbf6   0x00000030   Code   RO         6828    i.__ARM_fpclassify  m_wm.l(fpclassify.o)
    0x0800cc26   0x00000026   Code   RO         6830    i.__ARM_fpclassifyf  m_wm.l(fpclassifyf.o)
    0x0800cc4c   0x00000118   Code   RO         6526    i.__hardfp_acosf    m_wm.l(acosf.o)
    0x0800cd64   0x00000250   Code   RO         6590    i.__hardfp_atan2f   m_wm.l(atan2f.o)
    0x0800cfb4   0x00000004   PAD
    0x0800cfb8   0x00000038   Code   RO         6602    i.__hardfp_atof     m_wm.l(atof.o)
    0x0800cff0   0x000000c8   Code   RO         6614    i.__hardfp_cos      m_wm.l(cos.o)
    0x0800d0b8   0x00000150   Code   RO         6626    i.__hardfp_cosf     m_wm.l(cosf.o)
    0x0800d208   0x00000014   Code   RO         6638    i.__hardfp_fabs     m_wm.l(fabs.o)
    0x0800d21c   0x00000004   PAD
    0x0800d220   0x000000d0   Code   RO         7088    i.__hardfp_ldexp    m_wm.l(ldexp.o)
    0x0800d2f0   0x000003c4   Code   RO         6650    i.__hardfp_log      m_wm.l(log.o)
    0x0800d6b4   0x00000190   Code   RO         6690    i.__hardfp_sinf     m_wm.l(sinf.o)
    0x0800d844   0x0000007a   Code   RO         6702    i.__hardfp_sqrt     m_wm.l(sqrt.o)
    0x0800d8be   0x0000003a   Code   RO         6714    i.__hardfp_sqrtf    m_wm.l(sqrtf.o)
    0x0800d8f8   0x00000438   Code   RO         6849    i.__ieee754_rem_pio2  m_wm.l(rred.o)
    0x0800dd30   0x00000170   Code   RO         6811    i.__kernel_cos      m_wm.l(cos_i.o)
    0x0800dea0   0x000000f8   Code   RO         6846    i.__kernel_poly     m_wm.l(poly.o)
    0x0800df98   0x00000130   Code   RO         6857    i.__kernel_sin      m_wm.l(sin_i.o)
    0x0800e0c8   0x00000030   Code   RO         6814    i.__mathlib_dbl_divzero  m_wm.l(dunder.o)
    0x0800e0f8   0x00000014   Code   RO         6815    i.__mathlib_dbl_infnan  m_wm.l(dunder.o)
    0x0800e10c   0x00000004   PAD
    0x0800e110   0x00000020   Code   RO         6817    i.__mathlib_dbl_invalid  m_wm.l(dunder.o)
    0x0800e130   0x00000020   Code   RO         6818    i.__mathlib_dbl_overflow  m_wm.l(dunder.o)
    0x0800e150   0x00000020   Code   RO         6820    i.__mathlib_dbl_underflow  m_wm.l(dunder.o)
    0x0800e170   0x00000006   Code   RO         6833    i.__mathlib_flt_infnan  m_wm.l(funder.o)
    0x0800e176   0x00000006   Code   RO         6834    i.__mathlib_flt_infnan2  m_wm.l(funder.o)
    0x0800e17c   0x00000010   Code   RO         6835    i.__mathlib_flt_invalid  m_wm.l(funder.o)
    0x0800e18c   0x00000010   Code   RO         6838    i.__mathlib_flt_underflow  m_wm.l(funder.o)
    0x0800e19c   0x00000004   PAD
    0x0800e1a0   0x000000b8   Code   RO         7039    i.__mathlib_narrow  m_wm.l(narrow.o)
    0x0800e258   0x00000154   Code   RO         6854    i.__mathlib_rredf2  m_wm.l(rredf.o)
    0x0800e3ac   0x00000034   Code   RO         3029    i.__print_result_location  mpl.o
    0x0800e3e0   0x00000014   Code   RO         7090    i.__support_ldexp   m_wm.l(ldexp.o)
    0x0800e3f4   0x0000000e   Code   RO         6431    i._is_digit         c_w.l(__printf_wp.o)
    0x0800e402   0x00000004   Code   RO         6044    i._sys_exit         usart.o
    0x0800e406   0x00000002   PAD
    0x0800e408   0x00000614   Code   RO         1308    i.accel_6500_self_test  inv_mpu.o
    0x0800ea1c   0x0000014c   Code   RO         1309    i.compass_self_test  inv_mpu.o
    0x0800eb68   0x00000064   Code   RO         1775    i.decode_gesture    inv_mpu_dmp_motion_driver.o
    0x0800ebcc   0x00000044   Code   RO         6116    i.delay_ms          delay.o
    0x0800ec10   0x0000003e   Code   RO         6117    i.delay_us          delay.o
    0x0800ec4e   0x0000003c   Code   RO         1776    i.dmp_enable_6x_lp_quat  inv_mpu_dmp_motion_driver.o
    0x0800ec8a   0x00000002   PAD
    0x0800ec8c   0x0000021c   Code   RO         1777    i.dmp_enable_feature  inv_mpu_dmp_motion_driver.o
    0x0800eea8   0x00000058   Code   RO         1778    i.dmp_enable_gyro_cal  inv_mpu_dmp_motion_driver.o
    0x0800ef00   0x0000003c   Code   RO         1779    i.dmp_enable_lp_quat  inv_mpu_dmp_motion_driver.o
    0x0800ef3c   0x00000018   Code   RO         1784    i.dmp_load_motion_driver_firmware  inv_mpu_dmp_motion_driver.o
    0x0800ef54   0x000001cc   Code   RO         1785    i.dmp_read_fifo     inv_mpu_dmp_motion_driver.o
    0x0800f120   0x00000130   Code   RO         1788    i.dmp_set_accel_bias  inv_mpu_dmp_motion_driver.o
    0x0800f250   0x00000070   Code   RO         1789    i.dmp_set_fifo_rate  inv_mpu_dmp_motion_driver.o
    0x0800f2c0   0x00000130   Code   RO         1790    i.dmp_set_gyro_bias  inv_mpu_dmp_motion_driver.o
    0x0800f3f0   0x00000138   Code   RO         1792    i.dmp_set_orientation  inv_mpu_dmp_motion_driver.o
    0x0800f528   0x00000038   Code   RO         1795    i.dmp_set_shake_reject_thresh  inv_mpu_dmp_motion_driver.o
    0x0800f560   0x00000026   Code   RO         1796    i.dmp_set_shake_reject_time  inv_mpu_dmp_motion_driver.o
    0x0800f586   0x00000026   Code   RO         1797    i.dmp_set_shake_reject_timeout  inv_mpu_dmp_motion_driver.o
    0x0800f5ac   0x00000046   Code   RO         1798    i.dmp_set_tap_axes  inv_mpu_dmp_motion_driver.o
    0x0800f5f2   0x00000026   Code   RO         1799    i.dmp_set_tap_count  inv_mpu_dmp_motion_driver.o
    0x0800f618   0x000001c0   Code   RO         1800    i.dmp_set_tap_thresh  inv_mpu_dmp_motion_driver.o
    0x0800f7d8   0x00000026   Code   RO         1801    i.dmp_set_tap_time  inv_mpu_dmp_motion_driver.o
    0x0800f7fe   0x00000026   Code   RO         1802    i.dmp_set_tap_time_multi  inv_mpu_dmp_motion_driver.o
    0x0800f824   0x00000018   Code   RO         6640    i.fabs              m_wm.l(fabs.o)
    0x0800f83c   0x0000001c   Code   RO         6045    i.fputc             usart.o
    0x0800f858   0x0000008c   Code   RO         7069    i.frexp             m_wm.l(frexp.o)
    0x0800f8e4   0x00000670   Code   RO         1310    i.get_st_6500_biases  inv_mpu.o
    0x0800ff54   0x000005bc   Code   RO         1312    i.gyro_6500_self_test  inv_mpu.o
    0x08010510   0x0000006a   Code   RO         2096    i.inv_apply_calibration  data_builder.o
    0x0801057a   0x00000002   PAD
    0x0801057c   0x0000008c   Code   RO         2097    i.inv_build_accel   data_builder.o
    0x08010608   0x000000b0   Code   RO         2098    i.inv_build_compass  data_builder.o
    0x080106b8   0x00000038   Code   RO         2099    i.inv_build_gyro    data_builder.o
    0x080106f0   0x0000002c   Code   RO         2101    i.inv_build_temp    data_builder.o
    0x0801071c   0x000000b0   Code   RO         2672    i.inv_compass_angle  ml_math_func.o
    0x080107cc   0x00000072   Code   RO         2674    i.inv_convert_to_body_with_scale  ml_math_func.o
    0x0801083e   0x00000002   PAD
    0x08010840   0x00000050   Code   RO         2103    i.inv_db_load_func  data_builder.o
    0x08010890   0x00000018   Code   RO         2104    i.inv_db_save_func  data_builder.o
    0x080108a8   0x00000010   Code   RO         2105    i.inv_disable_compass_soft_iron_matrix  data_builder.o
    0x080108b8   0x0000001c   Code   RO         2005    i.inv_enable_eMPL_outputs  empl_outputs.o
    0x080108d4   0x00000020   Code   RO         3067    i.inv_enable_results_holder  results_holder.o
    0x080108f4   0x0000002c   Code   RO         3302    i.inv_execute_mpl_start_notification  start_manager.o
    0x08010920   0x000000a0   Code   RO         2107    i.inv_execute_on_data  data_builder.o
    0x080109c0   0x000000f0   Code   RO         2006    i.inv_generate_eMPL_outputs  empl_outputs.o
    0x08010ab0   0x00000010   Code   RO         3068    i.inv_generate_results  results_holder.o
    0x08010ac0   0x00000018   Code   RO         3069    i.inv_get_6axis_quaternion  results_holder.o
    0x08010ad8   0x0000000c   Code   RO         3070    i.inv_get_acc_state  results_holder.o
    0x08010ae4   0x0000000c   Code   RO         2108    i.inv_get_accel_accuracy  data_builder.o
    0x08010af0   0x00000010   Code   RO         2110    i.inv_get_accel_on  data_builder.o
    0x08010b00   0x0000002c   Code   RO         2114    i.inv_get_accel_set  data_builder.o
    0x08010b2c   0x00000018   Code   RO         2115    i.inv_get_compass_bias  data_builder.o
    0x08010b44   0x00000018   Code   RO         3074    i.inv_get_compass_correction  results_holder.o
    0x08010b5c   0x00000010   Code   RO         2117    i.inv_get_compass_on  data_builder.o
    0x08010b6c   0x0000001c   Code   RO         2124    i.inv_get_compass_soft_iron_output_data  data_builder.o
    0x08010b88   0x0000000c   Code   RO         3075    i.inv_get_compass_state  results_holder.o
    0x08010b94   0x00000060   Code   RO         3076    i.inv_get_gravity   results_holder.o
    0x08010bf4   0x00000010   Code   RO         2125    i.inv_get_gyro      data_builder.o
    0x08010c04   0x0000000c   Code   RO         2126    i.inv_get_gyro_accuracy  data_builder.o
    0x08010c10   0x00000024   Code   RO         2127    i.inv_get_gyro_bias  data_builder.o
    0x08010c34   0x00000020   Code   RO         2128    i.inv_get_gyro_bias_tc_set  data_builder.o
    0x08010c54   0x00000010   Code   RO         2129    i.inv_get_gyro_on   data_builder.o
    0x08010c64   0x0000001c   Code   RO         2678    i.inv_get_gyro_sum_of_sqr  ml_math_func.o
    0x08010c80   0x0000000c   Code   RO         3079    i.inv_get_large_mag_field  results_holder.o
    0x08010c8c   0x00000068   Code   RO         2135    i.inv_get_last_timestamp  data_builder.o
    0x08010cf4   0x0000003c   Code   RO         3080    i.inv_get_linear_accel  results_holder.o
    0x08010d30   0x00000044   Code   RO         3081    i.inv_get_linear_accel_float  results_holder.o
    0x08010d74   0x00000010   Code   RO         3082    i.inv_get_local_field  results_holder.o
    0x08010d84   0x0000001c   Code   RO         2136    i.inv_get_mag_accuracy  data_builder.o
    0x08010da0   0x00000014   Code   RO         3084    i.inv_get_motion_state  results_holder.o
    0x08010db4   0x0000003c   Code   RO         3085    i.inv_get_quaternion  results_holder.o
    0x08010df0   0x00000044   Code   RO         3087    i.inv_get_quaternion_set  results_holder.o
    0x08010e34   0x00000268   Code   RO         2009    i.inv_get_sensor_type_euler  empl_outputs.o
    0x0801109c   0x00000070   Code   RO         2548    i.inv_get_sensor_type_gravity  hal_outputs.o
    0x0801110c   0x0000000c   Code   RO         3089    i.inv_got_compass_bias  results_holder.o
    0x08011118   0x0000003c   Code   RO         2139    i.inv_init_data_builder  data_builder.o
    0x08011154   0x00000014   Code   RO         2014    i.inv_init_eMPL_outputs  empl_outputs.o
    0x08011168   0x00000094   Code   RO         3031    i.inv_init_mpl      mpl.o
    0x080111fc   0x0000003c   Code   RO         3090    i.inv_init_results_holder  results_holder.o
    0x08011238   0x00000014   Code   RO         3303    i.inv_init_start_manager  start_manager.o
    0x0801124c   0x00000018   Code   RO         3336    i.inv_init_storage_manager  storage_manager.o
    0x08011264   0x00000028   Code   RO         2687    i.inv_orientation_matrix_to_scalar  ml_math_func.o
    0x0801128c   0x00000012   Code   RO         2688    i.inv_q29_mult      ml_math_func.o
    0x0801129e   0x00000012   Code   RO         2690    i.inv_q30_mult      ml_math_func.o
    0x080112b0   0x00000018   Code   RO         2692    i.inv_q30_to_float  ml_math_func.o
    0x080112c8   0x00000024   Code   RO         2693    i.inv_q_add         ml_math_func.o
    0x080112ec   0x00000042   Code   RO         2694    i.inv_q_addf        ml_math_func.o
    0x0801132e   0x00000018   Code   RO         2695    i.inv_q_invert      ml_math_func.o
    0x08011346   0x0000002e   Code   RO         2696    i.inv_q_invertf     ml_math_func.o
    0x08011374   0x000000b2   Code   RO         2697    i.inv_q_mult        ml_math_func.o
    0x08011426   0x000000d2   Code   RO         2698    i.inv_q_multf       ml_math_func.o
    0x080114f8   0x000000a8   Code   RO         2699    i.inv_q_norm4       ml_math_func.o
    0x080115a0   0x00000134   Code   RO         2701    i.inv_q_normalizef  ml_math_func.o
    0x080116d4   0x00000042   Code   RO         2702    i.inv_q_rotate      ml_math_func.o
    0x08011716   0x000000da   Code   RO         2704    i.inv_quaternion_to_rotation  ml_math_func.o
    0x080117f0   0x000000f8   Code   RO         2142    i.inv_register_data_cb  data_builder.o
    0x080118e8   0x00000090   Code   RO         3338    i.inv_register_load_store  storage_manager.o
    0x08011978   0x0000002c   Code   RO         3304    i.inv_register_mpl_start_notification  start_manager.o
    0x080119a4   0x00000058   Code   RO         2143    i.inv_reset_compass_soft_iron_matrix  data_builder.o
    0x080119fc   0x0000004e   Code   RO         2706    i.inv_row_2_scale   ml_math_func.o
    0x08011a4a   0x00000002   PAD
    0x08011a4c   0x00000024   Code   RO         2144    i.inv_set_accel_accuracy  data_builder.o
    0x08011a70   0x0000000c   Code   RO         3093    i.inv_set_accel_bias_found  results_holder.o
    0x08011a7c   0x00000060   Code   RO         2147    i.inv_set_accel_bias_mask  data_builder.o
    0x08011adc   0x00000018   Code   RO         2148    i.inv_set_accel_orientation_and_scale  data_builder.o
    0x08011af4   0x0000002c   Code   RO         2149    i.inv_set_accel_sample_rate  data_builder.o
    0x08011b20   0x0000004c   Code   RO         2151    i.inv_set_compass_bias  data_builder.o
    0x08011b6c   0x00000014   Code   RO         3094    i.inv_set_compass_bias_error  results_holder.o
    0x08011b80   0x0000000c   Code   RO         3095    i.inv_set_compass_bias_found  results_holder.o
    0x08011b8c   0x00000024   Code   RO         3096    i.inv_set_compass_correction  results_holder.o
    0x08011bb0   0x0000000c   Code   RO         2152    i.inv_set_compass_disturbance  data_builder.o
    0x08011bbc   0x00000018   Code   RO         2153    i.inv_set_compass_orientation_and_scale  data_builder.o
    0x08011bd4   0x00000030   Code   RO         2154    i.inv_set_compass_sample_rate  data_builder.o
    0x08011c04   0x00000054   Code   RO         2155    i.inv_set_compass_soft_iron_input_data  data_builder.o
    0x08011c58   0x0000000c   Code   RO         3097    i.inv_set_compass_state  results_holder.o
    0x08011c64   0x00000120   Code   RO         2158    i.inv_set_contiguous  data_builder.o
    0x08011d84   0x00000074   Code   RO         2160    i.inv_set_gyro_bias  data_builder.o
    0x08011df8   0x00000018   Code   RO         2161    i.inv_set_gyro_orientation_and_scale  data_builder.o
    0x08011e10   0x00000028   Code   RO         2162    i.inv_set_gyro_sample_rate  data_builder.o
    0x08011e38   0x0000001c   Code   RO         2647    i.inv_set_message   message_layer.o
    0x08011e54   0x00000050   Code   RO         3102    i.inv_set_motion_state  results_holder.o
    0x08011ea4   0x00000014   Code   RO         2015    i.inv_start_eMPL_outputs  empl_outputs.o
    0x08011eb8   0x00000050   Code   RO         3032    i.inv_start_mpl     mpl.o
    0x08011f08   0x00000018   Code   RO         3103    i.inv_start_results_holder  results_holder.o
    0x08011f20   0x00000024   Code   RO         3104    i.inv_store_gaming_quaternion  results_holder.o
    0x08011f44   0x00000064   Code   RO         2165    i.inv_unregister_data_cb  data_builder.o
    0x08011fa8   0x00000060   Code   RO         3305    i.inv_unregister_mpl_start_notification  start_manager.o
    0x08012008   0x000001a8   Code   RO          188    i.main              main.o
    0x080121b0   0x00000002   Code   RO         1314    i.mget_ms           inv_mpu.o
    0x080121b2   0x0000003e   Code   RO         2711    i.mlMatrixVectorMult  ml_math_func.o
    0x080121f0   0x00000070   Code   RO         1315    i.mpu_configure_fifo  inv_mpu.o
    0x08012260   0x0000016c   Code   RO         1317    i.mpu_dmp_init      inv_mpu.o
    0x080123cc   0x0000004c   Code   RO         1318    i.mpu_get_accel_fsr  inv_mpu.o
    0x08012418   0x00000054   Code   RO         1320    i.mpu_get_accel_sens  inv_mpu.o
    0x0801246c   0x00000014   Code   RO         1321    i.mpu_get_compass_fsr  inv_mpu.o
    0x08012480   0x000000d0   Code   RO         1322    i.mpu_get_compass_reg  inv_mpu.o
    0x08012550   0x00000010   Code   RO         1325    i.mpu_get_fifo_config  inv_mpu.o
    0x08012560   0x00000044   Code   RO         1326    i.mpu_get_gyro_fsr  inv_mpu.o
    0x080125a4   0x00000060   Code   RO         1328    i.mpu_get_gyro_sens  inv_mpu.o
    0x08012604   0x00000050   Code   RO         1330    i.mpu_get_lpf       inv_mpu.o
    0x08012654   0x00000020   Code   RO         1332    i.mpu_get_sample_rate  inv_mpu.o
    0x08012674   0x0000009c   Code   RO         1333    i.mpu_get_temperature  inv_mpu.o
    0x08012710   0x00000128   Code   RO         1334    i.mpu_init          inv_mpu.o
    0x08012838   0x000000b8   Code   RO         1335    i.mpu_load_firmware  inv_mpu.o
    0x080128f0   0x0000011c   Code   RO         1336    i.mpu_lp_accel_mode  inv_mpu.o
    0x08012a0c   0x000000ec   Code   RO         1338    i.mpu_mpl_get_data  inv_mpu.o
    0x08012af8   0x000000c0   Code   RO         1343    i.mpu_read_fifo_stream  inv_mpu.o
    0x08012bb8   0x00000080   Code   RO         1344    i.mpu_read_mem      inv_mpu.o
    0x08012c38   0x000001c8   Code   RO         1347    i.mpu_reset_fifo    inv_mpu.o
    0x08012e00   0x0000029c   Code   RO         1348    i.mpu_run_6500_self_test  inv_mpu.o
    0x0801309c   0x00000084   Code   RO         1352    i.mpu_set_accel_fsr  inv_mpu.o
    0x08013120   0x0000014c   Code   RO         1353    i.mpu_set_bypass    inv_mpu.o
    0x0801326c   0x00000060   Code   RO         1354    i.mpu_set_compass_sample_rate  inv_mpu.o
    0x080132cc   0x00000090   Code   RO         1355    i.mpu_set_dmp_state  inv_mpu.o
    0x0801335c   0x00000088   Code   RO         1357    i.mpu_set_gyro_fsr  inv_mpu.o
    0x080133e4   0x0000006c   Code   RO         1358    i.mpu_set_int_latched  inv_mpu.o
    0x08013450   0x00000084   Code   RO         1360    i.mpu_set_lpf       inv_mpu.o
    0x080134d4   0x000000b4   Code   RO         1361    i.mpu_set_sample_rate  inv_mpu.o
    0x08013588   0x00000168   Code   RO         1362    i.mpu_set_sensors   inv_mpu.o
    0x080136f0   0x00000080   Code   RO         1363    i.mpu_write_mem     inv_mpu.o
    0x08013770   0x0000000e   Code   RO          513    i.myabs             control.o
    0x0801377e   0x00000002   PAD
    0x08013780   0x000002ec   Code   RO          189    i.oled_ui           main.o
    0x08013a6c   0x0000009c   Code   RO         1364    i.run_self_test     inv_mpu.o
    0x08013b08   0x00000090   Code   RO         1365    i.set_int_enable    inv_mpu.o
    0x08013b98   0x00000006   Code   RO         2166    i.set_sensor_orientation_and_scale  data_builder.o
    0x08013b9e   0x00000002   PAD
    0x08013ba0   0x00000254   Code   RO         1366    i.setup_compass     inv_mpu.o
    0x08013df4   0x0000003e   Code   RO         6716    i.sqrtf             m_wm.l(sqrtf.o)
    0x08013e32   0x00000002   PAD
    0x08013e34   0x000000b4   Code   RO         6046    i.uart_init         usart.o
    0x08013ee8   0x0000002c   Code   RO         6941    locale$$code        c_w.l(lc_numeric_c.o)
    0x08013f14   0x0000002c   Code   RO         6958    locale$$code        c_w.l(lc_ctype_c.o)
    0x08013f40   0x00000018   Code   RO         6788    x$fpl$basic         fz_wm.l(basic.o)
    0x08013f58   0x00000062   Code   RO         6468    x$fpl$d2f           fz_wm.l(d2f.o)
    0x08013fba   0x00000002   PAD
    0x08013fbc   0x00000150   Code   RO         6470    x$fpl$dadd          fz_wm.l(daddsub_clz.o)
    0x0801410c   0x00000010   Code   RO         6943    x$fpl$dcheck1       fz_wm.l(dcheck1.o)
    0x0801411c   0x00000018   Code   RO         6790    x$fpl$dcmpinf       fz_wm.l(dcmpi.o)
    0x08014134   0x000002b0   Code   RO         6477    x$fpl$ddiv          fz_wm.l(ddiv.o)
    0x080143e4   0x00000078   Code   RO         6480    x$fpl$deqf          fz_wm.l(deqf.o)
    0x0801445c   0x0000005e   Code   RO         6482    x$fpl$dfix          fz_wm.l(dfix.o)
    0x080144ba   0x00000002   PAD
    0x080144bc   0x0000005a   Code   RO         6486    x$fpl$dfixu         fz_wm.l(dfixu.o)
    0x08014516   0x0000002e   Code   RO         6491    x$fpl$dflt          fz_wm.l(dflt_clz.o)
    0x08014544   0x00000026   Code   RO         6490    x$fpl$dfltu         fz_wm.l(dflt_clz.o)
    0x0801456a   0x00000002   PAD
    0x0801456c   0x00000078   Code   RO         6496    x$fpl$dleqf         fz_wm.l(dleqf.o)
    0x080145e4   0x00000154   Code   RO         6498    x$fpl$dmul          fz_wm.l(dmul.o)
    0x08014738   0x0000009c   Code   RO         6792    x$fpl$dnaninf       fz_wm.l(dnaninf.o)
    0x080147d4   0x0000000c   Code   RO         6794    x$fpl$dretinf       fz_wm.l(dretinf.o)
    0x080147e0   0x0000006c   Code   RO         6500    x$fpl$drleqf        fz_wm.l(drleqf.o)
    0x0801484c   0x00000016   Code   RO         6471    x$fpl$drsb          fz_wm.l(daddsub_clz.o)
    0x08014862   0x00000002   PAD
    0x08014864   0x00000198   Code   RO         6796    x$fpl$dsqrt         fz_wm.l(dsqrt_umaal.o)
    0x080149fc   0x000001d4   Code   RO         6472    x$fpl$dsub          fz_wm.l(daddsub_clz.o)
    0x08014bd0   0x00000056   Code   RO         6502    x$fpl$f2d           fz_wm.l(f2d.o)
    0x08014c26   0x00000060   Code   RO         6508    x$fpl$ffltll        fz_wm.l(ffltll_clz.o)
    0x08014c86   0x0000008c   Code   RO         6798    x$fpl$fnaninf       fz_wm.l(fnaninf.o)
    0x08014d12   0x0000000a   Code   RO         7028    x$fpl$fpinit        fz_wm.l(fpinit.o)
    0x08014d1c   0x0000000a   Code   RO         6800    x$fpl$fretinf       fz_wm.l(fretinf.o)
    0x08014d26   0x00000002   PAD
    0x08014d28   0x00000086   Code   RO         6504    x$fpl$llsfromf      fz_wm.l(ffixll.o)
    0x08014dae   0x00000004   Code   RO         6510    x$fpl$printf1       fz_wm.l(printf1.o)
    0x08014db2   0x00000004   Code   RO         6802    x$fpl$printf2       fz_wm.l(printf2.o)
    0x08014db6   0x00000064   Code   RO         7015    x$fpl$retnan        fz_wm.l(retnan.o)
    0x08014e1a   0x0000005c   Code   RO         6808    x$fpl$scalbn        fz_wm.l(scalbn.o)
    0x08014e76   0x00000004   Code   RO         6947    x$fpl$scanf1        fz_wm.l(scanf1.o)
    0x08014e7a   0x00000008   Code   RO         7030    x$fpl$scanf2        fz_wm.l(scanf2.o)
    0x08014e82   0x00000030   Code   RO         7036    x$fpl$trapveneer    fz_wm.l(trapv.o)
    0x08014eb2   0x00000000   Code   RO         6810    x$fpl$usenofp       fz_wm.l(usenofp.o)
    0x08014eb2   0x000017c0   Data   RO          887    .constdata          oled.o
    0x08016672   0x00000002   PAD
    0x08016674   0x00000268   Data   RO         1367    .constdata          inv_mpu.o
    0x080168dc   0x00000bf6   Data   RO         1804    .constdata          inv_mpu_dmp_motion_driver.o
    0x080174d2   0x0000002f   Data   RO         3033    .constdata          mpl.o
    0x08017501   0x00000028   Data   RO         6419    .constdata          c_w.l(_printf_hex_int_ll_ptr.o)
    0x08017529   0x00000011   Data   RO         6439    .constdata          c_w.l(__printf_flags_ss_wp.o)
    0x0801753a   0x00000006   PAD
    0x08017540   0x00000038   Data   RO         6653    .constdata          m_wm.l(log.o)
    0x08017578   0x00000008   Data   RO         6755    .constdata          c_w.l(_printf_wctomb.o)
    0x08017580   0x00000030   Data   RO         6812    .constdata          m_wm.l(cos_i.o)
    0x080175b0   0x00000008   Data   RO         6848    .constdata          m_wm.l(qnan.o)
    0x080175b8   0x000000c8   Data   RO         6851    .constdata          m_wm.l(rred.o)
    0x08017680   0x00000020   Data   RO         6855    .constdata          m_wm.l(rredf.o)
    0x080176a0   0x00000028   Data   RO         6858    .constdata          m_wm.l(sin_i.o)
    0x080176c8   0x00000026   Data   RO         6897    .constdata          c_w.l(_printf_fp_hex.o)
    0x080176ee   0x00000002   PAD
    0x080176f0   0x00000094   Data   RO         6910    .constdata          c_w.l(bigflt0.o)
    0x08017784   0x00000009   Data   RO         1368    .conststring        inv_mpu.o
    0x0801778d   0x00000003   PAD
    0x08017790   0x00000044   Data   RO         2168    .conststring        data_builder.o
    0x080177d4   0x00000020   Data   RO         7140    Region$$Table       anon$$obj.o
    0x080177f4   0x00000008   Data   RO         7025    c$$dinf             fz_wm.l(fpconst.o)
    0x080177fc   0x0000001c   Data   RO         6940    locale$$data        c_w.l(lc_numeric_c.o)
    0x08017818   0x00000110   Data   RO         6957    locale$$data        c_w.l(lc_ctype_c.o)


    Execution Region RW_IRAM2 (Base: 0x10000000, Size: 0x00000000, Max: 0x00010000, ABSOLUTE)

    **** No section assigned to this execution region ****


    Execution Region RW_IRAM1 (Base: 0x20000000, Size: 0x00004b18, Max: 0x00020000, ABSOLUTE, COMPRESSED[0x00000590])

    Base Addr    Size         Type   Attr      Idx    E Section Name        Object

    0x20000000   0x0000082c   Data   RW          191    .data               main.o
    0x2000082c   0x00000004   Data   RW          419    .data               adc.o
    0x20000830   0x00000010   Data   RW          559    .data               encoder.o
    0x20000840   0x00001f20   Data   RW          888    .data               oled.o
    0x20002760   0x000000c0   Data   RW         1051    .data               timer.o
    0x20002820   0x0000000c   Data   RW         1103    .data               urf02.o
    0x2000282c   0x0000004e   Data   RW         1369    .data               inv_mpu.o
    0x2000287a   0x00000002   PAD
    0x2000287c   0x00000004   Data   RW         2648    .data               message_layer.o
    0x20002880   0x00000010   Data   RW         4283    .data               stm32f4xx_rcc.o
    0x20002890   0x00000007   Data   RW         6048    .data               usart.o
    0x20002897   0x00000001   PAD
    0x20002898   0x00000010   Data   RW         6142    .data               libmpllib.lib(compass_vec_cal.o)
    0x200028a8   0x000000a2   Zero   RW          190    .bss                main.o
    0x2000294a   0x00000480   Zero   RW          886    .bss                oled.o
    0x20002dca   0x00000002   PAD
    0x20002dcc   0x00000010   Zero   RW         1803    .bss                inv_mpu_dmp_motion_driver.o
    0x20002ddc   0x00000028   Zero   RW         2017    .bss                empl_outputs.o
    0x20002e04   0x000002d8   Zero   RW         2167    .bss                data_builder.o
    0x200030dc   0x000000c4   Zero   RW         2558    .bss                hal_outputs.o
    0x200031a0   0x00000088   Zero   RW         3105    .bss                results_holder.o
    0x20003228   0x00000054   Zero   RW         3306    .bss                start_manager.o
    0x2000327c   0x00000198   Zero   RW         3340    .bss                storage_manager.o
    0x20003414   0x000000c8   Zero   RW         6047    .bss                usart.o
    0x200034dc   0x00000004   PAD
    0x200034e0   0x00000460   Zero   RW         6141    .bss                libmpllib.lib(compass_vec_cal.o)
    0x20003940   0x000002a0   Zero   RW         6231    .bss                libmpllib.lib(fast_no_motion.o)
    0x20003be0   0x00000138   Zero   RW         6264    .bss                libmpllib.lib(fusion_9axis.o)
    0x20003d18   0x000001c4   Zero   RW         6286    .bss                libmpllib.lib(gyro_tc.o)
    0x20003edc   0x000000b8   Zero   RW         6304    .bss                libmpllib.lib(mag_disturb.o)
    0x20003f94   0x0000006c   Zero   RW         6326    .bss                libmpllib.lib(quaternion_supervisor.o)
    0x20004000   0x000004b8   Zero   RW         6344    .bss                libmpllib.lib(accel_auto_cal.o)
    0x200044b8   0x00000060   Zero   RW         6864    .bss                c_w.l(libspace.o)
    0x20004518   0x00000200   Zero   RW         6035    HEAP                startup_stm32f40_41xxx.o
    0x20004718   0x00000400   Zero   RW         6034    STACK               startup_stm32f40_41xxx.o


==============================================================================

Image component sizes


      Code (inc. data)   RO Data    RW Data    ZI Data      Debug   Object Name

       460         66          0          4          0       2475   adc.o
       204         18          0          0          0       1637   beep.o
      3008        440          0          0          0     357055   command.o
       582         36          0          0          0       1969   control.o
      2600        286         68          0        728      26700   data_builder.o
       130          0          0          0          0       1074   delay.o
       924         48          0          0         40       8394   empl_outputs.o
      1106         76          0         16          0       7698   encoder.o
       112          8          0          0        196       2050   hal_outputs.o
       280         32          0          0          0       1303   hs485hb.o
     11406       1554        625         78          0      40560   inv_mpu.o
      3128        138       3062          0         16      21302   inv_mpu_dmp_motion_driver.o
        44          0          0          0          0       1020   iwdg.o
       202         10          0          0          0       4490   log_stm32.o
      1728        288          0       2092        162       5212   main.o
        28          4          0          4          0       1254   message_layer.o
       180         24          0          0          0       2009   misc.o
      1878         24          0          0          0      14217   ml_math_func.o
       280        108         47          0          0       2576   mpl.o
       712          0          0          0          0       6255   mpu9250.o
       688        114          0          0          0       4442   myiic.o
      1166         56       6080       7968       1152       7716   oled.o
       348         12          0          0          0        847   pwm.o
       824        128          0          0        136      15945   results_holder.o
       226          0          0          0          0       2937   rtc.o
       184          8          0          0          0       1172   spi.o
       204         20          0          0         84       3388   start_manager.o
        64         26        392          0       1536        824   startup_stm32f40_41xxx.o
       392         24          0          0          0       5335   stm32f4xx_adc.o
       130          6          0          0          0       2876   stm32f4xx_dma.o
       184         16          0          0          0       2012   stm32f4xx_exti.o
       240          0          0          0          0       3391   stm32f4xx_gpio.o
        26          0          0          0          0       3918   stm32f4xx_it.o
        68         30          0          0          0       2490   stm32f4xx_iwdg.o
        12          6          0          0          0        514   stm32f4xx_pwr.o
       476         62          0         16          0       6743   stm32f4xx_rcc.o
       978         68          0          0          0       8223   stm32f4xx_rtc.o
        64          4          0          0          0        636   stm32f4xx_syscfg.o
      1464         66          0          0          0      17333   stm32f4xx_tim.o
       452          8          0          0          0       5314   stm32f4xx_usart.o
        28         10          0          0          0        975   stm32f4xx_wwdg.o
       132          8          0          0          0        571   stop.o
       168         10          0          0        408       2501   storage_manager.o
       222          0          0          0          0       1067   sys.o
       340         32          0          0          0       1425   system_stm32f4xx.o
       244         18          0          0          0       1225   tim_6_7.o
      2256        356          0        192          0       4782   timer.o
      1028         86          0         12          0       6543   urf02.o
       368         30          0          7        200       4235   usart.o
        14          0          0          0          0        482   wwdg.o

    ----------------------------------------------------------------------
     42038       4364      10311      10392       4664     629112   Object Totals
         0          0         32          0          0          0   (incl. Generated)
        56          0          5          3          6          0   (incl. Padding)

    ----------------------------------------------------------------------

      Code (inc. data)   RO Data    RW Data    ZI Data      Debug   Library Member Name

        24          4          0          0          0         84   __2printf.o
        44          6          0          0          0         84   __2sprintf.o
        90          0          0          0          0          0   __dczerorl2.o
         8          0          0          0          0         68   __main.o
       392          4         17          0          0         92   __printf_flags_ss_wp.o
        14          0          0          0          0         68   __printf_wp.o
         0          0          0          0          0          0   __rtentry.o
        12          0          0          0          0          0   __rtentry2.o
         6          0          0          0          0          0   __rtentry4.o
        52          8          0          0          0          0   __scatter.o
        28          0          0          0          0          0   __scatter_zi.o
        28          0          0          0          0         68   _chval.o
         6          0          0          0          0          0   _printf_a.o
         6          0          0          0          0          0   _printf_c.o
        44          0          0          0          0        108   _printf_char.o
        48          6          0          0          0         96   _printf_char_common.o
        36          4          0          0          0         80   _printf_char_file.o
        40          0          0          0          0         68   _printf_charcount.o
         6          0          0          0          0          0   _printf_d.o
       120         16          0          0          0         92   _printf_dec.o
         6          0          0          0          0          0   _printf_e.o
         6          0          0          0          0          0   _printf_f.o
      1050          0          0          0          0        216   _printf_fp_dec.o
       764         10         38          0          0        100   _printf_fp_hex.o
       128         16          0          0          0         84   _printf_fp_infnan.o
         6          0          0          0          0          0   _printf_g.o
       148          4         40          0          0        160   _printf_hex_int_ll_ptr.o
         6          0          0          0          0          0   _printf_i.o
       178          0          0          0          0         88   _printf_intcommon.o
        10          0          0          0          0          0   _printf_l.o
         6          0          0          0          0          0   _printf_lc.o
        10          0          0          0          0          0   _printf_ll.o
         6          0          0          0          0          0   _printf_lld.o
         6          0          0          0          0          0   _printf_lli.o
         6          0          0          0          0          0   _printf_llo.o
         6          0          0          0          0          0   _printf_llu.o
         6          0          0          0          0          0   _printf_llx.o
       124         16          0          0          0         92   _printf_longlong_dec.o
         6          0          0          0          0          0   _printf_ls.o
         6          0          0          0          0          0   _printf_n.o
         6          0          0          0          0          0   _printf_o.o
       112          8          0          0          0        124   _printf_oct_int_ll.o
         6          0          0          0          0          0   _printf_p.o
        78          0          0          0          0        108   _printf_pad.o
         0          0          0          0          0          0   _printf_percent.o
         4          0          0          0          0          0   _printf_percent_end.o
         6          0          0          0          0          0   _printf_s.o
        82          0          0          0          0         80   _printf_str.o
        36          0          0          0          0         84   _printf_truncate.o
         6          0          0          0          0          0   _printf_u.o
        44          0          0          0          0        108   _printf_wchar.o
       188          6          8          0          0         92   _printf_wctomb.o
         6          0          0          0          0          0   _printf_x.o
        22          0          0          0          0        100   _rserrno.o
        64          0          0          0          0         84   _sgetc.o
        10          0          0          0          0         68   _sputc.o
       158          0          0          0          0         92   _strtoul.o
        64          0          0          0          0         92   _wcrtomb.o
        16          0          0          0          0         68   aeabi_memset.o
        26          0          0          0          0         80   atoi.o
       220          4        148          0          0         96   bigflt0.o
      2074        132          0          0          0        940   btod.o
        12          0          0          0          0         72   exit.o
         8          0          0          0          0         68   ferror.o
         6          0          0          0          0        152   heapauxi.o
        18          0          0          0          0         76   isspace.o
        44         10        272          0          0         76   lc_ctype_c.o
        44         10         28          0          0         76   lc_numeric_c.o
         2          0          0          0          0          0   libinit.o
        34          0          0          0          0          0   libinit2.o
         2          0          0          0          0          0   libshutdown.o
         2          0          0          0          0          0   libshutdown2.o
         8          4          0          0         96         68   libspace.o
        72          0          0          0          0         76   llsdiv.o
        38          0          0          0          0         68   llshl.o
        38          0          0          0          0         68   llsshr.o
       138          0          0          0          0         80   lludiv10.o
       238          0          0          0          0        100   lludivv7m.o
        88          0          0          0          0         76   memcmp.o
        16          4          0          0          0         76   rt_ctype_table.o
         8          4          0          0          0         68   rt_errno_addr_intlibspace.o
         8          4          0          0          0         68   rt_locale_intlibspace.o
        68          0          0          0          0         68   rt_memclr.o
        78          0          0          0          0         80   rt_memclr_w.o
       138          0          0          0          0         68   rt_memcpy_v6.o
       100          0          0          0          0         80   rt_memcpy_w.o
       122          0          0          0          0         80   rt_memmove_w.o
         2          0          0          0          0          0   rtexit.o
        10          0          0          0          0          0   rtexit2.o
      1188         12          0          0          0        148   scanf_fp.o
       792         14          0          0          0        100   scanf_hexfp.o
       308         16          0          0          0        100   scanf_infnan.o
       128          0          0          0          0         68   strcmpv7m.o
        72          0          0          0          0         80   strcpy.o
       160         12          0          0          0        120   strtod.o
       112          0          0          0          0         88   strtol.o
        74          0          0          0          0         80   sys_stackheap_outer.o
         2          0          0          0          0         68   use_no_semi.o
         2          0          0          0          0         68   use_no_semi_2.o
        36          4          0          0          0         76   vsprintf.o
        24          0          0          0          0        164   basic.o
        98          4          0          0          0        140   d2f.o
       826         16          0          0          0        492   daddsub_clz.o
        16          4          0          0          0        116   dcheck1.o
        24          0          0          0          0        116   dcmpi.o
       688        140          0          0          0        256   ddiv.o
       120          4          0          0          0        140   deqf.o
        94          4          0          0          0        140   dfix.o
        90          4          0          0          0        140   dfixu.o
        84          0          0          0          0        232   dflt_clz.o
       120          4          0          0          0        140   dleqf.o
       340         12          0          0          0        152   dmul.o
       156          4          0          0          0        140   dnaninf.o
        12          0          0          0          0        116   dretinf.o
       108          0          0          0          0        128   drleqf.o
       408         56          0          0          0        168   dsqrt_umaal.o
        86          4          0          0          0        132   f2d.o
       134          4          0          0          0        132   ffixll.o
        96          0          0          0          0        132   ffltll_clz.o
       140          4          0          0          0        132   fnaninf.o
         0          0          8          0          0          0   fpconst.o
        10          0          0          0          0        116   fpinit.o
        10          0          0          0          0        116   fretinf.o
         4          0          0          0          0        116   printf1.o
         4          0          0          0          0        116   printf2.o
       100          0          0          0          0        116   retnan.o
        92          0          0          0          0        116   scalbn.o
         4          0          0          0          0        116   scanf1.o
         8          0          0          0          0        132   scanf2.o
        48          0          0          0          0        116   trapv.o
         0          0          0          0          0          0   usenofp.o
      3140        190          0          0       1208       9672   accel_auto_cal.o
      9456        298          0         16       1120      19892   compass_vec_cal.o
      2584         42          0          0        672      13744   fast_no_motion.o
      1712         72          0          0        312       5636   fusion_9axis.o
      1220         32          0          0        452       5735   gyro_tc.o
      1472         48          0          0        184       7614   mag_disturb.o
      2452        130          0          0        108       5637   quaternion_supervisor.o
       280         46          0          0          0        176   acosf.o
       592         90          0          0          0        184   atan2f.o
        56         12          0          0          0        132   atof.o
       200         20          0          0          0        164   cos.o
       368         46         48          0          0        200   cos_i.o
       336         56          0          0          0        136   cosf.o
       164         44          0          0          0        620   dunder.o
        44          0          0          0          0        248   fabs.o
        48          0          0          0          0        124   fpclassify.o
        38          0          0          0          0        116   fpclassifyf.o
       140         22          0          0          0        132   frexp.o
        44         12          0          0          0        464   funder.o
       228          8          0          0          0        308   ldexp.o
       964         92         56          0          0        316   log.o
       184         18          0          0          0        152   narrow.o
       248          0          0          0          0        152   poly.o
         0          0          8          0          0          0   qnan.o
      1080        142        200          0          0        188   rred.o
       340         24         32          0          0        160   rredf.o
       304         24         40          0          0        208   sin_i.o
       400         56          0          0          0        212   sinf.o
       122          0          0          0          0        148   sqrt.o
       120          0          0          0          0        272   sqrtf.o

    ----------------------------------------------------------------------
     43252       2134        951         16       4152      83614   Library Totals
        40          8          8          0          0          0   (incl. Padding)

    ----------------------------------------------------------------------

      Code (inc. data)   RO Data    RW Data    ZI Data      Debug   Library Name

     10932        338        551          0         96       6504   c_w.l
      3944        264          8          0          0       4368   fz_wm.l
     22036        812          0         16       4056      67930   libmpllib.lib
      6300        712        384          0          0       4812   m_wm.l

    ----------------------------------------------------------------------
     43252       2134        951         16       4152      83614   Library Totals

    ----------------------------------------------------------------------

==============================================================================


      Code (inc. data)   RO Data    RW Data    ZI Data      Debug   

     85290       6498      11262      10408       8816     667834   Grand Totals
     85290       6498      11262       1424       8816     667834   ELF Image Totals (compressed)
     85290       6498      11262       1424          0          0   ROM Totals

==============================================================================

    Total RO  Size (Code + RO Data)                96552 (  94.29kB)
    Total RW  Size (RW Data + ZI Data)             19224 (  18.77kB)
    Total ROM Size (Code + RO Data + RW Data)      97976 (  95.68kB)

==============================================================================

